Archive member included to satisfy reference by file (symbol)

.build/obj_gmmk_pro_ansi_mykey/spi_master.a(spi_master.o)
                              .build/obj_gmmk_pro_ansi_mykey/quantum/rgb_matrix/rgb_matrix_drivers.o (spi_init)
c:/qmk_msys/mingw64/bin/../lib/gcc/arm-none-eabi/10.1.0/thumb/v7e-m+fp/hard\libgcc.a(_aeabi_ldivmod.o)
                              .build/obj_gmmk_pro_ansi_mykey/common/chibios/suspend.o (__aeabi_ldivmod)
c:/qmk_msys/mingw64/bin/../lib/gcc/arm-none-eabi/10.1.0/thumb/v7e-m+fp/hard\libgcc.a(_aeabi_uldivmod.o)
                              .build/obj_gmmk_pro_ansi_mykey/common/chibios/suspend.o (__aeabi_uldivmod)
c:/qmk_msys/mingw64/bin/../lib/gcc/arm-none-eabi/10.1.0/thumb/v7e-m+fp/hard\libgcc.a(_udivmoddi4.o)
                              c:/qmk_msys/mingw64/bin/../lib/gcc/arm-none-eabi/10.1.0/thumb/v7e-m+fp/hard\libgcc.a(_aeabi_ldivmod.o) (__udivmoddi4)
c:/qmk_msys/mingw64/bin/../lib/gcc/arm-none-eabi/10.1.0/thumb/v7e-m+fp/hard\libgcc.a(_dvmd_tls.o)
                              c:/qmk_msys/mingw64/bin/../lib/gcc/arm-none-eabi/10.1.0/thumb/v7e-m+fp/hard\libgcc.a(_aeabi_ldivmod.o) (__aeabi_ldiv0)
c:/qmk_msys/mingw64/bin/../lib/gcc/arm-none-eabi/10.1.0/../../../../arm-none-eabi/lib/thumb/v7e-m+fp/hard\libg_nano.a(lib_a-atexit.o)
                              c:/qmk_msys/mingw64/bin/../lib/gcc/arm-none-eabi/10.1.0/../../../../arm-none-eabi/lib/thumb/v7e-m+fp/hard/crt0.o (atexit)
c:/qmk_msys/mingw64/bin/../lib/gcc/arm-none-eabi/10.1.0/../../../../arm-none-eabi/lib/thumb/v7e-m+fp/hard\libg_nano.a(lib_a-ctype_.o)
                              .build/obj_gmmk_pro_ansi_mykey/quantum/send_string.o (_ctype_)
c:/qmk_msys/mingw64/bin/../lib/gcc/arm-none-eabi/10.1.0/../../../../arm-none-eabi/lib/thumb/v7e-m+fp/hard\libg_nano.a(lib_a-errno.o)
                              .build/obj_gmmk_pro_ansi/common/chibios/syscall-fallbacks.o (__errno)
c:/qmk_msys/mingw64/bin/../lib/gcc/arm-none-eabi/10.1.0/../../../../arm-none-eabi/lib/thumb/v7e-m+fp/hard\libg_nano.a(lib_a-exit.o)
                              c:/qmk_msys/mingw64/bin/../lib/gcc/arm-none-eabi/10.1.0/../../../../arm-none-eabi/lib/thumb/v7e-m+fp/hard/crt0.o (exit)
c:/qmk_msys/mingw64/bin/../lib/gcc/arm-none-eabi/10.1.0/../../../../arm-none-eabi/lib/thumb/v7e-m+fp/hard\libg_nano.a(lib_a-fini.o)
                              c:/qmk_msys/mingw64/bin/../lib/gcc/arm-none-eabi/10.1.0/../../../../arm-none-eabi/lib/thumb/v7e-m+fp/hard/crt0.o (__libc_fini_array)
c:/qmk_msys/mingw64/bin/../lib/gcc/arm-none-eabi/10.1.0/../../../../arm-none-eabi/lib/thumb/v7e-m+fp/hard\libg_nano.a(lib_a-impure.o)
                              c:/qmk_msys/mingw64/bin/../lib/gcc/arm-none-eabi/10.1.0/../../../../arm-none-eabi/lib/thumb/v7e-m+fp/hard\libg_nano.a(lib_a-exit.o) (_global_impure_ptr)
c:/qmk_msys/mingw64/bin/../lib/gcc/arm-none-eabi/10.1.0/../../../../arm-none-eabi/lib/thumb/v7e-m+fp/hard\libg_nano.a(lib_a-init.o)
                              c:/qmk_msys/mingw64/bin/../lib/gcc/arm-none-eabi/10.1.0/../../../../arm-none-eabi/lib/thumb/v7e-m+fp/hard/crt0.o (__libc_init_array)
c:/qmk_msys/mingw64/bin/../lib/gcc/arm-none-eabi/10.1.0/../../../../arm-none-eabi/lib/thumb/v7e-m+fp/hard\libg_nano.a(lib_a-memcmp.o)
                              .build/obj_gmmk_pro_ansi_mykey/quantum/matrix.o (memcmp)
c:/qmk_msys/mingw64/bin/../lib/gcc/arm-none-eabi/10.1.0/../../../../arm-none-eabi/lib/thumb/v7e-m+fp/hard\libg_nano.a(lib_a-memcpy.o)
                              .build/obj_gmmk_pro_ansi_mykey/common/chibios/eeprom_stm32.o (memcpy)
c:/qmk_msys/mingw64/bin/../lib/gcc/arm-none-eabi/10.1.0/../../../../arm-none-eabi/lib/thumb/v7e-m+fp/hard\libg_nano.a(lib_a-memset.o)
                              c:/qmk_msys/mingw64/bin/../lib/gcc/arm-none-eabi/10.1.0/../../../../arm-none-eabi/lib/thumb/v7e-m+fp/hard/crt0.o (memset)
c:/qmk_msys/mingw64/bin/../lib/gcc/arm-none-eabi/10.1.0/../../../../arm-none-eabi/lib/thumb/v7e-m+fp/hard\libg_nano.a(lib_a-rand.o)
                              .build/obj_gmmk_pro_ansi_mykey/quantum/send_string.o (rand)
c:/qmk_msys/mingw64/bin/../lib/gcc/arm-none-eabi/10.1.0/../../../../arm-none-eabi/lib/thumb/v7e-m+fp/hard\libg_nano.a(lib_a-__atexit.o)
                              c:/qmk_msys/mingw64/bin/../lib/gcc/arm-none-eabi/10.1.0/../../../../arm-none-eabi/lib/thumb/v7e-m+fp/hard\libg_nano.a(lib_a-atexit.o) (__register_exitproc)
c:/qmk_msys/mingw64/bin/../lib/gcc/arm-none-eabi/10.1.0/../../../../arm-none-eabi/lib/thumb/v7e-m+fp/hard\libg_nano.a(lib_a-__call_atexit.o)
                              c:/qmk_msys/mingw64/bin/../lib/gcc/arm-none-eabi/10.1.0/../../../../arm-none-eabi/lib/thumb/v7e-m+fp/hard\libg_nano.a(lib_a-__atexit.o) (__call_exitprocs)
c:/qmk_msys/mingw64/bin/../lib/gcc/arm-none-eabi/10.1.0/../../../../arm-none-eabi/lib/thumb/v7e-m+fp/hard\libg_nano.a(lib_a-assert.o)
[...]
Memory Configuration

Name             Origin             Length             Attributes
flash0           0x0000000008000000 0x0000000000040000 xr
flash1           0x0000000000000000 0x0000000000000000 xr
flash2           0x0000000000000000 0x0000000000000000 xr
flash3           0x0000000000000000 0x0000000000000000 xr
flash4           0x0000000000000000 0x0000000000000000 xr
flash5           0x0000000000000000 0x0000000000000000 xr
flash6           0x0000000000000000 0x0000000000000000 xr
flash7           0x0000000000000000 0x0000000000000000 xr
ram0             0x0000000020000000 0x000000000000a000 xw
ram1             0x0000000000000000 0x0000000000000000 xw
ram2             0x0000000000000000 0x0000000000000000 xw
ram3             0x0000000000000000 0x0000000000000000 xw
ram4             0x0000000010000000 0x0000000000002000 xw
ram5             0x0000000000000000 0x0000000000000000 xw
ram6             0x0000000000000000 0x0000000000000000 xw
ram7             0x0000000000000000 0x0000000000000000 xw
*default*        0x0000000000000000 0xffffffffffffffff

Linker script and memory map

LOAD c:/qmk_msys/mingw64/bin/../lib/gcc/arm-none-eabi/10.1.0/thumb/v7e-m+fp/hard/crti.o
LOAD c:/qmk_msys/mingw64/bin/../lib/gcc/arm-none-eabi/10.1.0/thumb/v7e-m+fp/hard/crtbegin.o
LOAD c:/qmk_msys/mingw64/bin/../lib/gcc/arm-none-eabi/10.1.0/../../../../arm-none-eabi/lib/thumb/v7e-m+fp/hard/crt0.o
LOAD .build/obj_gmmk_pro_ansi_mykey/keyboards/gmmk/pro/pro.o
LOAD .build/obj_gmmk_pro_ansi_mykey/keyboards/gmmk/pro/ansi/ansi.o
LOAD .build/obj_gmmk_pro_ansi_mykey/keyboards/gmmk/pro/ansi/keymaps/mykey/keymap.o
LOAD .build/obj_gmmk_pro_ansi_mykey/quantum/quantum.o
LOAD .build/obj_gmmk_pro_ansi_mykey/quantum/send_string.o
LOAD .build/obj_gmmk_pro_ansi_mykey/quantum/bitwise.o
LOAD .build/obj_gmmk_pro_ansi_mykey/quantum/led.o
LOAD .build/obj_gmmk_pro_ansi_mykey/quantum/keymap_common.o
LOAD .build/obj_gmmk_pro_ansi_mykey/quantum/keycode_config.o
LOAD .build/obj_gmmk_pro_ansi_mykey/quantum/logging/debug.o
LOAD .build/obj_gmmk_pro_ansi_mykey/quantum/logging/sendchar.o
LOAD .build/obj_gmmk_pro_ansi_mykey/quantum/logging/print.o
LOAD .build/obj_gmmk_pro_ansi_mykey/quantum/bootmagic/bootmagic_lite.o
LOAD .build/obj_gmmk_pro_ansi_mykey/quantum/bootmagic/magic.o
LOAD .build/obj_gmmk_pro_ansi_mykey/quantum/matrix_common.o
LOAD .build/obj_gmmk_pro_ansi_mykey/quantum/matrix.o
LOAD .build/obj_gmmk_pro_ansi_mykey/quantum/debounce/sym_defer_g.o
LOAD .build/obj_gmmk_pro_ansi_mykey/lib/printf/printf.o
LOAD .build/obj_gmmk_pro_ansi_mykey/quantum/mousekey.o
LOAD .build/obj_gmmk_pro_ansi_mykey/common/chibios/eeprom_stm32.o
LOAD .build/obj_gmmk_pro_ansi_mykey/common/chibios/flash_stm32.o
LOAD .build/obj_gmmk_pro_ansi_mykey/quantum/color.o
LOAD .build/obj_gmmk_pro_ansi_mykey/quantum/rgb_matrix/rgb_matrix.o
LOAD .build/obj_gmmk_pro_ansi_mykey/quantum/rgb_matrix/rgb_matrix_drivers.o
LOAD .build/obj_gmmk_pro_ansi_mykey/lib/lib8tion/lib8tion.o
LOAD .build/obj_gmmk_pro_ansi_mykey/aw20216.o
LOAD .build/obj_gmmk_pro_ansi_mykey/quantum/process_keycode/process_rgb.o
LOAD .build/obj_gmmk_pro_ansi_mykey/quantum/led_tables.o
LOAD .build/obj_gmmk_pro_ansi_mykey/quantum/encoder.o
LOAD .build/obj_gmmk_pro_ansi_mykey/quantum/via.o
LOAD .build/obj_gmmk_pro_ansi_mykey/quantum/dynamic_keymap.o
LOAD .build/obj_gmmk_pro_ansi_mykey/quantum/process_keycode/process_space_cadet.o
LOAD .build/obj_gmmk_pro_ansi_mykey/quantum/process_keycode/process_magic.o
LOAD .build/obj_gmmk_pro_ansi_mykey/quantum/process_keycode/process_grave_esc.o
LOAD .build/obj_gmmk_pro_ansi_mykey/quantum/process_keycode/process_dynamic_macro.o
LOAD .build/obj_gmmk_pro_ansi_mykey/quantum/process_keycode/process_tap_dance.o
LOAD .build/obj_gmmk_pro_ansi_mykey/spi_master.a
LOAD .build/obj_gmmk_pro_ansi_mykey/./lib/chibios/os/common/startup/ARMCMx/compilers/GCC/crt0_v7m.o
LOAD .build/obj_gmmk_pro_ansi_mykey/./lib/chibios/os/common/startup/ARMCMx/compilers/GCC/vectors.o
LOAD .build/obj_gmmk_pro_ansi_mykey/./lib/chibios/os/common/ports/ARMCMx/compilers/GCC/chcoreasm_v7m.o
LOAD .build/obj_gmmk_pro_ansi_mykey/common/host.o
LOAD .build/obj_gmmk_pro_ansi_mykey/common/keyboard.o
LOAD .build/obj_gmmk_pro_ansi_mykey/common/action.o
LOAD .build/obj_gmmk_pro_ansi_mykey/common/action_tapping.o
LOAD .build/obj_gmmk_pro_ansi_mykey/common/action_macro.o
LOAD .build/obj_gmmk_pro_ansi_mykey/common/action_layer.o
LOAD .build/obj_gmmk_pro_ansi_mykey/common/action_util.o
LOAD .build/obj_gmmk_pro_ansi_mykey/common/eeconfig.o
LOAD .build/obj_gmmk_pro_ansi_mykey/common/report.o
LOAD .build/obj_gmmk_pro_ansi_mykey/common/sync_timer.o
LOAD .build/obj_gmmk_pro_ansi_mykey/common/usb_util.o
LOAD .build/obj_gmmk_pro_ansi_mykey/common/chibios/suspend.o
LOAD .build/obj_gmmk_pro_ansi_mykey/common/chibios/timer.o
LOAD .build/obj_gmmk_pro_ansi_mykey/common/chibios/bootloader.o
LOAD .build/obj_gmmk_pro_ansi_mykey/protocol/chibios/usb_main.o
LOAD .build/obj_gmmk_pro_ansi_mykey/protocol/chibios/main.o
LOAD .build/obj_gmmk_pro_ansi_mykey/usb_descriptor.o
LOAD .build/obj_gmmk_pro_ansi_mykey/protocol/chibios/usb_driver.o
LOAD .build/obj_gmmk_pro_ansi_mykey/protocol/chibios/usb_util.o
LOAD .build/obj_gmmk_pro_ansi_mykey/./lib/chibios/os/oslib/src/chmboxes.o
LOAD .build/obj_gmmk_pro_ansi_mykey/./lib/chibios/os/oslib/src/chmemcore.o
LOAD .build/obj_gmmk_pro_ansi_mykey/./lib/chibios/os/oslib/src/chmemheaps.o
LOAD .build/obj_gmmk_pro_ansi_mykey/./lib/chibios/os/oslib/src/chmempools.o
LOAD .build/obj_gmmk_pro_ansi_mykey/./lib/chibios/os/oslib/src/chpipes.o
LOAD .build/obj_gmmk_pro_ansi_mykey/./lib/chibios/os/oslib/src/chobjcaches.o
LOAD .build/obj_gmmk_pro_ansi_mykey/./lib/chibios/os/oslib/src/chdelegates.o
LOAD .build/obj_gmmk_pro_ansi_mykey/./lib/chibios/os/oslib/src/chfactory.o
LOAD .build/obj_gmmk_pro_ansi/lib/chibios/os/common/startup/ARMCMx/compilers/GCC/crt1.o
LOAD .build/obj_gmmk_pro_ansi/lib/chibios/os/rt/src/chsys.o
LOAD .build/obj_gmmk_pro_ansi/lib/chibios/os/rt/src/chdebug.o
LOAD .build/obj_gmmk_pro_ansi/lib/chibios/os/rt/src/chtrace.o
LOAD .build/obj_gmmk_pro_ansi/lib/chibios/os/rt/src/chvt.o
LOAD .build/obj_gmmk_pro_ansi/lib/chibios/os/rt/src/chschd.o
LOAD .build/obj_gmmk_pro_ansi/lib/chibios/os/rt/src/chthreads.o
LOAD .build/obj_gmmk_pro_ansi/lib/chibios/os/rt/src/chtm.o
LOAD .build/obj_gmmk_pro_ansi/lib/chibios/os/rt/src/chstats.o
LOAD .build/obj_gmmk_pro_ansi/lib/chibios/os/rt/src/chregistry.o
LOAD .build/obj_gmmk_pro_ansi/lib/chibios/os/rt/src/chsem.o
LOAD .build/obj_gmmk_pro_ansi/lib/chibios/os/rt/src/chmtx.o
LOAD .build/obj_gmmk_pro_ansi/lib/chibios/os/rt/src/chcond.o
LOAD .build/obj_gmmk_pro_ansi/lib/chibios/os/rt/src/chevents.o
LOAD .build/obj_gmmk_pro_ansi/lib/chibios/os/rt/src/chmsg.o
LOAD .build/obj_gmmk_pro_ansi/lib/chibios/os/rt/src/chdynamic.o
LOAD .build/obj_gmmk_pro_ansi/lib/chibios/os/common/ports/ARMCMx/chcore.o
LOAD .build/obj_gmmk_pro_ansi/lib/chibios/os/common/ports/ARMCMx/chcore_v7m.o
LOAD .build/obj_gmmk_pro_ansi/lib/chibios/os/hal/osal/rt-nil/osal.o
LOAD .build/obj_gmmk_pro_ansi/lib/chibios/os/hal/src/hal.o
LOAD .build/obj_gmmk_pro_ansi/lib/chibios/os/hal/src/hal_st.o
LOAD .build/obj_gmmk_pro_ansi/lib/chibios/os/hal/src/hal_buffers.o
LOAD .build/obj_gmmk_pro_ansi/lib/chibios/os/hal/src/hal_queues.o
LOAD .build/obj_gmmk_pro_ansi/lib/chibios/os/hal/src/hal_flash.o
LOAD .build/obj_gmmk_pro_ansi/lib/chibios/os/hal/src/hal_mmcsd.o
LOAD .build/obj_gmmk_pro_ansi/lib/chibios/os/hal/src/hal_adc.o
LOAD .build/obj_gmmk_pro_ansi/lib/chibios/os/hal/src/hal_can.o
LOAD .build/obj_gmmk_pro_ansi/lib/chibios/os/hal/src/hal_crypto.o
LOAD .build/obj_gmmk_pro_ansi/lib/chibios/os/hal/src/hal_dac.o
LOAD .build/obj_gmmk_pro_ansi/lib/chibios/os/hal/src/hal_efl.o
LOAD .build/obj_gmmk_pro_ansi/lib/chibios/os/hal/src/hal_gpt.o
LOAD .build/obj_gmmk_pro_ansi/lib/chibios/os/hal/src/hal_i2c.o
LOAD .build/obj_gmmk_pro_ansi/lib/chibios/os/hal/src/hal_i2s.o
LOAD .build/obj_gmmk_pro_ansi/lib/chibios/os/hal/src/hal_icu.o
LOAD .build/obj_gmmk_pro_ansi/lib/chibios/os/hal/src/hal_mac.o
LOAD .build/obj_gmmk_pro_ansi/lib/chibios/os/hal/src/hal_mmc_spi.o
LOAD .build/obj_gmmk_pro_ansi/lib/chibios/os/hal/src/hal_pal.o
LOAD .build/obj_gmmk_pro_ansi/lib/chibios/os/hal/src/hal_pwm.o
LOAD .build/obj_gmmk_pro_ansi/lib/chibios/os/hal/src/hal_rtc.o
LOAD .build/obj_gmmk_pro_ansi/lib/chibios/os/hal/src/hal_sdc.o
LOAD .build/obj_gmmk_pro_ansi/lib/chibios/os/hal/src/hal_serial.o
LOAD .build/obj_gmmk_pro_ansi/lib/chibios/os/hal/src/hal_serial_usb.o
LOAD .build/obj_gmmk_pro_ansi/lib/chibios/os/hal/src/hal_sio.o
LOAD .build/obj_gmmk_pro_ansi/lib/chibios/os/hal/src/hal_spi.o
LOAD .build/obj_gmmk_pro_ansi/lib/chibios/os/hal/src/hal_trng.o
LOAD .build/obj_gmmk_pro_ansi/lib/chibios/os/hal/src/hal_uart.o
LOAD .build/obj_gmmk_pro_ansi/lib/chibios/os/hal/src/hal_usb.o
LOAD .build/obj_gmmk_pro_ansi/lib/chibios/os/hal/src/hal_wdg.o
LOAD .build/obj_gmmk_pro_ansi/lib/chibios/os/hal/src/hal_wspi.o
LOAD .build/obj_gmmk_pro_ansi/lib/chibios/os/hal/ports/common/ARMCMx/nvic.o
LOAD .build/obj_gmmk_pro_ansi/lib/chibios/os/hal/ports/STM32/STM32F3xx/stm32_isr.o
LOAD .build/obj_gmmk_pro_ansi/lib/chibios/os/hal/ports/STM32/STM32F3xx/hal_lld.o
LOAD .build/obj_gmmk_pro_ansi/lib/chibios/os/hal/ports/STM32/LLD/ADCv3/hal_adc_lld.o
LOAD .build/obj_gmmk_pro_ansi/lib/chibios/os/hal/ports/STM32/LLD/CANv1/hal_can_lld.o
LOAD .build/obj_gmmk_pro_ansi/lib/chibios/os/hal/ports/STM32/LLD/DACv1/hal_dac_lld.o
LOAD .build/obj_gmmk_pro_ansi/lib/chibios/os/hal/ports/STM32/LLD/DMAv1/stm32_dma.o
LOAD .build/obj_gmmk_pro_ansi/lib/chibios/os/hal/ports/STM32/LLD/EXTIv1/stm32_exti.o
LOAD .build/obj_gmmk_pro_ansi/lib/chibios/os/hal/ports/STM32/LLD/GPIOv2/hal_pal_lld.o
LOAD .build/obj_gmmk_pro_ansi/lib/chibios/os/hal/ports/STM32/LLD/I2Cv2/hal_i2c_lld.o
LOAD .build/obj_gmmk_pro_ansi/lib/chibios/os/hal/ports/STM32/LLD/RTCv2/hal_rtc_lld.o
LOAD .build/obj_gmmk_pro_ansi/lib/chibios/os/hal/ports/STM32/LLD/SPIv2/hal_i2s_lld.o
LOAD .build/obj_gmmk_pro_ansi/lib/chibios/os/hal/ports/STM32/LLD/SPIv2/hal_spi_lld.o
LOAD .build/obj_gmmk_pro_ansi/lib/chibios/os/hal/ports/STM32/LLD/TIMv1/hal_st_lld.o
LOAD .build/obj_gmmk_pro_ansi/lib/chibios/os/hal/ports/STM32/LLD/TIMv1/hal_gpt_lld.o
LOAD .build/obj_gmmk_pro_ansi/lib/chibios/os/hal/ports/STM32/LLD/TIMv1/hal_icu_lld.o
LOAD .build/obj_gmmk_pro_ansi/lib/chibios/os/hal/ports/STM32/LLD/TIMv1/hal_pwm_lld.o
LOAD .build/obj_gmmk_pro_ansi/lib/chibios/os/hal/ports/STM32/LLD/USARTv2/hal_serial_lld.o
LOAD .build/obj_gmmk_pro_ansi/lib/chibios/os/hal/ports/STM32/LLD/USARTv2/hal_uart_lld.o
LOAD .build/obj_gmmk_pro_ansi/lib/chibios/os/hal/ports/STM32/LLD/USBv1/hal_usb_lld.o
LOAD .build/obj_gmmk_pro_ansi/lib/chibios/os/hal/ports/STM32/LLD/xWDGv1/hal_wdg_lld.o
LOAD .build/obj_gmmk_pro_ansi/lib/chibios/os/hal/boards/ST_STM32F3_DISCOVERY/board.o
LOAD .build/obj_gmmk_pro_ansi/lib/chibios/os/hal/lib/streams/chprintf.o
LOAD .build/obj_gmmk_pro_ansi/lib/chibios/os/hal/lib/streams/memstreams.o
LOAD .build/obj_gmmk_pro_ansi/lib/chibios/os/hal/lib/streams/nullstreams.o
LOAD .build/obj_gmmk_pro_ansi/lib/chibios/os/various/syscalls.o
LOAD .build/obj_gmmk_pro_ansi/common/chibios/syscall-fallbacks.o

.mstack         0x0000000020000000      0x400
                0x0000000020000000                . = ALIGN (0x8)
                0x0000000020000000                __main_stack_base__ = .
                0x0000000020000400                . = (. + __main_stack_size__)
 *fill*         0x0000000020000000      0x400 
                0x0000000020000400                . = ALIGN (0x8)
                0x0000000020000400                __main_stack_end__ = .

.pstack         0x0000000020000400      0x800
                0x0000000020000400                . = ALIGN (0x8)
                0x0000000020000400                __process_stack_base__ = .
                0x0000000020000400                __main_thread_stack_base__ = .
                0x0000000020000c00                . = (. + __process_stack_size__)
 *fill*         0x0000000020000400      0x800 
                0x0000000020000c00                . = ALIGN (0x8)
                0x0000000020000c00                __process_stack_end__ = .
                0x0000000020000c00                __main_thread_stack_end__ = .

.vectors        0x0000000008000000      0x1a0
 *(.vectors)
 .vectors       0x0000000008000000      0x1a0 .build/obj_gmmk_pro_ansi_mykey/./lib/chibios/os/common/startup/ARMCMx/compilers/GCC/vectors.o
                0x0000000008000000                _vectors

.xtors          0x00000000080001a0        0x8
                0x00000000080001a0                __init_array_base__ = .
 *(SORT_BY_NAME(.init_array.*))
 *(.init_array)
 .init_array    0x00000000080001a0        0x4 c:/qmk_msys/mingw64/bin/../lib/gcc/arm-none-eabi/10.1.0/thumb/v7e-m+fp/hard/crtbegin.o
                0x00000000080001a4                __init_array_end__ = .
                0x00000000080001a4                __fini_array_base__ = .
 *(.fini_array)
 .fini_array    0x00000000080001a4        0x4 c:/qmk_msys/mingw64/bin/../lib/gcc/arm-none-eabi/10.1.0/thumb/v7e-m+fp/hard/crtbegin.o
 *(SORT_BY_NAME(.fini_array.*))
                0x00000000080001a8                __fini_array_end__ = .

.text           0x00000000080001b0     0x9e5a
                0x00000000080001b0                __text_base__ = .
 *(.text)
 .text          0x00000000080001b0      0x120 .build/obj_gmmk_pro_ansi_mykey/./lib/chibios/os/common/startup/ARMCMx/compilers/GCC/crt0_v7m.o
                0x00000000080001b0                _crt0_entry
 .text          0x00000000080002d0        0x8 .build/obj_gmmk_pro_ansi_mykey/./lib/chibios/os/common/startup/ARMCMx/compilers/GCC/vectors.o
                0x00000000080002d0                Reset_Handler
                0x00000000080002d2                VectorE8
                0x00000000080002d2                Vector9C
                0x00000000080002d2                VectorAC
                0x00000000080002d2                DebugMon_Handler
                0x00000000080002d2                Vector5C
                0x00000000080002d2                Vector11C
                0x00000000080002d2                HardFault_Handler
                0x00000000080002d2                Vector19C
                0x00000000080002d2                Vector8C
                0x00000000080002d2                SysTick_Handler
                0x00000000080002d2                VectorDC
                0x00000000080002d2                PendSV_Handler
                0x00000000080002d2                Vector168
                0x00000000080002d2                NMI_Handler
                0x00000000080002d2                Vector110
                0x00000000080002d2                VectorC8
                0x00000000080002d2                Vector94
                0x00000000080002d2                VectorA8
                0x00000000080002d2                VectorB4
                0x00000000080002d2                Vector160
                0x00000000080002d2                UsageFault_Handler
                0x00000000080002d2                VectorEC
                0x00000000080002d2                Vector40
                0x00000000080002d2                VectorF8
                0x00000000080002d2                Vector108
                0x00000000080002d2                VectorBC
                0x00000000080002d2                Vector190
                0x00000000080002d2                Vector150
                0x00000000080002d2                Vector148
                0x00000000080002d2                Vector188
                0x00000000080002d2                Vector198
                0x00000000080002d2                Vector118
                0x00000000080002d2                Vector64
                0x00000000080002d2                Vector58
                0x00000000080002d2                VectorCC
                0x00000000080002d2                Vector54
                0x00000000080002d2                Vector98
                0x00000000080002d2                VectorD8
                0x00000000080002d2                Vector138
                0x00000000080002d2                Vector24
                0x00000000080002d2                Vector178
                0x00000000080002d2                VectorD0
                0x00000000080002d2                Vector140
                0x00000000080002d2                VectorE4
                0x00000000080002d2                VectorC0
                0x00000000080002d2                Vector158
                0x00000000080002d2                Vector134
                0x00000000080002d2                VectorF0
                0x00000000080002d2                Vector13C
                0x00000000080002d2                Vector100
                0x00000000080002d2                VectorE0
                0x00000000080002d2                VectorF4
                0x00000000080002d2                MemManage_Handler
                0x00000000080002d2                VectorA0
                0x00000000080002d2                VectorC4
                0x00000000080002d2                Vector180
                0x00000000080002d2                Vector90
                0x00000000080002d2                Vector114
                0x00000000080002d2                Vector164
                0x00000000080002d2                Vector60
                0x00000000080002d2                Vector1C
                0x00000000080002d2                Vector17C
                0x00000000080002d2                Vector48
                0x00000000080002d2                VectorD4
                0x00000000080002d2                Vector4C
                0x00000000080002d2                Vector144
                0x00000000080002d2                Vector15C
                0x00000000080002d2                Vector68
                0x00000000080002d2                Vector18C
                0x00000000080002d2                Vector170
                0x00000000080002d2                Vector88
                0x00000000080002d2                Vector104
                0x00000000080002d2                Vector184
                0x00000000080002d2                Vector10C
                0x00000000080002d2                Vector14C
                0x00000000080002d2                BusFault_Handler
                0x00000000080002d2                Vector50
                0x00000000080002d2                Vector194
                0x00000000080002d2                Vector154
                0x00000000080002d2                Vector44
                0x00000000080002d2                Vector28
                0x00000000080002d2                VectorB8
                0x00000000080002d2                VectorFC
                0x00000000080002d2                Vector34
                0x00000000080002d2                VectorA4
                0x00000000080002d2                Vector20
                0x00000000080002d2                Vector174
                0x00000000080002d6                _unhandled_exception
 .text          0x00000000080002d8       0x32 .build/obj_gmmk_pro_ansi_mykey/./lib/chibios/os/common/ports/ARMCMx/compilers/GCC/chcoreasm_v7m.o
                0x00000000080002d8                _port_switch
                0x00000000080002f0                _port_thread_start
                0x0000000008000302                _port_switch_from_isr
                0x0000000008000306                _port_exit_from_isr
 *fill*         0x000000000800030a        0x2 
 .text          0x000000000800030c       0x30 c:/qmk_msys/mingw64/bin/../lib/gcc/arm-none-eabi/10.1.0/thumb/v7e-m+fp/hard\libgcc.a(_aeabi_uldivmod.o)
                0x000000000800030c                __aeabi_uldivmod
 .text          0x000000000800033c        0x4 c:/qmk_msys/mingw64/bin/../lib/gcc/arm-none-eabi/10.1.0/thumb/v7e-m+fp/hard\libgcc.a(_dvmd_tls.o)
                0x000000000800033c                __aeabi_idiv0
                0x000000000800033c                __aeabi_ldiv0
 .text          0x0000000008000340        0xc c:/qmk_msys/mingw64/bin/../lib/gcc/arm-none-eabi/10.1.0/../../../../arm-none-eabi/lib/thumb/v7e-m+fp/hard\libg_nano.a(lib_a-errno.o)
                0x0000000008000340                __errno
 .text          0x000000000800034c       0x60 c:/qmk_msys/mingw64/bin/../lib/gcc/arm-none-eabi/10.1.0/../../../../arm-none-eabi/lib/thumb/v7e-m+fp/hard\libg_nano.a(lib_a-memcmp.o)
                0x000000000800034c                memcmp
 .text          0x00000000080003ac      0x134 c:/qmk_msys/mingw64/bin/../lib/gcc/arm-none-eabi/10.1.0/../../../../arm-none-eabi/lib/thumb/v7e-m+fp/hard\libg_nano.a(lib_a-memcpy.o)
                0x00000000080003ac                memcpy
 .text          0x00000000080004e0       0xa0 c:/qmk_msys/mingw64/bin/../lib/gcc/arm-none-eabi/10.1.0/../../../../arm-none-eabi/lib/thumb/v7e-m+fp/hard\libg_nano.a(lib_a-memset.o)
                0x00000000080004e0                memset
 .text          0x0000000008000580       0xf4 c:/qmk_msys/mingw64/bin/../lib/gcc/arm-none-eabi/10.1.0/../../../../arm-none-eabi/lib/thumb/v7e-m+fp/hard\libg_nano.a(lib_a-rand.o)
                0x0000000008000580                srand
                0x00000000080005e4                rand
 .text          0x0000000008000674       0x48 c:/qmk_msys/mingw64/bin/../lib/gcc/arm-none-eabi/10.1.0/../../../../arm-none-eabi/lib/thumb/v7e-m+fp/hard\libg_nano.a(lib_a-assert.o)
                0x0000000008000674                __assert_func
                0x00000000080006b0                __assert
 .text          0x00000000080006bc       0x44 c:/qmk_msys/mingw64/bin/../lib/gcc/arm-none-eabi/10.1.0/../../../../arm-none-eabi/lib/thumb/v7e-m+fp/hard\libg_nano.a(lib_a-fprintf.o)
                0x00000000080006bc                _fprintf_r
                0x00000000080006bc                _fiprintf_r
                0x00000000080006d8                fiprintf
                0x00000000080006d8                fprintf
 .text          0x0000000008000700       0x28 c:/qmk_msys/mingw64/bin/../lib/gcc/arm-none-eabi/10.1.0/../../../../arm-none-eabi/lib/thumb/v7e-m+fp/hard\libg_nano.a(lib_a-lock.o)
                0x0000000008000700                __retarget_lock_init
                0x0000000008000704                __retarget_lock_init_recursive
                0x0000000008000708                __retarget_lock_close
                0x000000000800070c                __retarget_lock_close_recursive
                0x0000000008000710                __retarget_lock_acquire
                0x0000000008000714                __retarget_lock_acquire_recursive
                0x0000000008000718                __retarget_lock_try_acquire
                0x000000000800071c                __retarget_lock_try_acquire_recursive
                0x0000000008000720                __retarget_lock_release
                0x0000000008000724                __retarget_lock_release_recursive
 .text          0x0000000008000728       0x20 c:/qmk_msys/mingw64/bin/../lib/gcc/arm-none-eabi/10.1.0/../../../../arm-none-eabi/lib/thumb/v7e-m+fp/hard\libg_nano.a(lib_a-malloc.o)
                0x0000000008000728                malloc
                0x0000000008000738                free
 .text          0x0000000008000748       0xac c:/qmk_msys/mingw64/bin/../lib/gcc/arm-none-eabi/10.1.0/../../../../arm-none-eabi/lib/thumb/v7e-m+fp/hard\libg_nano.a(lib_a-nano-freer.o)
                0x0000000008000748                _free_r
 .text          0x00000000080007f4       0xc8 c:/qmk_msys/mingw64/bin/../lib/gcc/arm-none-eabi/10.1.0/../../../../arm-none-eabi/lib/thumb/v7e-m+fp/hard\libg_nano.a(lib_a-nano-mallocr.o)
                0x00000000080007f4                _malloc_r
 .text          0x00000000080008bc      0x3a8 c:/qmk_msys/mingw64/bin/../lib/gcc/arm-none-eabi/10.1.0/../../../../arm-none-eabi/lib/thumb/v7e-m+fp/hard\libg_nano.a(lib_a-nano-vfprintf.o)
                0x00000000080008f8                __sfputs_r
                0x0000000008000928                __sprint_r
                0x0000000008000944                _vfiprintf_r
                0x0000000008000944                _vfprintf_r
                0x0000000008000c4c                vfprintf
                0x0000000008000c4c                vfiprintf
 .text          0x0000000008000c64      0x3c4 c:/qmk_msys/mingw64/bin/../lib/gcc/arm-none-eabi/10.1.0/../../../../arm-none-eabi/lib/thumb/v7e-m+fp/hard\libg_nano.a(lib_a-nano-vfprintf_i.o)
                0x0000000008000c64                _printf_common
                0x0000000008000d90                _printf_i
 .text          0x0000000008001028       0xc0 c:/qmk_msys/mingw64/bin/../lib/gcc/arm-none-eabi/10.1.0/../../../../arm-none-eabi/lib/thumb/v7e-m+fp/hard\libg_nano.a(lib_a-wbuf.o)
                0x0000000008001028                __swbuf_r
                0x00000000080010d8                __swbuf
 .text          0x00000000080010e8      0x100 c:/qmk_msys/mingw64/bin/../lib/gcc/arm-none-eabi/10.1.0/../../../../arm-none-eabi/lib/thumb/v7e-m+fp/hard\libg_nano.a(lib_a-wsetup.o)
                0x00000000080010e8                __swsetup_r
 .text          0x00000000080011e8       0x10 c:/qmk_msys/mingw64/bin/../lib/gcc/arm-none-eabi/10.1.0/../../../../arm-none-eabi/lib/thumb/v7e-m+fp/hard\libg_nano.a(lib_a-abort.o)
                0x00000000080011e8                abort
 .text          0x00000000080011f8      0x1d0 c:/qmk_msys/mingw64/bin/../lib/gcc/arm-none-eabi/10.1.0/../../../../arm-none-eabi/lib/thumb/v7e-m+fp/hard\libg_nano.a(lib_a-fflush.o)
                0x00000000080011f8                __sflush_r
                0x0000000008001324                _fflush_r
                0x00000000080013a4                fflush
 .text          0x00000000080013c8      0x2b8 c:/qmk_msys/mingw64/bin/../lib/gcc/arm-none-eabi/10.1.0/../../../../arm-none-eabi/lib/thumb/v7e-m+fp/hard\libg_nano.a(lib_a-findfp.o)
                0x00000000080013c8                _cleanup_r
                0x000000000800140c                __sfmoreglue
                0x000000000800143c                _cleanup
                0x0000000008001450                __sinit
                0x0000000008001564                __sfp
                0x0000000008001608                __sfp_lock_acquire
                0x0000000008001614                __sfp_lock_release
                0x0000000008001620                __sinit_lock_acquire
                0x000000000800162c                __sinit_lock_release
                0x0000000008001638                __fp_lock_all
                0x000000000800165c                __fp_unlock_all
 .text          0x0000000008001680      0x308 c:/qmk_msys/mingw64/bin/../lib/gcc/arm-none-eabi/10.1.0/../../../../arm-none-eabi/lib/thumb/v7e-m+fp/hard\libg_nano.a(lib_a-fvwrite.o)
                0x0000000008001680                __sfvwrite_r
 .text          0x0000000008001988       0xa0 c:/qmk_msys/mingw64/bin/../lib/gcc/arm-none-eabi/10.1.0/../../../../arm-none-eabi/lib/thumb/v7e-m+fp/hard\libg_nano.a(lib_a-fwalk.o)
                0x0000000008001988                _fwalk
                0x00000000080019d4                _fwalk_reent
 .text          0x0000000008001a28       0xf0 c:/qmk_msys/mingw64/bin/../lib/gcc/arm-none-eabi/10.1.0/../../../../arm-none-eabi/lib/thumb/v7e-m+fp/hard\libg_nano.a(lib_a-makebuf.o)
                0x0000000008001a28                __swhatbuf_r
                0x0000000008001a84                __smakebuf_r
 *fill*         0x0000000008001b18        0x8 
 .text          0x0000000008001b20       0xa0 c:/qmk_msys/mingw64/bin/../lib/gcc/arm-none-eabi/10.1.0/../../../../arm-none-eabi/lib/thumb/v7e-m+fp/hard\libg_nano.a(lib_a-memchr.o)
                0x0000000008001b20                memchr
 .text          0x0000000008001bc0       0xd0 c:/qmk_msys/mingw64/bin/../lib/gcc/arm-none-eabi/10.1.0/../../../../arm-none-eabi/lib/thumb/v7e-m+fp/hard\libg_nano.a(lib_a-memmove.o)
                0x0000000008001bc0                memmove
 .text          0x0000000008001c90       0x18 c:/qmk_msys/mingw64/bin/../lib/gcc/arm-none-eabi/10.1.0/../../../../arm-none-eabi/lib/thumb/v7e-m+fp/hard\libg_nano.a(lib_a-mlock.o)
                0x0000000008001c90                __malloc_lock
                0x0000000008001c9c                __malloc_unlock
 .text          0x0000000008001ca8       0x4c c:/qmk_msys/mingw64/bin/../lib/gcc/arm-none-eabi/10.1.0/../../../../arm-none-eabi/lib/thumb/v7e-m+fp/hard\libg_nano.a(lib_a-nano-reallocr.o)
                0x0000000008001ca8                _realloc_r
 .text          0x0000000008001cf4      0x150 c:/qmk_msys/mingw64/bin/../lib/gcc/arm-none-eabi/10.1.0/../../../../arm-none-eabi/lib/thumb/v7e-m+fp/hard\libg_nano.a(lib_a-signal.o)
                0x0000000008001d1c                _init_signal_r
                0x0000000008001d28                _signal_r
                0x0000000008001d5c                _raise_r
                0x0000000008001db0                __sigtramp_r
                0x0000000008001e00                raise
                0x0000000008001e10                signal
                0x0000000008001e20                _init_signal
                0x0000000008001e34                __sigtramp
 .text          0x0000000008001e44       0x2c c:/qmk_msys/mingw64/bin/../lib/gcc/arm-none-eabi/10.1.0/../../../../arm-none-eabi/lib/thumb/v7e-m+fp/hard\libg_nano.a(lib_a-signalr.o)
                0x0000000008001e44                _kill_r
                0x0000000008001e6c                _getpid_r
 .text          0x0000000008001e70       0x90 c:/qmk_msys/mingw64/bin/../lib/gcc/arm-none-eabi/10.1.0/../../../../arm-none-eabi/lib/thumb/v7e-m+fp/hard\libg_nano.a(lib_a-stdio.o)
                0x0000000008001e70                __sread
                0x0000000008001e94                __seofread
                0x0000000008001e98                __swrite
                0x0000000008001ed8                __sseek
                0x0000000008001ef8                __sclose
 .text          0x0000000008001f00       0x10 c:/qmk_msys/mingw64/bin/../lib/gcc/arm-none-eabi/10.1.0/../../../../arm-none-eabi/lib/thumb/v7e-m+fp/hard\libg_nano.a(lib_a-nano-msizer.o)
                0x0000000008001f00                _malloc_usable_size_r
 *(.text.*)
 .text.__do_global_dtors_aux
                0x0000000008001f10       0x24 c:/qmk_msys/mingw64/bin/../lib/gcc/arm-none-eabi/10.1.0/thumb/v7e-m+fp/hard/crtbegin.o
 .text.frame_dummy
                0x0000000008001f34       0x1c c:/qmk_msys/mingw64/bin/../lib/gcc/arm-none-eabi/10.1.0/thumb/v7e-m+fp/hard/crtbegin.o
 .text.timeout_reset_timer
                0x0000000008001f50        0x4 .build/obj_gmmk_pro_ansi_mykey/keyboards/gmmk/pro/ansi/keymaps/mykey/keymap.o
                0x0000000008001f50                timeout_reset_timer
 .text.timeout_update_threshold
                0x0000000008001f54       0x20 .build/obj_gmmk_pro_ansi_mykey/keyboards/gmmk/pro/ansi/keymaps/mykey/keymap.o
                0x0000000008001f54                timeout_update_threshold
 .text.process_record_user
                0x0000000008001f74      0x10c .build/obj_gmmk_pro_ansi_mykey/keyboards/gmmk/pro/ansi/keymaps/mykey/keymap.o
                0x0000000008001f74                process_record_user
 .text.matrix_scan_user
                0x0000000008002080        0x2 .build/obj_gmmk_pro_ansi_mykey/keyboards/gmmk/pro/ansi/keymaps/mykey/keymap.o
                0x0000000008002080                matrix_scan_user
 *fill*         0x0000000008002082        0x2 
 .text.encoder_update_user
                0x0000000008002084       0x58 .build/obj_gmmk_pro_ansi_mykey/keyboards/gmmk/pro/ansi/keymaps/mykey/keymap.o
                0x0000000008002084                encoder_update_user
 .text.rgb_matrix_indicators_advanced_user
                0x00000000080020dc      0x1a8 .build/obj_gmmk_pro_ansi_mykey/keyboards/gmmk/pro/ansi/keymaps/mykey/keymap.o
                0x00000000080020dc                rgb_matrix_indicators_advanced_user
 .text.suspend_power_down_user
                0x0000000008002284        0x6 .build/obj_gmmk_pro_ansi_mykey/keyboards/gmmk/pro/ansi/keymaps/mykey/keymap.o
                0x0000000008002284                suspend_power_down_user
 .text.suspend_wakeup_init_user
                0x000000000800228a        0x6 .build/obj_gmmk_pro_ansi_mykey/keyboards/gmmk/pro/ansi/keymaps/mykey/keymap.o
                0x000000000800228a                suspend_wakeup_init_user
 .text.keyboard_post_init_user
                0x0000000008002290       0x22 .build/obj_gmmk_pro_ansi_mykey/keyboards/gmmk/pro/ansi/keymaps/mykey/keymap.o
                0x0000000008002290                keyboard_post_init_user
 .text.extract_mod_bits
                0x00000000080022b2       0x5e .build/obj_gmmk_pro_ansi_mykey/quantum/quantum.o
                0x00000000080022b2                extract_mod_bits
 .text.do_code16
                0x0000000008002310       0x10 .build/obj_gmmk_pro_ansi_mykey/quantum/quantum.o
 .text.register_code16
                0x0000000008002320       0x2c .build/obj_gmmk_pro_ansi_mykey/quantum/quantum.o
                0x0000000008002320                register_code16
 .text.unregister_code16
                0x000000000800234c       0x2c .build/obj_gmmk_pro_ansi_mykey/quantum/quantum.o
                0x000000000800234c                unregister_code16
 .text.tap_code16
                0x0000000008002378       0x1a .build/obj_gmmk_pro_ansi_mykey/quantum/quantum.o
                0x0000000008002378                tap_code16
 .text.process_action_kb
                0x0000000008002392        0x4 .build/obj_gmmk_pro_ansi_mykey/quantum/quantum.o
                0x0000000008002392                process_action_kb
 .text.process_record_kb
                0x0000000008002396        0x8 .build/obj_gmmk_pro_ansi_mykey/quantum/quantum.o
                0x0000000008002396                process_record_kb
 .text.post_process_record_user
                0x000000000800239e        0x2 .build/obj_gmmk_pro_ansi_mykey/quantum/quantum.o
                0x000000000800239e                post_process_record_user
 .text.post_process_record_kb
                0x00000000080023a0        0x8 .build/obj_gmmk_pro_ansi_mykey/quantum/quantum.o
                0x00000000080023a0                post_process_record_kb
 .text.get_event_keycode
                0x00000000080023a8       0x4c .build/obj_gmmk_pro_ansi_mykey/quantum/quantum.o
                0x00000000080023a8                get_event_keycode
 .text.get_record_keycode
                0x00000000080023f4        0xc .build/obj_gmmk_pro_ansi_mykey/quantum/quantum.o
                0x00000000080023f4                get_record_keycode
 .text.pre_process_record_quantum
                0x0000000008002400        0x4 .build/obj_gmmk_pro_ansi_mykey/quantum/quantum.o
                0x0000000008002400                pre_process_record_quantum
 .text.post_process_record_quantum
                0x0000000008002404       0x12 .build/obj_gmmk_pro_ansi_mykey/quantum/quantum.o
                0x0000000008002404                post_process_record_quantum
 .text.update_tri_layer_state
                0x0000000008002416       0x22 .build/obj_gmmk_pro_ansi_mykey/quantum/quantum.o
                0x0000000008002416                update_tri_layer_state
 .text.update_tri_layer
                0x0000000008002438       0x1c .build/obj_gmmk_pro_ansi_mykey/quantum/quantum.o
                0x0000000008002438                update_tri_layer
 .text.matrix_init_quantum
                0x0000000008002454       0x16 .build/obj_gmmk_pro_ansi_mykey/quantum/quantum.o
                0x0000000008002454                matrix_init_quantum
 .text.matrix_scan_quantum
                0x000000000800246a        0xe .build/obj_gmmk_pro_ansi_mykey/quantum/quantum.o
                0x000000000800246a                matrix_scan_quantum
 .text.shutdown_user
                0x0000000008002478        0x2 .build/obj_gmmk_pro_ansi_mykey/quantum/quantum.o
                0x0000000008002478                shutdown_user
 .text.reset_keyboard
                0x000000000800247a       0x1a .build/obj_gmmk_pro_ansi_mykey/quantum/quantum.o
                0x000000000800247a                reset_keyboard
 .text.process_record_quantum
                0x0000000008002494       0xc6 .build/obj_gmmk_pro_ansi_mykey/quantum/quantum.o
                0x0000000008002494                process_record_quantum
 *fill*         0x000000000800255a        0x2 
 .text.send_char
                0x000000000800255c       0x70 .build/obj_gmmk_pro_ansi_mykey/quantum/send_string.o
                0x000000000800255c                send_char
 .text.send_string_with_delay
                0x00000000080025cc       0x98 .build/obj_gmmk_pro_ansi_mykey/quantum/send_string.o
                0x00000000080025cc                send_string_with_delay
 .text.send_string
                0x0000000008002664        0x6 .build/obj_gmmk_pro_ansi_mykey/quantum/send_string.o
                0x0000000008002664                send_string
 *fill*         0x000000000800266a        0x2 
 .text.send_string_with_delay_P
                0x000000000800266c       0x98 .build/obj_gmmk_pro_ansi_mykey/quantum/send_string.o
                0x000000000800266c                send_string_with_delay_P
 .text.send_string_P
                0x0000000008002704        0x6 .build/obj_gmmk_pro_ansi_mykey/quantum/send_string.o
                0x0000000008002704                send_string_P
 .text.biton    0x000000000800270a       0x1e .build/obj_gmmk_pro_ansi_mykey/quantum/bitwise.o
                0x000000000800270a                biton
 .text.led_set_user
                0x0000000008002728        0x2 .build/obj_gmmk_pro_ansi_mykey/quantum/led.o
                0x0000000008002728                led_set_user
 .text.led_set_kb
                0x000000000800272a        0x8 .build/obj_gmmk_pro_ansi_mykey/quantum/led.o
                0x000000000800272a                led_set_kb
 .text.led_update_user
                0x0000000008002732        0x4 .build/obj_gmmk_pro_ansi_mykey/quantum/led.o
                0x0000000008002732                led_update_user
 .text.led_update_kb
                0x0000000008002736        0x8 .build/obj_gmmk_pro_ansi_mykey/quantum/led.o
                0x0000000008002736                led_update_kb
 .text.led_init_ports
                0x000000000800273e        0x2 .build/obj_gmmk_pro_ansi_mykey/quantum/led.o
                0x000000000800273e                led_init_ports
 .text.led_set  0x0000000008002740       0x10 .build/obj_gmmk_pro_ansi_mykey/quantum/led.o
                0x0000000008002740                led_set
 .text.action_get_macro
                0x0000000008002750        0x4 .build/obj_gmmk_pro_ansi_mykey/quantum/keymap_common.o
                0x0000000008002750                action_get_macro
 .text.action_function
                0x0000000008002754        0x2 .build/obj_gmmk_pro_ansi_mykey/quantum/keymap_common.o
                0x0000000008002754                action_function
 *fill*         0x0000000008002756        0x2 
 .text.keymap_function_id_to_action
                0x0000000008002758        0xc .build/obj_gmmk_pro_ansi_mykey/quantum/keymap_common.o
                0x0000000008002758                keymap_function_id_to_action
 .text.action_for_keycode
                0x0000000008002764      0x198 .build/obj_gmmk_pro_ansi_mykey/quantum/keymap_common.o
                0x0000000008002764                action_for_keycode
 .text.action_for_key
                0x00000000080028fc       0x16 .build/obj_gmmk_pro_ansi_mykey/quantum/keymap_common.o
                0x00000000080028fc                action_for_key
 *fill*         0x0000000008002912        0x2 
 .text.keycode_config
                0x0000000008002914      0x100 .build/obj_gmmk_pro_ansi_mykey/quantum/keycode_config.o
                0x0000000008002914                keycode_config
 .text.mod_config
                0x0000000008002a14       0xac .build/obj_gmmk_pro_ansi_mykey/quantum/keycode_config.o
                0x0000000008002a14                mod_config
 .text.sendchar
                0x0000000008002ac0        0x4 .build/obj_gmmk_pro_ansi_mykey/quantum/logging/sendchar.o
                0x0000000008002ac0                sendchar
 .text.null_sendchar_func
                0x0000000008002ac4        0x4 .build/obj_gmmk_pro_ansi_mykey/quantum/logging/print.o
 .text.print_set_sendchar
                0x0000000008002ac8        0xc .build/obj_gmmk_pro_ansi_mykey/quantum/logging/print.o
                0x0000000008002ac8                print_set_sendchar
 .text.bootmagic_lite_reset_eeprom
                0x0000000008002ad4        0x4 .build/obj_gmmk_pro_ansi_mykey/quantum/bootmagic/bootmagic_lite.o
                0x0000000008002ad4                bootmagic_lite_reset_eeprom
 .text.bootmagic_lite
                0x0000000008002ad8       0x2a .build/obj_gmmk_pro_ansi_mykey/quantum/bootmagic/bootmagic_lite.o
                0x0000000008002ad8                bootmagic_lite
 .text.bootmagic
                0x0000000008002b02        0x8 .build/obj_gmmk_pro_ansi_mykey/quantum/bootmagic/bootmagic_lite.o
                0x0000000008002b02                bootmagic
 *fill*         0x0000000008002b0a        0x2 
 .text.magic    0x0000000008002b0c       0x40 .build/obj_gmmk_pro_ansi_mykey/quantum/bootmagic/magic.o
                0x0000000008002b0c                magic
 .text.matrix_init_user
                0x0000000008002b4c        0x2 .build/obj_gmmk_pro_ansi_mykey/quantum/matrix_common.o
                0x0000000008002b4c                matrix_init_user
 .text.matrix_init_kb
                0x0000000008002b4e        0x8 .build/obj_gmmk_pro_ansi_mykey/quantum/matrix_common.o
                0x0000000008002b4e                matrix_init_kb
 .text.matrix_scan_kb
                0x0000000008002b56        0x8 .build/obj_gmmk_pro_ansi_mykey/quantum/matrix_common.o
                0x0000000008002b56                matrix_scan_kb
 *fill*         0x0000000008002b5e        0x2 
 .text.matrix_get_row
                0x0000000008002b60        0xc .build/obj_gmmk_pro_ansi_mykey/quantum/matrix_common.o
                0x0000000008002b60                matrix_get_row
 .text.matrix_print
                0x0000000008002b6c        0x2 .build/obj_gmmk_pro_ansi_mykey/quantum/matrix_common.o
                0x0000000008002b6c                matrix_print
 .text.matrix_io_delay
                0x0000000008002b6e        0x6 .build/obj_gmmk_pro_ansi_mykey/quantum/matrix_common.o
                0x0000000008002b6e                matrix_io_delay
 .text.matrix_output_select_delay
                0x0000000008002b74       0x26 .build/obj_gmmk_pro_ansi_mykey/quantum/matrix_common.o
                0x0000000008002b74                matrix_output_select_delay
 .text.matrix_output_unselect_delay
                0x0000000008002b9a        0x8 .build/obj_gmmk_pro_ansi_mykey/quantum/matrix_common.o
                0x0000000008002b9a                matrix_output_unselect_delay
 .text.setPinInputHigh_atomic
                0x0000000008002ba2       0x20 .build/obj_gmmk_pro_ansi_mykey/quantum/matrix.o
 *fill*         0x0000000008002bc2        0x2 
 .text.matrix_init_pins
                0x0000000008002bc4       0x3c .build/obj_gmmk_pro_ansi_mykey/quantum/matrix.o
                0x0000000008002bc4                matrix_init_pins
 .text.matrix_read_cols_on_row
                0x0000000008002c00       0xa4 .build/obj_gmmk_pro_ansi_mykey/quantum/matrix.o
                0x0000000008002c00                matrix_read_cols_on_row
 .text.matrix_init
                0x0000000008002ca4       0x34 .build/obj_gmmk_pro_ansi_mykey/quantum/matrix.o
                0x0000000008002ca4                matrix_init
 .text.matrix_scan
                0x0000000008002cd8       0x60 .build/obj_gmmk_pro_ansi_mykey/quantum/matrix.o
                0x0000000008002cd8                matrix_scan
 .text.debounce_init
                0x0000000008002d38        0x2 .build/obj_gmmk_pro_ansi_mykey/quantum/debounce/sym_defer_g.o
                0x0000000008002d38                debounce_init
 *fill*         0x0000000008002d3a        0x2 
 .text.debounce
                0x0000000008002d3c       0x48 .build/obj_gmmk_pro_ansi_mykey/quantum/debounce/sym_defer_g.o
                0x0000000008002d3c                debounce
 .text.move_unit
                0x0000000008002d84       0x78 .build/obj_gmmk_pro_ansi_mykey/quantum/mousekey.o
 .text.wheel_unit
                0x0000000008002dfc       0x68 .build/obj_gmmk_pro_ansi_mykey/quantum/mousekey.o
 .text.mousekey_on
                0x0000000008002e64       0xbc .build/obj_gmmk_pro_ansi_mykey/quantum/mousekey.o
                0x0000000008002e64                mousekey_on
 .text.mousekey_off
                0x0000000008002f20       0xec .build/obj_gmmk_pro_ansi_mykey/quantum/mousekey.o
                0x0000000008002f20                mousekey_off
 .text.mousekey_send
                0x000000000800300c       0x38 .build/obj_gmmk_pro_ansi_mykey/quantum/mousekey.o
                0x000000000800300c                mousekey_send
 .text.mousekey_task
                0x0000000008003044      0x184 .build/obj_gmmk_pro_ansi_mykey/quantum/mousekey.o
                0x0000000008003044                mousekey_task
 .text.mousekey_clear
                0x00000000080031c8       0x28 .build/obj_gmmk_pro_ansi_mykey/quantum/mousekey.o
                0x00000000080031c8                mousekey_clear
 .text.EEPROM_Init
                0x00000000080031f0        0xc .build/obj_gmmk_pro_ansi_mykey/common/chibios/eeprom_stm32.o
                0x00000000080031f0                EEPROM_Init
 .text.EEPROM_Erase
                0x00000000080031fc       0x30 .build/obj_gmmk_pro_ansi_mykey/common/chibios/eeprom_stm32.o
                0x00000000080031fc                EEPROM_Erase
 .text.EEPROM_WriteDataByte
                0x000000000800322c       0x8c .build/obj_gmmk_pro_ansi_mykey/common/chibios/eeprom_stm32.o
                0x000000000800322c                EEPROM_WriteDataByte
 .text.eeprom_read_byte
                0x00000000080032b8       0x10 .build/obj_gmmk_pro_ansi_mykey/common/chibios/eeprom_stm32.o
                0x00000000080032b8                eeprom_read_byte
 .text.eeprom_update_byte
                0x00000000080032c8        0x6 .build/obj_gmmk_pro_ansi_mykey/common/chibios/eeprom_stm32.o
                0x00000000080032c8                eeprom_update_byte
 .text.eeprom_read_word
                0x00000000080032ce       0x24 .build/obj_gmmk_pro_ansi_mykey/common/chibios/eeprom_stm32.o
                0x00000000080032ce                eeprom_read_word
 .text.eeprom_write_word
                0x00000000080032f2       0x1c .build/obj_gmmk_pro_ansi_mykey/common/chibios/eeprom_stm32.o
                0x00000000080032f2                eeprom_write_word
 .text.eeprom_update_word
                0x000000000800330e        0x4 .build/obj_gmmk_pro_ansi_mykey/common/chibios/eeprom_stm32.o
                0x000000000800330e                eeprom_update_word
 .text.eeprom_update_dword
                0x0000000008003312       0x7e .build/obj_gmmk_pro_ansi_mykey/common/chibios/eeprom_stm32.o
                0x0000000008003312                eeprom_update_dword
 .text.eeprom_read_block
                0x0000000008003390       0x1c .build/obj_gmmk_pro_ansi_mykey/common/chibios/eeprom_stm32.o
                0x0000000008003390                eeprom_read_block
 .text.eeprom_write_block
                0x00000000080033ac       0x1c .build/obj_gmmk_pro_ansi_mykey/common/chibios/eeprom_stm32.o
                0x00000000080033ac                eeprom_write_block
 .text.eeprom_update_block
                0x00000000080033c8        0x4 .build/obj_gmmk_pro_ansi_mykey/common/chibios/eeprom_stm32.o
                0x00000000080033c8                eeprom_update_block
 .text.FLASH_GetStatus
                0x00000000080033cc       0x34 .build/obj_gmmk_pro_ansi_mykey/common/chibios/flash_stm32.o
                0x00000000080033cc                FLASH_GetStatus
 .text.FLASH_WaitForLastOperation
                0x0000000008003400       0x38 .build/obj_gmmk_pro_ansi_mykey/common/chibios/flash_stm32.o
                0x0000000008003400                FLASH_WaitForLastOperation
 .text.FLASH_ErasePage
                0x0000000008003438       0x44 .build/obj_gmmk_pro_ansi_mykey/common/chibios/flash_stm32.o
                0x0000000008003438                FLASH_ErasePage
 .text.FLASH_ProgramHalfWord
                0x000000000800347c       0x4c .build/obj_gmmk_pro_ansi_mykey/common/chibios/flash_stm32.o
                0x000000000800347c                FLASH_ProgramHalfWord
 .text.FLASH_Unlock
                0x00000000080034c8       0x1c .build/obj_gmmk_pro_ansi_mykey/common/chibios/flash_stm32.o
                0x00000000080034c8                FLASH_Unlock
 .text.hsv_to_rgb_impl
                0x00000000080034e4       0xe0 .build/obj_gmmk_pro_ansi_mykey/quantum/color.o
                0x00000000080034e4                hsv_to_rgb_impl
 .text.hsv_to_rgb
                0x00000000080035c4        0xa .build/obj_gmmk_pro_ansi_mykey/quantum/color.o
                0x00000000080035c4                hsv_to_rgb
 .text.sqrt16   0x00000000080035ce       0x4a .build/obj_gmmk_pro_ansi_mykey/quantum/rgb_matrix/rgb_matrix.o
 .text.sin8_C   0x0000000008003618       0x44 .build/obj_gmmk_pro_ansi_mykey/quantum/rgb_matrix/rgb_matrix.o
 .text.BAND_SAT_math
                0x000000000800365c       0x58 .build/obj_gmmk_pro_ansi_mykey/quantum/rgb_matrix/rgb_matrix.o
 .text.BAND_VAL_math
                0x00000000080036b4       0x58 .build/obj_gmmk_pro_ansi_mykey/quantum/rgb_matrix/rgb_matrix.o
 .text.CYCLE_ALL_math
                0x000000000800370c       0x26 .build/obj_gmmk_pro_ansi_mykey/quantum/rgb_matrix/rgb_matrix.o
 *fill*         0x0000000008003732        0x2 
 .text.CYCLE_LEFT_RIGHT_math
                0x0000000008003734       0x34 .build/obj_gmmk_pro_ansi_mykey/quantum/rgb_matrix/rgb_matrix.o
 .text.CYCLE_UP_DOWN_math
                0x0000000008003768       0x38 .build/obj_gmmk_pro_ansi_mykey/quantum/rgb_matrix/rgb_matrix.o
 .text.RAINBOW_MOVING_CHEVRON_math
                0x00000000080037a0       0x54 .build/obj_gmmk_pro_ansi_mykey/quantum/rgb_matrix/rgb_matrix.o
 .text.CYCLE_OUT_IN_math
                0x00000000080037f4       0x32 .build/obj_gmmk_pro_ansi_mykey/quantum/rgb_matrix/rgb_matrix.o
 .text.CYCLE_OUT_IN_DUAL_math
                0x0000000008003826       0x48 .build/obj_gmmk_pro_ansi_mykey/quantum/rgb_matrix/rgb_matrix.o
 *fill*         0x000000000800386e        0x2 
 .text.DUAL_BEACON_math
                0x0000000008003870       0x50 .build/obj_gmmk_pro_ansi_mykey/quantum/rgb_matrix/rgb_matrix.o
 .text.RAINBOW_BEACON_math
                0x00000000080038c0       0x50 .build/obj_gmmk_pro_ansi_mykey/quantum/rgb_matrix/rgb_matrix.o
 .text.RAINBOW_PINWHEELS_math
                0x0000000008003910       0x64 .build/obj_gmmk_pro_ansi_mykey/quantum/rgb_matrix/rgb_matrix.o
 .text.HUE_PENDULUM_math
                0x0000000008003974       0x60 .build/obj_gmmk_pro_ansi_mykey/quantum/rgb_matrix/rgb_matrix.o
 .text.HUE_WAVE_math
                0x00000000080039d4       0x4c .build/obj_gmmk_pro_ansi_mykey/quantum/rgb_matrix/rgb_matrix.o
 .text.atan2_8  0x0000000008003a20       0x4c .build/obj_gmmk_pro_ansi_mykey/quantum/rgb_matrix/rgb_matrix.o
 .text.BAND_PINWHEEL_SAT_math
                0x0000000008003a6c       0x48 .build/obj_gmmk_pro_ansi_mykey/quantum/rgb_matrix/rgb_matrix.o
 .text.BAND_PINWHEEL_VAL_math
                0x0000000008003ab4       0x48 .build/obj_gmmk_pro_ansi_mykey/quantum/rgb_matrix/rgb_matrix.o
 .text.BAND_SPIRAL_SAT_math
                0x0000000008003afc       0x46 .build/obj_gmmk_pro_ansi_mykey/quantum/rgb_matrix/rgb_matrix.o
 .text.BAND_SPIRAL_VAL_math
                0x0000000008003b42       0x46 .build/obj_gmmk_pro_ansi_mykey/quantum/rgb_matrix/rgb_matrix.o
 .text.CYCLE_PINWHEEL_math
                0x0000000008003b88       0x30 .build/obj_gmmk_pro_ansi_mykey/quantum/rgb_matrix/rgb_matrix.o
 .text.CYCLE_SPIRAL_math
                0x0000000008003bb8       0x36 .build/obj_gmmk_pro_ansi_mykey/quantum/rgb_matrix/rgb_matrix.o
 .text.rgb_matrix_hsv_to_rgb
                0x0000000008003bee        0x8 .build/obj_gmmk_pro_ansi_mykey/quantum/rgb_matrix/rgb_matrix.o
                0x0000000008003bee                rgb_matrix_hsv_to_rgb
 *fill*         0x0000000008003bf6        0x2 
 .text.eeconfig_read_rgb_matrix
                0x0000000008003bf8       0x10 .build/obj_gmmk_pro_ansi_mykey/quantum/rgb_matrix/rgb_matrix.o
                0x0000000008003bf8                eeconfig_read_rgb_matrix
 .text.eeconfig_update_rgb_matrix
                0x0000000008003c08       0x10 .build/obj_gmmk_pro_ansi_mykey/quantum/rgb_matrix/rgb_matrix.o
                0x0000000008003c08                eeconfig_update_rgb_matrix
 .text.eeconfig_update_rgb_matrix_default
                0x0000000008003c18       0x28 .build/obj_gmmk_pro_ansi_mykey/quantum/rgb_matrix/rgb_matrix.o
                0x0000000008003c18                eeconfig_update_rgb_matrix_default
 .text.rgb_matrix_update_pwm_buffers
                0x0000000008003c40        0xc .build/obj_gmmk_pro_ansi_mykey/quantum/rgb_matrix/rgb_matrix.o
                0x0000000008003c40                rgb_matrix_update_pwm_buffers
 .text.rgb_matrix_set_color
                0x0000000008003c4c       0x14 .build/obj_gmmk_pro_ansi_mykey/quantum/rgb_matrix/rgb_matrix.o
                0x0000000008003c4c                rgb_matrix_set_color
 .text.effect_runner_dx_dy_dist
                0x0000000008003c60       0xe8 .build/obj_gmmk_pro_ansi_mykey/quantum/rgb_matrix/rgb_matrix.o
                0x0000000008003c60                effect_runner_dx_dy_dist
 .text.BAND_SPIRAL_SAT
                0x0000000008003d48        0xc .build/obj_gmmk_pro_ansi_mykey/quantum/rgb_matrix/rgb_matrix.o
                0x0000000008003d48                BAND_SPIRAL_SAT
 .text.BAND_SPIRAL_VAL
                0x0000000008003d54        0xc .build/obj_gmmk_pro_ansi_mykey/quantum/rgb_matrix/rgb_matrix.o
                0x0000000008003d54                BAND_SPIRAL_VAL
 .text.CYCLE_OUT_IN
                0x0000000008003d60        0xc .build/obj_gmmk_pro_ansi_mykey/quantum/rgb_matrix/rgb_matrix.o
                0x0000000008003d60                CYCLE_OUT_IN
 .text.CYCLE_SPIRAL
                0x0000000008003d6c        0xc .build/obj_gmmk_pro_ansi_mykey/quantum/rgb_matrix/rgb_matrix.o
                0x0000000008003d6c                CYCLE_SPIRAL
 .text.effect_runner_dx_dy
                0x0000000008003d78       0xd4 .build/obj_gmmk_pro_ansi_mykey/quantum/rgb_matrix/rgb_matrix.o
                0x0000000008003d78                effect_runner_dx_dy
 .text.BAND_PINWHEEL_SAT
                0x0000000008003e4c        0xc .build/obj_gmmk_pro_ansi_mykey/quantum/rgb_matrix/rgb_matrix.o
                0x0000000008003e4c                BAND_PINWHEEL_SAT
 .text.BAND_PINWHEEL_VAL
                0x0000000008003e58        0xc .build/obj_gmmk_pro_ansi_mykey/quantum/rgb_matrix/rgb_matrix.o
                0x0000000008003e58                BAND_PINWHEEL_VAL
 .text.CYCLE_OUT_IN_DUAL
                0x0000000008003e64        0xc .build/obj_gmmk_pro_ansi_mykey/quantum/rgb_matrix/rgb_matrix.o
                0x0000000008003e64                CYCLE_OUT_IN_DUAL
 .text.CYCLE_PINWHEEL
                0x0000000008003e70        0xc .build/obj_gmmk_pro_ansi_mykey/quantum/rgb_matrix/rgb_matrix.o
                0x0000000008003e70                CYCLE_PINWHEEL
 .text.effect_runner_i
                0x0000000008003e7c       0xb4 .build/obj_gmmk_pro_ansi_mykey/quantum/rgb_matrix/rgb_matrix.o
                0x0000000008003e7c                effect_runner_i
 .text.BAND_SAT
                0x0000000008003f30        0xc .build/obj_gmmk_pro_ansi_mykey/quantum/rgb_matrix/rgb_matrix.o
                0x0000000008003f30                BAND_SAT
 .text.BAND_VAL
                0x0000000008003f3c        0xc .build/obj_gmmk_pro_ansi_mykey/quantum/rgb_matrix/rgb_matrix.o
                0x0000000008003f3c                BAND_VAL
 .text.CYCLE_ALL
                0x0000000008003f48        0xc .build/obj_gmmk_pro_ansi_mykey/quantum/rgb_matrix/rgb_matrix.o
                0x0000000008003f48                CYCLE_ALL
 .text.CYCLE_LEFT_RIGHT
                0x0000000008003f54        0xc .build/obj_gmmk_pro_ansi_mykey/quantum/rgb_matrix/rgb_matrix.o
                0x0000000008003f54                CYCLE_LEFT_RIGHT
 .text.CYCLE_UP_DOWN
                0x0000000008003f60        0xc .build/obj_gmmk_pro_ansi_mykey/quantum/rgb_matrix/rgb_matrix.o
                0x0000000008003f60                CYCLE_UP_DOWN
 .text.RAINBOW_MOVING_CHEVRON
                0x0000000008003f6c        0xc .build/obj_gmmk_pro_ansi_mykey/quantum/rgb_matrix/rgb_matrix.o
                0x0000000008003f6c                RAINBOW_MOVING_CHEVRON
 .text.HUE_PENDULUM
                0x0000000008003f78        0xc .build/obj_gmmk_pro_ansi_mykey/quantum/rgb_matrix/rgb_matrix.o
                0x0000000008003f78                HUE_PENDULUM
 .text.HUE_WAVE
                0x0000000008003f84        0xc .build/obj_gmmk_pro_ansi_mykey/quantum/rgb_matrix/rgb_matrix.o
                0x0000000008003f84                HUE_WAVE
 .text.effect_runner_sin_cos_i
                0x0000000008003f90       0xdc .build/obj_gmmk_pro_ansi_mykey/quantum/rgb_matrix/rgb_matrix.o
                0x0000000008003f90                effect_runner_sin_cos_i
 .text.DUAL_BEACON
                0x000000000800406c        0xc .build/obj_gmmk_pro_ansi_mykey/quantum/rgb_matrix/rgb_matrix.o
                0x000000000800406c                DUAL_BEACON
 .text.RAINBOW_BEACON
                0x0000000008004078        0xc .build/obj_gmmk_pro_ansi_mykey/quantum/rgb_matrix/rgb_matrix.o
                0x0000000008004078                RAINBOW_BEACON
 .text.RAINBOW_PINWHEELS
                0x0000000008004084        0xc .build/obj_gmmk_pro_ansi_mykey/quantum/rgb_matrix/rgb_matrix.o
                0x0000000008004084                RAINBOW_PINWHEELS
 .text.SOLID_COLOR
                0x0000000008004090       0x88 .build/obj_gmmk_pro_ansi_mykey/quantum/rgb_matrix/rgb_matrix.o
                0x0000000008004090                SOLID_COLOR
 .text.ALPHAS_MODS
                0x0000000008004118       0xc8 .build/obj_gmmk_pro_ansi_mykey/quantum/rgb_matrix/rgb_matrix.o
                0x0000000008004118                ALPHAS_MODS
 .text.GRADIENT_UP_DOWN
                0x00000000080041e0       0x90 .build/obj_gmmk_pro_ansi_mykey/quantum/rgb_matrix/rgb_matrix.o
                0x00000000080041e0                GRADIENT_UP_DOWN
 .text.GRADIENT_LEFT_RIGHT
                0x0000000008004270       0x94 .build/obj_gmmk_pro_ansi_mykey/quantum/rgb_matrix/rgb_matrix.o
                0x0000000008004270                GRADIENT_LEFT_RIGHT
 .text.BREATHING
                0x0000000008004304       0xbc .build/obj_gmmk_pro_ansi_mykey/quantum/rgb_matrix/rgb_matrix.o
                0x0000000008004304                BREATHING
 .text.raindrops_set_color.isra.0
                0x00000000080043c0       0x74 .build/obj_gmmk_pro_ansi_mykey/quantum/rgb_matrix/rgb_matrix.o
 .text.RAINDROPS
                0x0000000008004434       0x80 .build/obj_gmmk_pro_ansi_mykey/quantum/rgb_matrix/rgb_matrix.o
                0x0000000008004434                RAINDROPS
 .text.jellybean_raindrops_set_color.isra.0
                0x00000000080044b4       0x54 .build/obj_gmmk_pro_ansi_mykey/quantum/rgb_matrix/rgb_matrix.o
 .text.JELLYBEAN_RAINDROPS
                0x0000000008004508       0x80 .build/obj_gmmk_pro_ansi_mykey/quantum/rgb_matrix/rgb_matrix.o
                0x0000000008004508                JELLYBEAN_RAINDROPS
 .text.HUE_BREATHING
                0x0000000008004588       0xc4 .build/obj_gmmk_pro_ansi_mykey/quantum/rgb_matrix/rgb_matrix.o
                0x0000000008004588                HUE_BREATHING
 .text.rgb_matrix_set_color_all
                0x000000000800464c        0xc .build/obj_gmmk_pro_ansi_mykey/quantum/rgb_matrix/rgb_matrix.o
                0x000000000800464c                rgb_matrix_set_color_all
 .text.process_rgb_matrix
                0x0000000008004658        0x4 .build/obj_gmmk_pro_ansi_mykey/quantum/rgb_matrix/rgb_matrix.o
                0x0000000008004658                process_rgb_matrix
 .text.rgb_matrix_indicators_kb
                0x000000000800465c        0x2 .build/obj_gmmk_pro_ansi_mykey/quantum/rgb_matrix/rgb_matrix.o
                0x000000000800465c                rgb_matrix_indicators_kb
 .text.rgb_matrix_indicators_user
                0x000000000800465e        0x2 .build/obj_gmmk_pro_ansi_mykey/quantum/rgb_matrix/rgb_matrix.o
                0x000000000800465e                rgb_matrix_indicators_user
 .text.rgb_matrix_indicators
                0x0000000008004660        0xc .build/obj_gmmk_pro_ansi_mykey/quantum/rgb_matrix/rgb_matrix.o
                0x0000000008004660                rgb_matrix_indicators
 .text.rgb_matrix_indicators_advanced_kb
                0x000000000800466c        0x2 .build/obj_gmmk_pro_ansi_mykey/quantum/rgb_matrix/rgb_matrix.o
                0x000000000800466c                rgb_matrix_indicators_advanced_kb
 .text.rgb_matrix_indicators_advanced
                0x000000000800466e       0x2e .build/obj_gmmk_pro_ansi_mykey/quantum/rgb_matrix/rgb_matrix.o
                0x000000000800466e                rgb_matrix_indicators_advanced
 .text.rgb_matrix_task
                0x000000000800469c      0x210 .build/obj_gmmk_pro_ansi_mykey/quantum/rgb_matrix/rgb_matrix.o
                0x000000000800469c                rgb_matrix_task
 .text.rgb_matrix_init
                0x00000000080048ac       0x38 .build/obj_gmmk_pro_ansi_mykey/quantum/rgb_matrix/rgb_matrix.o
                0x00000000080048ac                rgb_matrix_init
 .text.rgb_matrix_set_suspend_state
                0x00000000080048e4       0x1c .build/obj_gmmk_pro_ansi_mykey/quantum/rgb_matrix/rgb_matrix.o
                0x00000000080048e4                rgb_matrix_set_suspend_state
 .text.rgb_matrix_toggle_eeprom_helper
                0x0000000008004900       0x28 .build/obj_gmmk_pro_ansi_mykey/quantum/rgb_matrix/rgb_matrix.o
                0x0000000008004900                rgb_matrix_toggle_eeprom_helper
 .text.rgb_matrix_toggle
                0x0000000008004928        0x6 .build/obj_gmmk_pro_ansi_mykey/quantum/rgb_matrix/rgb_matrix.o
                0x0000000008004928                rgb_matrix_toggle
 *fill*         0x000000000800492e        0x2 
 .text.rgb_matrix_enable_noeeprom
                0x0000000008004930       0x24 .build/obj_gmmk_pro_ansi_mykey/quantum/rgb_matrix/rgb_matrix.o
                0x0000000008004930                rgb_matrix_enable_noeeprom
 .text.rgb_matrix_enable
                0x0000000008004954       0x14 .build/obj_gmmk_pro_ansi_mykey/quantum/rgb_matrix/rgb_matrix.o
                0x0000000008004954                rgb_matrix_enable
 .text.rgb_matrix_disable_noeeprom
                0x0000000008004968       0x20 .build/obj_gmmk_pro_ansi_mykey/quantum/rgb_matrix/rgb_matrix.o
                0x0000000008004968                rgb_matrix_disable_noeeprom
 .text.rgb_matrix_mode_eeprom_helper
                0x0000000008004988       0x38 .build/obj_gmmk_pro_ansi_mykey/quantum/rgb_matrix/rgb_matrix.o
                0x0000000008004988                rgb_matrix_mode_eeprom_helper
 .text.rgb_matrix_mode
                0x00000000080049c0        0x6 .build/obj_gmmk_pro_ansi_mykey/quantum/rgb_matrix/rgb_matrix.o
                0x00000000080049c0                rgb_matrix_mode
 *fill*         0x00000000080049c6        0x2 
 .text.rgb_matrix_step_helper
                0x00000000080049c8       0x1c .build/obj_gmmk_pro_ansi_mykey/quantum/rgb_matrix/rgb_matrix.o
                0x00000000080049c8                rgb_matrix_step_helper
 .text.rgb_matrix_step
                0x00000000080049e4        0x6 .build/obj_gmmk_pro_ansi_mykey/quantum/rgb_matrix/rgb_matrix.o
                0x00000000080049e4                rgb_matrix_step
 *fill*         0x00000000080049ea        0x2 
 .text.rgb_matrix_step_reverse_helper
                0x00000000080049ec       0x20 .build/obj_gmmk_pro_ansi_mykey/quantum/rgb_matrix/rgb_matrix.o
                0x00000000080049ec                rgb_matrix_step_reverse_helper
 .text.rgb_matrix_step_reverse
                0x0000000008004a0c        0x6 .build/obj_gmmk_pro_ansi_mykey/quantum/rgb_matrix/rgb_matrix.o
                0x0000000008004a0c                rgb_matrix_step_reverse
 *fill*         0x0000000008004a12        0x2 
 .text.rgb_matrix_sethsv_eeprom_helper
                0x0000000008004a14       0x24 .build/obj_gmmk_pro_ansi_mykey/quantum/rgb_matrix/rgb_matrix.o
                0x0000000008004a14                rgb_matrix_sethsv_eeprom_helper
 .text.rgb_matrix_increase_hue_helper
                0x0000000008004a38       0x14 .build/obj_gmmk_pro_ansi_mykey/quantum/rgb_matrix/rgb_matrix.o
                0x0000000008004a38                rgb_matrix_increase_hue_helper
 .text.rgb_matrix_increase_hue
                0x0000000008004a4c        0x6 .build/obj_gmmk_pro_ansi_mykey/quantum/rgb_matrix/rgb_matrix.o
                0x0000000008004a4c                rgb_matrix_increase_hue
 *fill*         0x0000000008004a52        0x2 
 .text.rgb_matrix_decrease_hue_helper
                0x0000000008004a54       0x1c .build/obj_gmmk_pro_ansi_mykey/quantum/rgb_matrix/rgb_matrix.o
                0x0000000008004a54                rgb_matrix_decrease_hue_helper
 .text.rgb_matrix_decrease_hue
                0x0000000008004a70        0x6 .build/obj_gmmk_pro_ansi_mykey/quantum/rgb_matrix/rgb_matrix.o
                0x0000000008004a70                rgb_matrix_decrease_hue
 *fill*         0x0000000008004a76        0x2 
 .text.rgb_matrix_increase_sat_helper
                0x0000000008004a78       0x24 .build/obj_gmmk_pro_ansi_mykey/quantum/rgb_matrix/rgb_matrix.o
                0x0000000008004a78                rgb_matrix_increase_sat_helper
 .text.rgb_matrix_increase_sat
                0x0000000008004a9c        0x6 .build/obj_gmmk_pro_ansi_mykey/quantum/rgb_matrix/rgb_matrix.o
                0x0000000008004a9c                rgb_matrix_increase_sat
 *fill*         0x0000000008004aa2        0x2 
 .text.rgb_matrix_decrease_sat_helper
                0x0000000008004aa4       0x20 .build/obj_gmmk_pro_ansi_mykey/quantum/rgb_matrix/rgb_matrix.o
                0x0000000008004aa4                rgb_matrix_decrease_sat_helper
 .text.rgb_matrix_decrease_sat
                0x0000000008004ac4        0x6 .build/obj_gmmk_pro_ansi_mykey/quantum/rgb_matrix/rgb_matrix.o
                0x0000000008004ac4                rgb_matrix_decrease_sat
 *fill*         0x0000000008004aca        0x2 
 .text.rgb_matrix_increase_val_helper
                0x0000000008004acc       0x24 .build/obj_gmmk_pro_ansi_mykey/quantum/rgb_matrix/rgb_matrix.o
                0x0000000008004acc                rgb_matrix_increase_val_helper
 .text.rgb_matrix_increase_val
                0x0000000008004af0        0x6 .build/obj_gmmk_pro_ansi_mykey/quantum/rgb_matrix/rgb_matrix.o
                0x0000000008004af0                rgb_matrix_increase_val
 *fill*         0x0000000008004af6        0x2 
 .text.rgb_matrix_decrease_val_helper
                0x0000000008004af8       0x20 .build/obj_gmmk_pro_ansi_mykey/quantum/rgb_matrix/rgb_matrix.o
                0x0000000008004af8                rgb_matrix_decrease_val_helper
 .text.rgb_matrix_decrease_val
                0x0000000008004b18        0x6 .build/obj_gmmk_pro_ansi_mykey/quantum/rgb_matrix/rgb_matrix.o
                0x0000000008004b18                rgb_matrix_decrease_val
 *fill*         0x0000000008004b1e        0x2 
 .text.rgb_matrix_set_speed_eeprom_helper
                0x0000000008004b20       0x18 .build/obj_gmmk_pro_ansi_mykey/quantum/rgb_matrix/rgb_matrix.o
                0x0000000008004b20                rgb_matrix_set_speed_eeprom_helper
 .text.rgb_matrix_increase_speed_helper
                0x0000000008004b38       0x18 .build/obj_gmmk_pro_ansi_mykey/quantum/rgb_matrix/rgb_matrix.o
                0x0000000008004b38                rgb_matrix_increase_speed_helper
 .text.rgb_matrix_increase_speed
                0x0000000008004b50        0x6 .build/obj_gmmk_pro_ansi_mykey/quantum/rgb_matrix/rgb_matrix.o
                0x0000000008004b50                rgb_matrix_increase_speed
 *fill*         0x0000000008004b56        0x2 
 .text.rgb_matrix_decrease_speed_helper
                0x0000000008004b58       0x18 .build/obj_gmmk_pro_ansi_mykey/quantum/rgb_matrix/rgb_matrix.o
                0x0000000008004b58                rgb_matrix_decrease_speed_helper
 .text.rgb_matrix_decrease_speed
                0x0000000008004b70        0x6 .build/obj_gmmk_pro_ansi_mykey/quantum/rgb_matrix/rgb_matrix.o
                0x0000000008004b70                rgb_matrix_decrease_speed
 *fill*         0x0000000008004b76        0x2 
 .text.flush    0x0000000008004b78       0x20 .build/obj_gmmk_pro_ansi_mykey/quantum/rgb_matrix/rgb_matrix_drivers.o
 .text.init     0x0000000008004b98       0x28 .build/obj_gmmk_pro_ansi_mykey/quantum/rgb_matrix/rgb_matrix_drivers.o
 .text.AW20216_write
                0x0000000008004bc0       0x4c .build/obj_gmmk_pro_ansi_mykey/aw20216.o
                0x0000000008004bc0                AW20216_write
 .text.AW20216_init
                0x0000000008004c0c       0x6e .build/obj_gmmk_pro_ansi_mykey/aw20216.o
                0x0000000008004c0c                AW20216_init
 *fill*         0x0000000008004c7a        0x2 
 .text.AW20216_set_color
                0x0000000008004c7c       0x3c .build/obj_gmmk_pro_ansi_mykey/aw20216.o
                0x0000000008004c7c                AW20216_set_color
 .text.AW20216_set_color_all
                0x0000000008004cb8       0x1e .build/obj_gmmk_pro_ansi_mykey/aw20216.o
                0x0000000008004cb8                AW20216_set_color_all
 *fill*         0x0000000008004cd6        0x2 
 .text.AW20216_update_pwm_buffers
                0x0000000008004cd8       0x2c .build/obj_gmmk_pro_ansi_mykey/aw20216.o
                0x0000000008004cd8                AW20216_update_pwm_buffers
 .text.handleKeycodeRGB
                0x0000000008004d04        0x6 .build/obj_gmmk_pro_ansi_mykey/quantum/process_keycode/process_rgb.o
 *fill*         0x0000000008004d0a        0x2 
 .text.process_rgb
                0x0000000008004d0c       0xdc .build/obj_gmmk_pro_ansi_mykey/quantum/process_keycode/process_rgb.o
                0x0000000008004d0c                process_rgb
 .text.encoder_update_kb
                0x0000000008004de8        0x8 .build/obj_gmmk_pro_ansi_mykey/quantum/encoder.o
                0x0000000008004de8                encoder_update_kb
 .text.encoder_init
                0x0000000008004df0       0x3c .build/obj_gmmk_pro_ansi_mykey/quantum/encoder.o
                0x0000000008004df0                encoder_init
 .text.encoder_read
                0x0000000008004e2c       0x90 .build/obj_gmmk_pro_ansi_mykey/quantum/encoder.o
                0x0000000008004e2c                encoder_read
 .text.via_eeprom_is_valid
                0x0000000008004ebc       0x2a .build/obj_gmmk_pro_ansi_mykey/quantum/via.o
                0x0000000008004ebc                via_eeprom_is_valid
 .text.via_eeprom_set_valid
                0x0000000008004ee6       0x32 .build/obj_gmmk_pro_ansi_mykey/quantum/via.o
                0x0000000008004ee6                via_eeprom_set_valid
 .text.via_eeprom_reset
                0x0000000008004f18       0x10 .build/obj_gmmk_pro_ansi_mykey/quantum/via.o
                0x0000000008004f18                via_eeprom_reset
 .text.via_init_kb
                0x0000000008004f28        0x2 .build/obj_gmmk_pro_ansi_mykey/quantum/via.o
                0x0000000008004f28                via_init_kb
 .text.via_get_layout_options
                0x0000000008004f2a        0xa .build/obj_gmmk_pro_ansi_mykey/quantum/via.o
                0x0000000008004f2a                via_get_layout_options
 .text.via_set_layout_options
                0x0000000008004f34        0x8 .build/obj_gmmk_pro_ansi_mykey/quantum/via.o
                0x0000000008004f34                via_set_layout_options
 .text.via_init
                0x0000000008004f3c       0x24 .build/obj_gmmk_pro_ansi_mykey/quantum/via.o
                0x0000000008004f3c                via_init
 .text.process_record_via
                0x0000000008004f60       0x6e .build/obj_gmmk_pro_ansi_mykey/quantum/via.o
                0x0000000008004f60                process_record_via
 .text.raw_hid_receive_kb
                0x0000000008004fce        0x6 .build/obj_gmmk_pro_ansi_mykey/quantum/via.o
                0x0000000008004fce                raw_hid_receive_kb
 .text.raw_hid_receive
                0x0000000008004fd4      0x126 .build/obj_gmmk_pro_ansi_mykey/quantum/via.o
                0x0000000008004fd4                raw_hid_receive
 .text.dynamic_keymap_get_layer_count
                0x00000000080050fa        0x4 .build/obj_gmmk_pro_ansi_mykey/quantum/dynamic_keymap.o
                0x00000000080050fa                dynamic_keymap_get_layer_count
 .text.dynamic_keymap_key_to_eeprom_address
                0x00000000080050fe       0x10 .build/obj_gmmk_pro_ansi_mykey/quantum/dynamic_keymap.o
                0x00000000080050fe                dynamic_keymap_key_to_eeprom_address
 .text.dynamic_keymap_get_keycode
                0x000000000800510e       0x1c .build/obj_gmmk_pro_ansi_mykey/quantum/dynamic_keymap.o
                0x000000000800510e                dynamic_keymap_get_keycode
 .text.dynamic_keymap_set_keycode
                0x000000000800512a       0x1c .build/obj_gmmk_pro_ansi_mykey/quantum/dynamic_keymap.o
                0x000000000800512a                dynamic_keymap_set_keycode
 *fill*         0x0000000008005146        0x2 
 .text.dynamic_keymap_reset
                0x0000000008005148       0x50 .build/obj_gmmk_pro_ansi_mykey/quantum/dynamic_keymap.o
                0x0000000008005148                dynamic_keymap_reset
 .text.dynamic_keymap_get_buffer
                0x0000000008005198       0x2e .build/obj_gmmk_pro_ansi_mykey/quantum/dynamic_keymap.o
                0x0000000008005198                dynamic_keymap_get_buffer
 .text.dynamic_keymap_set_buffer
                0x00000000080051c6       0x28 .build/obj_gmmk_pro_ansi_mykey/quantum/dynamic_keymap.o
                0x00000000080051c6                dynamic_keymap_set_buffer
 .text.keymap_key_to_keycode
                0x00000000080051ee       0x26 .build/obj_gmmk_pro_ansi_mykey/quantum/dynamic_keymap.o
                0x00000000080051ee                keymap_key_to_keycode
 .text.dynamic_keymap_macro_get_count
                0x0000000008005214        0x4 .build/obj_gmmk_pro_ansi_mykey/quantum/dynamic_keymap.o
                0x0000000008005214                dynamic_keymap_macro_get_count
 .text.dynamic_keymap_macro_get_buffer_size
                0x0000000008005218        0x6 .build/obj_gmmk_pro_ansi_mykey/quantum/dynamic_keymap.o
                0x0000000008005218                dynamic_keymap_macro_get_buffer_size
 .text.dynamic_keymap_macro_get_buffer
                0x000000000800521e       0x2e .build/obj_gmmk_pro_ansi_mykey/quantum/dynamic_keymap.o
                0x000000000800521e                dynamic_keymap_macro_get_buffer
 .text.dynamic_keymap_macro_set_buffer
                0x000000000800524c       0x28 .build/obj_gmmk_pro_ansi_mykey/quantum/dynamic_keymap.o
                0x000000000800524c                dynamic_keymap_macro_set_buffer
 .text.dynamic_keymap_macro_reset
                0x0000000008005274       0x18 .build/obj_gmmk_pro_ansi_mykey/quantum/dynamic_keymap.o
                0x0000000008005274                dynamic_keymap_macro_reset
 .text.dynamic_keymap_macro_send
                0x000000000800528c       0x6e .build/obj_gmmk_pro_ansi_mykey/quantum/dynamic_keymap.o
                0x000000000800528c                dynamic_keymap_macro_send
 *fill*         0x00000000080052fa        0x2 
 .text.perform_space_cadet
                0x00000000080052fc       0xb8 .build/obj_gmmk_pro_ansi_mykey/quantum/process_keycode/process_space_cadet.o
                0x00000000080052fc                perform_space_cadet
 .text.process_space_cadet
                0x00000000080053b4       0xb4 .build/obj_gmmk_pro_ansi_mykey/quantum/process_keycode/process_space_cadet.o
                0x00000000080053b4                process_space_cadet
 .text.process_magic
                0x0000000008005468      0x1b4 .build/obj_gmmk_pro_ansi_mykey/quantum/process_keycode/process_magic.o
                0x0000000008005468                process_magic
 .text.process_grave_esc
                0x000000000800561c       0x5c .build/obj_gmmk_pro_ansi_mykey/quantum/process_keycode/process_grave_esc.o
                0x000000000800561c                process_grave_esc
 .text.dynamic_macro_record_start_user
                0x0000000008005678        0x2 .build/obj_gmmk_pro_ansi_mykey/quantum/process_keycode/process_dynamic_macro.o
                0x0000000008005678                dynamic_macro_record_start_user
 .text.dynamic_macro_play_user
                0x000000000800567a        0x2 .build/obj_gmmk_pro_ansi_mykey/quantum/process_keycode/process_dynamic_macro.o
                0x000000000800567a                dynamic_macro_play_user
 .text.dynamic_macro_record_key_user
                0x000000000800567c        0x2 .build/obj_gmmk_pro_ansi_mykey/quantum/process_keycode/process_dynamic_macro.o
                0x000000000800567c                dynamic_macro_record_key_user
 .text.dynamic_macro_record_end_user
                0x000000000800567e        0x2 .build/obj_gmmk_pro_ansi_mykey/quantum/process_keycode/process_dynamic_macro.o
                0x000000000800567e                dynamic_macro_record_end_user
 .text.dynamic_macro_record_start
                0x0000000008005680       0x16 .build/obj_gmmk_pro_ansi_mykey/quantum/process_keycode/process_dynamic_macro.o
                0x0000000008005680                dynamic_macro_record_start
 *fill*         0x0000000008005696        0x2 
 .text.dynamic_macro_play
                0x0000000008005698       0x40 .build/obj_gmmk_pro_ansi_mykey/quantum/process_keycode/process_dynamic_macro.o
                0x0000000008005698                dynamic_macro_play
 .text.dynamic_macro_record_key
                0x00000000080056d8       0x32 .build/obj_gmmk_pro_ansi_mykey/quantum/process_keycode/process_dynamic_macro.o
                0x00000000080056d8                dynamic_macro_record_key
 .text.dynamic_macro_record_end
                0x000000000800570a       0x26 .build/obj_gmmk_pro_ansi_mykey/quantum/process_keycode/process_dynamic_macro.o
                0x000000000800570a                dynamic_macro_record_end
 .text.process_dynamic_macro
                0x0000000008005730       0xec .build/obj_gmmk_pro_ansi_mykey/quantum/process_keycode/process_dynamic_macro.o
                0x0000000008005730                process_dynamic_macro
 .text.process_tap_dance_action_on_dance_finished.part.0
                0x000000000800581c       0x2a .build/obj_gmmk_pro_ansi_mykey/quantum/process_keycode/process_tap_dance.o
 .text.qk_tap_dance_pair_on_each_tap
                0x0000000008005846       0x16 .build/obj_gmmk_pro_ansi_mykey/quantum/process_keycode/process_tap_dance.o
                0x0000000008005846                qk_tap_dance_pair_on_each_tap
 .text.qk_tap_dance_pair_finished
                0x000000000800585c       0x16 .build/obj_gmmk_pro_ansi_mykey/quantum/process_keycode/process_tap_dance.o
                0x000000000800585c                qk_tap_dance_pair_finished
 .text.qk_tap_dance_pair_reset
                0x0000000008005872       0x16 .build/obj_gmmk_pro_ansi_mykey/quantum/process_keycode/process_tap_dance.o
                0x0000000008005872                qk_tap_dance_pair_reset
 .text.reset_tap_dance
                0x0000000008005888       0x50 .build/obj_gmmk_pro_ansi_mykey/quantum/process_keycode/process_tap_dance.o
                0x0000000008005888                reset_tap_dance
 .text.preprocess_tap_dance
                0x00000000080058d8       0x6c .build/obj_gmmk_pro_ansi_mykey/quantum/process_keycode/process_tap_dance.o
                0x00000000080058d8                preprocess_tap_dance
 .text.process_tap_dance
                0x0000000008005944       0x88 .build/obj_gmmk_pro_ansi_mykey/quantum/process_keycode/process_tap_dance.o
                0x0000000008005944                process_tap_dance
 .text.tap_dance_task
                0x00000000080059cc       0x64 .build/obj_gmmk_pro_ansi_mykey/quantum/process_keycode/process_tap_dance.o
                0x00000000080059cc                tap_dance_task
 .text.spi_init
                0x0000000008005a30       0x74 .build/obj_gmmk_pro_ansi_mykey/spi_master.a(spi_master.o)
                0x0000000008005a30                spi_init
 .text.spi_start
                0x0000000008005aa4       0xe8 .build/obj_gmmk_pro_ansi_mykey/spi_master.a(spi_master.o)
                0x0000000008005aa4                spi_start
 .text.spi_transmit
                0x0000000008005b8c       0x14 .build/obj_gmmk_pro_ansi_mykey/spi_master.a(spi_master.o)
                0x0000000008005b8c                spi_transmit
 .text.spi_stop
                0x0000000008005ba0       0x28 .build/obj_gmmk_pro_ansi_mykey/spi_master.a(spi_master.o)
                0x0000000008005ba0                spi_stop
 .text.host_set_driver
                0x0000000008005bc8        0xc .build/obj_gmmk_pro_ansi_mykey/common/host.o
                0x0000000008005bc8                host_set_driver
 .text.host_keyboard_leds
                0x0000000008005bd4       0x10 .build/obj_gmmk_pro_ansi_mykey/common/host.o
                0x0000000008005bd4                host_keyboard_leds
 .text.host_keyboard_send
                0x0000000008005be4       0x30 .build/obj_gmmk_pro_ansi_mykey/common/host.o
                0x0000000008005be4                host_keyboard_send
 .text.host_mouse_send
                0x0000000008005c14       0x14 .build/obj_gmmk_pro_ansi_mykey/common/host.o
                0x0000000008005c14                host_mouse_send
 .text.host_system_send
                0x0000000008005c28       0x20 .build/obj_gmmk_pro_ansi_mykey/common/host.o
                0x0000000008005c28                host_system_send
 .text.host_consumer_send
                0x0000000008005c48       0x20 .build/obj_gmmk_pro_ansi_mykey/common/host.o
                0x0000000008005c48                host_consumer_send
 .text.last_matrix_activity_trigger
                0x0000000008005c68       0x18 .build/obj_gmmk_pro_ansi_mykey/common/keyboard.o
                0x0000000008005c68                last_matrix_activity_trigger
 .text.last_encoder_activity_trigger
                0x0000000008005c80       0x18 .build/obj_gmmk_pro_ansi_mykey/common/keyboard.o
                0x0000000008005c80                last_encoder_activity_trigger
 .text.matrix_setup
                0x0000000008005c98        0x2 .build/obj_gmmk_pro_ansi_mykey/common/keyboard.o
                0x0000000008005c98                matrix_setup
 .text.keyboard_pre_init_user
                0x0000000008005c9a        0x2 .build/obj_gmmk_pro_ansi_mykey/common/keyboard.o
                0x0000000008005c9a                keyboard_pre_init_user
 .text.keyboard_pre_init_kb
                0x0000000008005c9c        0x8 .build/obj_gmmk_pro_ansi_mykey/common/keyboard.o
                0x0000000008005c9c                keyboard_pre_init_kb
 .text.keyboard_post_init_kb
                0x0000000008005ca4        0x8 .build/obj_gmmk_pro_ansi_mykey/common/keyboard.o
                0x0000000008005ca4                keyboard_post_init_kb
 .text.keyboard_setup
                0x0000000008005cac       0x1c .build/obj_gmmk_pro_ansi_mykey/common/keyboard.o
                0x0000000008005cac                keyboard_setup
 .text.is_keyboard_master
                0x0000000008005cc8        0x4 .build/obj_gmmk_pro_ansi_mykey/common/keyboard.o
                0x0000000008005cc8                is_keyboard_master
 .text.should_process_keypress
                0x0000000008005ccc        0x8 .build/obj_gmmk_pro_ansi_mykey/common/keyboard.o
                0x0000000008005ccc                should_process_keypress
 .text.housekeeping_task_kb
                0x0000000008005cd4        0x2 .build/obj_gmmk_pro_ansi_mykey/common/keyboard.o
                0x0000000008005cd4                housekeeping_task_kb
 .text.housekeeping_task_user
                0x0000000008005cd6        0x2 .build/obj_gmmk_pro_ansi_mykey/common/keyboard.o
                0x0000000008005cd6                housekeeping_task_user
 .text.housekeeping_task
                0x0000000008005cd8        0xc .build/obj_gmmk_pro_ansi_mykey/common/keyboard.o
                0x0000000008005cd8                housekeeping_task
 .text.keyboard_init
                0x0000000008005ce4       0x18 .build/obj_gmmk_pro_ansi_mykey/common/keyboard.o
                0x0000000008005ce4                keyboard_init
 .text.keyboard_task
                0x0000000008005cfc      0x118 .build/obj_gmmk_pro_ansi_mykey/common/keyboard.o
                0x0000000008005cfc                keyboard_task
 .text.action_exec
                0x0000000008005e14       0x52 .build/obj_gmmk_pro_ansi_mykey/common/action.o
                0x0000000008005e14                action_exec
 .text.process_record_tap_hint
                0x0000000008005e66        0x6 .build/obj_gmmk_pro_ansi_mykey/common/action.o
                0x0000000008005e66                process_record_tap_hint
 .text.register_code
                0x0000000008005e6c      0x100 .build/obj_gmmk_pro_ansi_mykey/common/action.o
                0x0000000008005e6c                register_code
 .text.unregister_code
                0x0000000008005f6c       0xba .build/obj_gmmk_pro_ansi_mykey/common/action.o
                0x0000000008005f6c                unregister_code
 .text.tap_code_delay
                0x0000000008006026       0x22 .build/obj_gmmk_pro_ansi_mykey/common/action.o
                0x0000000008006026                tap_code_delay
 .text.tap_code
                0x0000000008006048        0xc .build/obj_gmmk_pro_ansi_mykey/common/action.o
                0x0000000008006048                tap_code
 .text.register_mods
                0x0000000008006054       0x12 .build/obj_gmmk_pro_ansi_mykey/common/action.o
                0x0000000008006054                register_mods
 .text.unregister_mods
                0x0000000008006066       0x12 .build/obj_gmmk_pro_ansi_mykey/common/action.o
                0x0000000008006066                unregister_mods
 .text.process_action
                0x0000000008006078      0x39c .build/obj_gmmk_pro_ansi_mykey/common/action.o
                0x0000000008006078                process_action
 .text.process_record_handler
                0x0000000008006414       0x26 .build/obj_gmmk_pro_ansi_mykey/common/action.o
                0x0000000008006414                process_record_handler
 .text.process_record
                0x000000000800643a       0x46 .build/obj_gmmk_pro_ansi_mykey/common/action.o
                0x000000000800643a                process_record
 .text.register_weak_mods
                0x0000000008006480       0x12 .build/obj_gmmk_pro_ansi_mykey/common/action.o
                0x0000000008006480                register_weak_mods
 .text.unregister_weak_mods
                0x0000000008006492       0x12 .build/obj_gmmk_pro_ansi_mykey/common/action.o
                0x0000000008006492                unregister_weak_mods
 .text.clear_keyboard_but_mods_and_keys
                0x00000000080064a4       0x26 .build/obj_gmmk_pro_ansi_mykey/common/action.o
                0x00000000080064a4                clear_keyboard_but_mods_and_keys
 .text.clear_keyboard_but_mods
                0x00000000080064ca        0xe .build/obj_gmmk_pro_ansi_mykey/common/action.o
                0x00000000080064ca                clear_keyboard_but_mods
 .text.clear_keyboard
                0x00000000080064d8        0xe .build/obj_gmmk_pro_ansi_mykey/common/action.o
                0x00000000080064d8                clear_keyboard
 .text.is_tap_action
                0x00000000080064e6       0x4e .build/obj_gmmk_pro_ansi_mykey/common/action.o
                0x00000000080064e6                is_tap_action
 .text.is_tap_record
                0x0000000008006534       0x10 .build/obj_gmmk_pro_ansi_mykey/common/action.o
                0x0000000008006534                is_tap_record
 .text.debug_event
                0x0000000008006544        0xc .build/obj_gmmk_pro_ansi_mykey/common/action.o
                0x0000000008006544                debug_event
 .text.debug_record
                0x0000000008006550        0xc .build/obj_gmmk_pro_ansi_mykey/common/action.o
                0x0000000008006550                debug_record
 .text.debug_waiting_buffer
                0x000000000800655c       0x34 .build/obj_gmmk_pro_ansi_mykey/common/action_tapping.o
 .text.debug_tapping_key
                0x0000000008006590       0x10 .build/obj_gmmk_pro_ansi_mykey/common/action_tapping.o
 .text.waiting_buffer_scan_tap
                0x00000000080065a0       0x98 .build/obj_gmmk_pro_ansi_mykey/common/action_tapping.o
 .text.process_tapping
                0x0000000008006638      0x2b0 .build/obj_gmmk_pro_ansi_mykey/common/action_tapping.o
 .text.action_tapping_process
                0x00000000080068e8       0xd0 .build/obj_gmmk_pro_ansi_mykey/common/action_tapping.o
                0x00000000080068e8                action_tapping_process
 .text.action_macro_play
                0x00000000080069b8       0xb4 .build/obj_gmmk_pro_ansi_mykey/common/action_macro.o
                0x00000000080069b8                action_macro_play
 .text.default_layer_state_set_user
                0x0000000008006a6c        0x2 .build/obj_gmmk_pro_ansi_mykey/common/action_layer.o
                0x0000000008006a6c                default_layer_state_set_user
 .text.default_layer_state_set_kb
                0x0000000008006a6e        0x8 .build/obj_gmmk_pro_ansi_mykey/common/action_layer.o
                0x0000000008006a6e                default_layer_state_set_kb
 *fill*         0x0000000008006a76        0x2 
 .text.default_layer_state_set
                0x0000000008006a78       0x18 .build/obj_gmmk_pro_ansi_mykey/common/action_layer.o
 .text.default_layer_debug
                0x0000000008006a90        0x2 .build/obj_gmmk_pro_ansi_mykey/common/action_layer.o
                0x0000000008006a90                default_layer_debug
 .text.default_layer_set
                0x0000000008006a92        0x4 .build/obj_gmmk_pro_ansi_mykey/common/action_layer.o
                0x0000000008006a92                default_layer_set
 *fill*         0x0000000008006a96        0x2 
 .text.default_layer_or
                0x0000000008006a98       0x10 .build/obj_gmmk_pro_ansi_mykey/common/action_layer.o
                0x0000000008006a98                default_layer_or
 .text.default_layer_and
                0x0000000008006aa8       0x10 .build/obj_gmmk_pro_ansi_mykey/common/action_layer.o
                0x0000000008006aa8                default_layer_and
 .text.default_layer_xor
                0x0000000008006ab8       0x10 .build/obj_gmmk_pro_ansi_mykey/common/action_layer.o
                0x0000000008006ab8                default_layer_xor
 .text.layer_state_set_user
                0x0000000008006ac8        0x2 .build/obj_gmmk_pro_ansi_mykey/common/action_layer.o
                0x0000000008006ac8                layer_state_set_user
 .text.layer_state_set_kb
                0x0000000008006aca        0x8 .build/obj_gmmk_pro_ansi_mykey/common/action_layer.o
                0x0000000008006aca                layer_state_set_kb
 *fill*         0x0000000008006ad2        0x2 
 .text.layer_state_set
                0x0000000008006ad4       0x18 .build/obj_gmmk_pro_ansi_mykey/common/action_layer.o
                0x0000000008006ad4                layer_state_set
 .text.layer_clear
                0x0000000008006aec        0x6 .build/obj_gmmk_pro_ansi_mykey/common/action_layer.o
                0x0000000008006aec                layer_clear
 .text.layer_move
                0x0000000008006af2        0xc .build/obj_gmmk_pro_ansi_mykey/common/action_layer.o
                0x0000000008006af2                layer_move
 *fill*         0x0000000008006afe        0x2 
 .text.layer_on
                0x0000000008006b00       0x18 .build/obj_gmmk_pro_ansi_mykey/common/action_layer.o
                0x0000000008006b00                layer_on
 .text.layer_off
                0x0000000008006b18       0x18 .build/obj_gmmk_pro_ansi_mykey/common/action_layer.o
                0x0000000008006b18                layer_off
 .text.layer_invert
                0x0000000008006b30       0x18 .build/obj_gmmk_pro_ansi_mykey/common/action_layer.o
                0x0000000008006b30                layer_invert
 .text.layer_or
                0x0000000008006b48       0x10 .build/obj_gmmk_pro_ansi_mykey/common/action_layer.o
                0x0000000008006b48                layer_or
 .text.layer_and
                0x0000000008006b58       0x10 .build/obj_gmmk_pro_ansi_mykey/common/action_layer.o
                0x0000000008006b58                layer_and
 .text.layer_xor
                0x0000000008006b68       0x10 .build/obj_gmmk_pro_ansi_mykey/common/action_layer.o
                0x0000000008006b68                layer_xor
 .text.layer_debug
                0x0000000008006b78        0x2 .build/obj_gmmk_pro_ansi_mykey/common/action_layer.o
                0x0000000008006b78                layer_debug
 *fill*         0x0000000008006b7a        0x2 
 .text.update_source_layers_cache
                0x0000000008006b7c       0x44 .build/obj_gmmk_pro_ansi_mykey/common/action_layer.o
                0x0000000008006b7c                update_source_layers_cache
 .text.read_source_layers_cache
                0x0000000008006bc0       0x3c .build/obj_gmmk_pro_ansi_mykey/common/action_layer.o
                0x0000000008006bc0                read_source_layers_cache
 .text.layer_switch_get_layer
                0x0000000008006bfc       0x40 .build/obj_gmmk_pro_ansi_mykey/common/action_layer.o
                0x0000000008006bfc                layer_switch_get_layer
 .text.layer_switch_get_action
                0x0000000008006c3c       0x18 .build/obj_gmmk_pro_ansi_mykey/common/action_layer.o
                0x0000000008006c3c                layer_switch_get_action
 .text.store_or_get_action
                0x0000000008006c54       0x48 .build/obj_gmmk_pro_ansi_mykey/common/action_layer.o
                0x0000000008006c54                store_or_get_action
 .text.add_key  0x0000000008006c9c       0x10 .build/obj_gmmk_pro_ansi_mykey/common/action_util.o
                0x0000000008006c9c                add_key