Archive member included to satisfy reference by file (symbol)

.build/obj_gmmk_pro_ansi_mykey/spi_master.a(spi_master.o)
                              .build/obj_gmmk_pro_ansi_mykey/quantum/rgb_matrix/rgb_matrix_drivers.o (spi_init)
c:/qmk_msys/mingw64/bin/../lib/gcc/arm-none-eabi/10.1.0/thumb/v7e-m+fp/hard\libgcc.a(_aeabi_ldivmod.o)
                              .build/obj_gmmk_pro_ansi_mykey/common/chibios/suspend.o (__aeabi_ldivmod)
c:/qmk_msys/mingw64/bin/../lib/gcc/arm-none-eabi/10.1.0/thumb/v7e-m+fp/hard\libgcc.a(_aeabi_uldivmod.o)
                              .build/obj_gmmk_pro_ansi_mykey/common/chibios/suspend.o (__aeabi_uldivmod)
c:/qmk_msys/mingw64/bin/../lib/gcc/arm-none-eabi/10.1.0/thumb/v7e-m+fp/hard\libgcc.a(_udivmoddi4.o)
                              c:/qmk_msys/mingw64/bin/../lib/gcc/arm-none-eabi/10.1.0/thumb/v7e-m+fp/hard\libgcc.a(_aeabi_ldivmod.o) (__udivmoddi4)
c:/qmk_msys/mingw64/bin/../lib/gcc/arm-none-eabi/10.1.0/thumb/v7e-m+fp/hard\libgcc.a(_dvmd_tls.o)
                              c:/qmk_msys/mingw64/bin/../lib/gcc/arm-none-eabi/10.1.0/thumb/v7e-m+fp/hard\libgcc.a(_aeabi_ldivmod.o) (__aeabi_ldiv0)
c:/qmk_msys/mingw64/bin/../lib/gcc/arm-none-eabi/10.1.0/../../../../arm-none-eabi/lib/thumb/v7e-m+fp/hard\libg_nano.a(lib_a-atexit.o)
                              c:/qmk_msys/mingw64/bin/../lib/gcc/arm-none-eabi/10.1.0/../../../../arm-none-eabi/lib/thumb/v7e-m+fp/hard/crt0.o (atexit)
c:/qmk_msys/mingw64/bin/../lib/gcc/arm-none-eabi/10.1.0/../../../../arm-none-eabi/lib/thumb/v7e-m+fp/hard\libg_nano.a(lib_a-ctype_.o)
                              .build/obj_gmmk_pro_ansi_mykey/quantum/send_string.o (_ctype_)
c:/qmk_msys/mingw64/bin/../lib/gcc/arm-none-eabi/10.1.0/../../../../arm-none-eabi/lib/thumb/v7e-m+fp/hard\libg_nano.a(lib_a-errno.o)
                              .build/obj_gmmk_pro_ansi/common/chibios/syscall-fallbacks.o (__errno)
c:/qmk_msys/mingw64/bin/../lib/gcc/arm-none-eabi/10.1.0/../../../../arm-none-eabi/lib/thumb/v7e-m+fp/hard\libg_nano.a(lib_a-exit.o)
                              c:/qmk_msys/mingw64/bin/../lib/gcc/arm-none-eabi/10.1.0/../../../../arm-none-eabi/lib/thumb/v7e-m+fp/hard/crt0.o (exit)
c:/qmk_msys/mingw64/bin/../lib/gcc/arm-none-eabi/10.1.0/../../../../arm-none-eabi/lib/thumb/v7e-m+fp/hard\libg_nano.a(lib_a-fini.o)
                              c:/qmk_msys/mingw64/bin/../lib/gcc/arm-none-eabi/10.1.0/../../../../arm-none-eabi/lib/thumb/v7e-m+fp/hard/crt0.o (__libc_fini_array)
c:/qmk_msys/mingw64/bin/../lib/gcc/arm-none-eabi/10.1.0/../../../../arm-none-eabi/lib/thumb/v7e-m+fp/hard\libg_nano.a(lib_a-impure.o)
                              c:/qmk_msys/mingw64/bin/../lib/gcc/arm-none-eabi/10.1.0/../../../../arm-none-eabi/lib/thumb/v7e-m+fp/hard\libg_nano.a(lib_a-exit.o) (_global_impure_ptr)
c:/qmk_msys/mingw64/bin/../lib/gcc/arm-none-eabi/10.1.0/../../../../arm-none-eabi/lib/thumb/v7e-m+fp/hard\libg_nano.a(lib_a-init.o)
                              c:/qmk_msys/mingw64/bin/../lib/gcc/arm-none-eabi/10.1.0/../../../../arm-none-eabi/lib/thumb/v7e-m+fp/hard/crt0.o (__libc_init_array)
c:/qmk_msys/mingw64/bin/../lib/gcc/arm-none-eabi/10.1.0/../../../../arm-none-eabi/lib/thumb/v7e-m+fp/hard\libg_nano.a(lib_a-memcmp.o)
                              .build/obj_gmmk_pro_ansi_mykey/quantum/matrix.o (memcmp)
c:/qmk_msys/mingw64/bin/../lib/gcc/arm-none-eabi/10.1.0/../../../../arm-none-eabi/lib/thumb/v7e-m+fp/hard\libg_nano.a(lib_a-memcpy.o)
                              .build/obj_gmmk_pro_ansi_mykey/common/chibios/eeprom_stm32.o (memcpy)
c:/qmk_msys/mingw64/bin/../lib/gcc/arm-none-eabi/10.1.0/../../../../arm-none-eabi/lib/thumb/v7e-m+fp/hard\libg_nano.a(lib_a-memset.o)
                              c:/qmk_msys/mingw64/bin/../lib/gcc/arm-none-eabi/10.1.0/../../../../arm-none-eabi/lib/thumb/v7e-m+fp/hard/crt0.o (memset)
c:/qmk_msys/mingw64/bin/../lib/gcc/arm-none-eabi/10.1.0/../../../../arm-none-eabi/lib/thumb/v7e-m+fp/hard\libg_nano.a(lib_a-rand.o)
                              .build/obj_gmmk_pro_ansi_mykey/quantum/send_string.o (rand)
c:/qmk_msys/mingw64/bin/../lib/gcc/arm-none-eabi/10.1.0/../../../../arm-none-eabi/lib/thumb/v7e-m+fp/hard\libg_nano.a(lib_a-__atexit.o)
                              c:/qmk_msys/mingw64/bin/../lib/gcc/arm-none-eabi/10.1.0/../../../../arm-none-eabi/lib/thumb/v7e-m+fp/hard\libg_nano.a(lib_a-atexit.o) (__register_exitproc)
c:/qmk_msys/mingw64/bin/../lib/gcc/arm-none-eabi/10.1.0/../../../../arm-none-eabi/lib/thumb/v7e-m+fp/hard\libg_nano.a(lib_a-__call_atexit.o)
                              c:/qmk_msys/mingw64/bin/../lib/gcc/arm-none-eabi/10.1.0/../../../../arm-none-eabi/lib/thumb/v7e-m+fp/hard\libg_nano.a(lib_a-__atexit.o) (__call_exitprocs)
c:/qmk_msys/mingw64/bin/../lib/gcc/arm-none-eabi/10.1.0/../../../../arm-none-eabi/lib/thumb/v7e-m+fp/hard\libg_nano.a(lib_a-assert.o)
[...]
Memory Configuration

Name             Origin             Length             Attributes
flash0           0x0000000008000000 0x0000000000040000 xr
flash1           0x0000000000000000 0x0000000000000000 xr
flash2           0x0000000000000000 0x0000000000000000 xr
flash3           0x0000000000000000 0x0000000000000000 xr
flash4           0x0000000000000000 0x0000000000000000 xr
flash5           0x0000000000000000 0x0000000000000000 xr
flash6           0x0000000000000000 0x0000000000000000 xr
flash7           0x0000000000000000 0x0000000000000000 xr
ram0             0x0000000020000000 0x000000000000a000 xw
ram1             0x0000000000000000 0x0000000000000000 xw
ram2             0x0000000000000000 0x0000000000000000 xw
ram3             0x0000000000000000 0x0000000000000000 xw
ram4             0x0000000010000000 0x0000000000002000 xw
ram5             0x0000000000000000 0x0000000000000000 xw
ram6             0x0000000000000000 0x0000000000000000 xw
ram7             0x0000000000000000 0x0000000000000000 xw
*default*        0x0000000000000000 0xffffffffffffffff

Linker script and memory map

LOAD c:/qmk_msys/mingw64/bin/../lib/gcc/arm-none-eabi/10.1.0/thumb/v7e-m+fp/hard/crti.o
LOAD c:/qmk_msys/mingw64/bin/../lib/gcc/arm-none-eabi/10.1.0/thumb/v7e-m+fp/hard/crtbegin.o
LOAD c:/qmk_msys/mingw64/bin/../lib/gcc/arm-none-eabi/10.1.0/../../../../arm-none-eabi/lib/thumb/v7e-m+fp/hard/crt0.o
LOAD .build/obj_gmmk_pro_ansi_mykey/keyboards/gmmk/pro/pro.o
LOAD .build/obj_gmmk_pro_ansi_mykey/keyboards/gmmk/pro/ansi/ansi.o
LOAD .build/obj_gmmk_pro_ansi_mykey/keyboards/gmmk/pro/ansi/keymaps/mykey/keymap.o
LOAD .build/obj_gmmk_pro_ansi_mykey/quantum/quantum.o
LOAD .build/obj_gmmk_pro_ansi_mykey/quantum/send_string.o
LOAD .build/obj_gmmk_pro_ansi_mykey/quantum/bitwise.o
LOAD .build/obj_gmmk_pro_ansi_mykey/quantum/led.o
LOAD .build/obj_gmmk_pro_ansi_mykey/quantum/keymap_common.o
LOAD .build/obj_gmmk_pro_ansi_mykey/quantum/keycode_config.o
LOAD .build/obj_gmmk_pro_ansi_mykey/quantum/logging/debug.o
LOAD .build/obj_gmmk_pro_ansi_mykey/quantum/logging/sendchar.o
LOAD .build/obj_gmmk_pro_ansi_mykey/quantum/logging/print.o
LOAD .build/obj_gmmk_pro_ansi_mykey/quantum/bootmagic/bootmagic_lite.o
LOAD .build/obj_gmmk_pro_ansi_mykey/quantum/bootmagic/magic.o
LOAD .build/obj_gmmk_pro_ansi_mykey/quantum/matrix_common.o
LOAD .build/obj_gmmk_pro_ansi_mykey/quantum/matrix.o
LOAD .build/obj_gmmk_pro_ansi_mykey/quantum/debounce/sym_defer_g.o
LOAD .build/obj_gmmk_pro_ansi_mykey/lib/printf/printf.o
LOAD .build/obj_gmmk_pro_ansi_mykey/quantum/command.o
LOAD .build/obj_gmmk_pro_ansi_mykey/quantum/mousekey.o
LOAD .build/obj_gmmk_pro_ansi_mykey/common/chibios/eeprom_stm32.o
LOAD .build/obj_gmmk_pro_ansi_mykey/common/chibios/flash_stm32.o
LOAD .build/obj_gmmk_pro_ansi_mykey/quantum/color.o
LOAD .build/obj_gmmk_pro_ansi_mykey/quantum/rgb_matrix/rgb_matrix.o
LOAD .build/obj_gmmk_pro_ansi_mykey/quantum/rgb_matrix/rgb_matrix_drivers.o
LOAD .build/obj_gmmk_pro_ansi_mykey/lib/lib8tion/lib8tion.o
LOAD .build/obj_gmmk_pro_ansi_mykey/aw20216.o
LOAD .build/obj_gmmk_pro_ansi_mykey/quantum/process_keycode/process_rgb.o
LOAD .build/obj_gmmk_pro_ansi_mykey/quantum/led_tables.o
LOAD .build/obj_gmmk_pro_ansi_mykey/quantum/encoder.o
LOAD .build/obj_gmmk_pro_ansi_mykey/quantum/via.o
LOAD .build/obj_gmmk_pro_ansi_mykey/quantum/dynamic_keymap.o
LOAD .build/obj_gmmk_pro_ansi_mykey/quantum/process_keycode/process_space_cadet.o
LOAD .build/obj_gmmk_pro_ansi_mykey/quantum/process_keycode/process_magic.o
LOAD .build/obj_gmmk_pro_ansi_mykey/quantum/process_keycode/process_grave_esc.o
LOAD .build/obj_gmmk_pro_ansi_mykey/quantum/process_keycode/process_dynamic_macro.o
LOAD .build/obj_gmmk_pro_ansi_mykey/quantum/process_keycode/process_tap_dance.o
LOAD .build/obj_gmmk_pro_ansi_mykey/spi_master.a
LOAD .build/obj_gmmk_pro_ansi_mykey/./lib/chibios/os/common/startup/ARMCMx/compilers/GCC/crt0_v7m.o
LOAD .build/obj_gmmk_pro_ansi_mykey/./lib/chibios/os/common/startup/ARMCMx/compilers/GCC/vectors.o
LOAD .build/obj_gmmk_pro_ansi_mykey/./lib/chibios/os/common/ports/ARMCMx/compilers/GCC/chcoreasm_v7m.o
LOAD .build/obj_gmmk_pro_ansi_mykey/common/host.o
LOAD .build/obj_gmmk_pro_ansi_mykey/common/keyboard.o
LOAD .build/obj_gmmk_pro_ansi_mykey/common/action.o
LOAD .build/obj_gmmk_pro_ansi_mykey/common/action_tapping.o
LOAD .build/obj_gmmk_pro_ansi_mykey/common/action_macro.o
LOAD .build/obj_gmmk_pro_ansi_mykey/common/action_layer.o
LOAD .build/obj_gmmk_pro_ansi_mykey/common/action_util.o
LOAD .build/obj_gmmk_pro_ansi_mykey/common/eeconfig.o
LOAD .build/obj_gmmk_pro_ansi_mykey/common/report.o
LOAD .build/obj_gmmk_pro_ansi_mykey/common/sync_timer.o
LOAD .build/obj_gmmk_pro_ansi_mykey/common/usb_util.o
LOAD .build/obj_gmmk_pro_ansi_mykey/common/chibios/suspend.o
LOAD .build/obj_gmmk_pro_ansi_mykey/common/chibios/timer.o
LOAD .build/obj_gmmk_pro_ansi_mykey/common/chibios/bootloader.o
LOAD .build/obj_gmmk_pro_ansi_mykey/protocol/chibios/usb_main.o
LOAD .build/obj_gmmk_pro_ansi_mykey/protocol/chibios/main.o
LOAD .build/obj_gmmk_pro_ansi_mykey/usb_descriptor.o
LOAD .build/obj_gmmk_pro_ansi_mykey/protocol/chibios/usb_driver.o
LOAD .build/obj_gmmk_pro_ansi_mykey/protocol/chibios/usb_util.o
LOAD .build/obj_gmmk_pro_ansi_mykey/./lib/chibios/os/oslib/src/chmboxes.o
LOAD .build/obj_gmmk_pro_ansi_mykey/./lib/chibios/os/oslib/src/chmemcore.o
LOAD .build/obj_gmmk_pro_ansi_mykey/./lib/chibios/os/oslib/src/chmemheaps.o
LOAD .build/obj_gmmk_pro_ansi_mykey/./lib/chibios/os/oslib/src/chmempools.o
LOAD .build/obj_gmmk_pro_ansi_mykey/./lib/chibios/os/oslib/src/chpipes.o
LOAD .build/obj_gmmk_pro_ansi_mykey/./lib/chibios/os/oslib/src/chobjcaches.o
LOAD .build/obj_gmmk_pro_ansi_mykey/./lib/chibios/os/oslib/src/chdelegates.o
LOAD .build/obj_gmmk_pro_ansi_mykey/./lib/chibios/os/oslib/src/chfactory.o
LOAD .build/obj_gmmk_pro_ansi/lib/chibios/os/common/startup/ARMCMx/compilers/GCC/crt1.o
LOAD .build/obj_gmmk_pro_ansi/lib/chibios/os/rt/src/chsys.o
LOAD .build/obj_gmmk_pro_ansi/lib/chibios/os/rt/src/chdebug.o
LOAD .build/obj_gmmk_pro_ansi/lib/chibios/os/rt/src/chtrace.o
LOAD .build/obj_gmmk_pro_ansi/lib/chibios/os/rt/src/chvt.o
LOAD .build/obj_gmmk_pro_ansi/lib/chibios/os/rt/src/chschd.o
LOAD .build/obj_gmmk_pro_ansi/lib/chibios/os/rt/src/chthreads.o
LOAD .build/obj_gmmk_pro_ansi/lib/chibios/os/rt/src/chtm.o
LOAD .build/obj_gmmk_pro_ansi/lib/chibios/os/rt/src/chstats.o
LOAD .build/obj_gmmk_pro_ansi/lib/chibios/os/rt/src/chregistry.o
LOAD .build/obj_gmmk_pro_ansi/lib/chibios/os/rt/src/chsem.o
LOAD .build/obj_gmmk_pro_ansi/lib/chibios/os/rt/src/chmtx.o
LOAD .build/obj_gmmk_pro_ansi/lib/chibios/os/rt/src/chcond.o
LOAD .build/obj_gmmk_pro_ansi/lib/chibios/os/rt/src/chevents.o
LOAD .build/obj_gmmk_pro_ansi/lib/chibios/os/rt/src/chmsg.o
LOAD .build/obj_gmmk_pro_ansi/lib/chibios/os/rt/src/chdynamic.o
LOAD .build/obj_gmmk_pro_ansi/lib/chibios/os/common/ports/ARMCMx/chcore.o
LOAD .build/obj_gmmk_pro_ansi/lib/chibios/os/common/ports/ARMCMx/chcore_v7m.o
LOAD .build/obj_gmmk_pro_ansi/lib/chibios/os/hal/osal/rt-nil/osal.o
LOAD .build/obj_gmmk_pro_ansi/lib/chibios/os/hal/src/hal.o
LOAD .build/obj_gmmk_pro_ansi/lib/chibios/os/hal/src/hal_st.o
LOAD .build/obj_gmmk_pro_ansi/lib/chibios/os/hal/src/hal_buffers.o
LOAD .build/obj_gmmk_pro_ansi/lib/chibios/os/hal/src/hal_queues.o
LOAD .build/obj_gmmk_pro_ansi/lib/chibios/os/hal/src/hal_flash.o
LOAD .build/obj_gmmk_pro_ansi/lib/chibios/os/hal/src/hal_mmcsd.o
LOAD .build/obj_gmmk_pro_ansi/lib/chibios/os/hal/src/hal_adc.o
LOAD .build/obj_gmmk_pro_ansi/lib/chibios/os/hal/src/hal_can.o
LOAD .build/obj_gmmk_pro_ansi/lib/chibios/os/hal/src/hal_crypto.o
LOAD .build/obj_gmmk_pro_ansi/lib/chibios/os/hal/src/hal_dac.o
LOAD .build/obj_gmmk_pro_ansi/lib/chibios/os/hal/src/hal_efl.o
LOAD .build/obj_gmmk_pro_ansi/lib/chibios/os/hal/src/hal_gpt.o
LOAD .build/obj_gmmk_pro_ansi/lib/chibios/os/hal/src/hal_i2c.o
LOAD .build/obj_gmmk_pro_ansi/lib/chibios/os/hal/src/hal_i2s.o
LOAD .build/obj_gmmk_pro_ansi/lib/chibios/os/hal/src/hal_icu.o
LOAD .build/obj_gmmk_pro_ansi/lib/chibios/os/hal/src/hal_mac.o
LOAD .build/obj_gmmk_pro_ansi/lib/chibios/os/hal/src/hal_mmc_spi.o
LOAD .build/obj_gmmk_pro_ansi/lib/chibios/os/hal/src/hal_pal.o
LOAD .build/obj_gmmk_pro_ansi/lib/chibios/os/hal/src/hal_pwm.o
LOAD .build/obj_gmmk_pro_ansi/lib/chibios/os/hal/src/hal_rtc.o
LOAD .build/obj_gmmk_pro_ansi/lib/chibios/os/hal/src/hal_sdc.o
LOAD .build/obj_gmmk_pro_ansi/lib/chibios/os/hal/src/hal_serial.o
LOAD .build/obj_gmmk_pro_ansi/lib/chibios/os/hal/src/hal_serial_usb.o
LOAD .build/obj_gmmk_pro_ansi/lib/chibios/os/hal/src/hal_sio.o
LOAD .build/obj_gmmk_pro_ansi/lib/chibios/os/hal/src/hal_spi.o
LOAD .build/obj_gmmk_pro_ansi/lib/chibios/os/hal/src/hal_trng.o
LOAD .build/obj_gmmk_pro_ansi/lib/chibios/os/hal/src/hal_uart.o
LOAD .build/obj_gmmk_pro_ansi/lib/chibios/os/hal/src/hal_usb.o
LOAD .build/obj_gmmk_pro_ansi/lib/chibios/os/hal/src/hal_wdg.o
LOAD .build/obj_gmmk_pro_ansi/lib/chibios/os/hal/src/hal_wspi.o
LOAD .build/obj_gmmk_pro_ansi/lib/chibios/os/hal/ports/common/ARMCMx/nvic.o
LOAD .build/obj_gmmk_pro_ansi/lib/chibios/os/hal/ports/STM32/STM32F3xx/stm32_isr.o
LOAD .build/obj_gmmk_pro_ansi/lib/chibios/os/hal/ports/STM32/STM32F3xx/hal_lld.o
LOAD .build/obj_gmmk_pro_ansi/lib/chibios/os/hal/ports/STM32/LLD/ADCv3/hal_adc_lld.o
LOAD .build/obj_gmmk_pro_ansi/lib/chibios/os/hal/ports/STM32/LLD/CANv1/hal_can_lld.o
LOAD .build/obj_gmmk_pro_ansi/lib/chibios/os/hal/ports/STM32/LLD/DACv1/hal_dac_lld.o
LOAD .build/obj_gmmk_pro_ansi/lib/chibios/os/hal/ports/STM32/LLD/DMAv1/stm32_dma.o
LOAD .build/obj_gmmk_pro_ansi/lib/chibios/os/hal/ports/STM32/LLD/EXTIv1/stm32_exti.o
LOAD .build/obj_gmmk_pro_ansi/lib/chibios/os/hal/ports/STM32/LLD/GPIOv2/hal_pal_lld.o
LOAD .build/obj_gmmk_pro_ansi/lib/chibios/os/hal/ports/STM32/LLD/I2Cv2/hal_i2c_lld.o
LOAD .build/obj_gmmk_pro_ansi/lib/chibios/os/hal/ports/STM32/LLD/RTCv2/hal_rtc_lld.o
LOAD .build/obj_gmmk_pro_ansi/lib/chibios/os/hal/ports/STM32/LLD/SPIv2/hal_i2s_lld.o
LOAD .build/obj_gmmk_pro_ansi/lib/chibios/os/hal/ports/STM32/LLD/SPIv2/hal_spi_lld.o
LOAD .build/obj_gmmk_pro_ansi/lib/chibios/os/hal/ports/STM32/LLD/TIMv1/hal_st_lld.o
LOAD .build/obj_gmmk_pro_ansi/lib/chibios/os/hal/ports/STM32/LLD/TIMv1/hal_gpt_lld.o
LOAD .build/obj_gmmk_pro_ansi/lib/chibios/os/hal/ports/STM32/LLD/TIMv1/hal_icu_lld.o
LOAD .build/obj_gmmk_pro_ansi/lib/chibios/os/hal/ports/STM32/LLD/TIMv1/hal_pwm_lld.o
LOAD .build/obj_gmmk_pro_ansi/lib/chibios/os/hal/ports/STM32/LLD/USARTv2/hal_serial_lld.o
LOAD .build/obj_gmmk_pro_ansi/lib/chibios/os/hal/ports/STM32/LLD/USARTv2/hal_uart_lld.o
LOAD .build/obj_gmmk_pro_ansi/lib/chibios/os/hal/ports/STM32/LLD/USBv1/hal_usb_lld.o
LOAD .build/obj_gmmk_pro_ansi/lib/chibios/os/hal/ports/STM32/LLD/xWDGv1/hal_wdg_lld.o
LOAD .build/obj_gmmk_pro_ansi/lib/chibios/os/hal/boards/ST_STM32F3_DISCOVERY/board.o
LOAD .build/obj_gmmk_pro_ansi/lib/chibios/os/hal/lib/streams/chprintf.o
LOAD .build/obj_gmmk_pro_ansi/lib/chibios/os/hal/lib/streams/memstreams.o
LOAD .build/obj_gmmk_pro_ansi/lib/chibios/os/hal/lib/streams/nullstreams.o
LOAD .build/obj_gmmk_pro_ansi/lib/chibios/os/various/syscalls.o
LOAD .build/obj_gmmk_pro_ansi/common/chibios/syscall-fallbacks.o

.mstack         0x0000000020000000      0x400
                0x0000000020000000                . = ALIGN (0x8)
                0x0000000020000000                __main_stack_base__ = .
                0x0000000020000400                . = (. + __main_stack_size__)
 *fill*         0x0000000020000000      0x400 
                0x0000000020000400                . = ALIGN (0x8)
                0x0000000020000400                __main_stack_end__ = .

.pstack         0x0000000020000400      0x800
                0x0000000020000400                . = ALIGN (0x8)
                0x0000000020000400                __process_stack_base__ = .
                0x0000000020000400                __main_thread_stack_base__ = .
                0x0000000020000c00                . = (. + __process_stack_size__)
 *fill*         0x0000000020000400      0x800 
                0x0000000020000c00                . = ALIGN (0x8)
                0x0000000020000c00                __process_stack_end__ = .
                0x0000000020000c00                __main_thread_stack_end__ = .

.vectors        0x0000000008000000      0x1a0
 *(.vectors)
 .vectors       0x0000000008000000      0x1a0 .build/obj_gmmk_pro_ansi_mykey/./lib/chibios/os/common/startup/ARMCMx/compilers/GCC/vectors.o
                0x0000000008000000                _vectors

.xtors          0x00000000080001a0        0x8
                0x00000000080001a0                __init_array_base__ = .
 *(SORT_BY_NAME(.init_array.*))
 *(.init_array)
 .init_array    0x00000000080001a0        0x4 c:/qmk_msys/mingw64/bin/../lib/gcc/arm-none-eabi/10.1.0/thumb/v7e-m+fp/hard/crtbegin.o
                0x00000000080001a4                __init_array_end__ = .
                0x00000000080001a4                __fini_array_base__ = .
 *(.fini_array)
 .fini_array    0x00000000080001a4        0x4 c:/qmk_msys/mingw64/bin/../lib/gcc/arm-none-eabi/10.1.0/thumb/v7e-m+fp/hard/crtbegin.o
 *(SORT_BY_NAME(.fini_array.*))
                0x00000000080001a8                __fini_array_end__ = .

.text           0x00000000080001b0     0xb09a
                0x00000000080001b0                __text_base__ = .
 *(.text)
 .text          0x00000000080001b0      0x120 .build/obj_gmmk_pro_ansi_mykey/./lib/chibios/os/common/startup/ARMCMx/compilers/GCC/crt0_v7m.o
                0x00000000080001b0                _crt0_entry
 .text          0x00000000080002d0        0x8 .build/obj_gmmk_pro_ansi_mykey/./lib/chibios/os/common/startup/ARMCMx/compilers/GCC/vectors.o
                0x00000000080002d0                Reset_Handler
                0x00000000080002d2                VectorE8
                0x00000000080002d2                Vector9C
                0x00000000080002d2                VectorAC
                0x00000000080002d2                DebugMon_Handler
                0x00000000080002d2                Vector5C
                0x00000000080002d2                Vector11C
                0x00000000080002d2                HardFault_Handler
                0x00000000080002d2                Vector19C
                0x00000000080002d2                Vector8C
                0x00000000080002d2                SysTick_Handler
                0x00000000080002d2                VectorDC
                0x00000000080002d2                PendSV_Handler
                0x00000000080002d2                Vector168
                0x00000000080002d2                NMI_Handler
                0x00000000080002d2                Vector110
                0x00000000080002d2                VectorC8
                0x00000000080002d2                Vector94
                0x00000000080002d2                VectorA8
                0x00000000080002d2                VectorB4
                0x00000000080002d2                Vector160
                0x00000000080002d2                UsageFault_Handler
                0x00000000080002d2                VectorEC
                0x00000000080002d2                Vector40
                0x00000000080002d2                VectorF8
                0x00000000080002d2                Vector108
                0x00000000080002d2                VectorBC
                0x00000000080002d2                Vector190
                0x00000000080002d2                Vector150
                0x00000000080002d2                Vector148
                0x00000000080002d2                Vector188
                0x00000000080002d2                Vector198
                0x00000000080002d2                Vector118
                0x00000000080002d2                Vector64
                0x00000000080002d2                Vector58
                0x00000000080002d2                VectorCC
                0x00000000080002d2                Vector54
                0x00000000080002d2                Vector98
                0x00000000080002d2                VectorD8
                0x00000000080002d2                Vector138
                0x00000000080002d2                Vector24
                0x00000000080002d2                Vector178
                0x00000000080002d2                VectorD0
                0x00000000080002d2                Vector140
                0x00000000080002d2                VectorE4
                0x00000000080002d2                VectorC0
                0x00000000080002d2                Vector158
                0x00000000080002d2                Vector134
                0x00000000080002d2                VectorF0
                0x00000000080002d2                Vector13C
                0x00000000080002d2                Vector100
                0x00000000080002d2                VectorE0
                0x00000000080002d2                VectorF4
                0x00000000080002d2                MemManage_Handler
                0x00000000080002d2                VectorA0
                0x00000000080002d2                VectorC4
                0x00000000080002d2                Vector180
                0x00000000080002d2                Vector90
                0x00000000080002d2                Vector114
                0x00000000080002d2                Vector164
                0x00000000080002d2                Vector60
                0x00000000080002d2                Vector1C
                0x00000000080002d2                Vector17C
                0x00000000080002d2                Vector48
                0x00000000080002d2                VectorD4
                0x00000000080002d2                Vector4C
                0x00000000080002d2                Vector144
                0x00000000080002d2                Vector15C
                0x00000000080002d2                Vector68
                0x00000000080002d2                Vector18C
                0x00000000080002d2                Vector170
                0x00000000080002d2                Vector88
                0x00000000080002d2                Vector104
                0x00000000080002d2                Vector184
                0x00000000080002d2                Vector10C
                0x00000000080002d2                Vector14C
                0x00000000080002d2                BusFault_Handler
                0x00000000080002d2                Vector50
                0x00000000080002d2                Vector194
                0x00000000080002d2                Vector154
                0x00000000080002d2                Vector44
                0x00000000080002d2                Vector28
                0x00000000080002d2                VectorB8
                0x00000000080002d2                VectorFC
                0x00000000080002d2                Vector34
                0x00000000080002d2                VectorA4
                0x00000000080002d2                Vector20
                0x00000000080002d2                Vector174
                0x00000000080002d6                _unhandled_exception
 .text          0x00000000080002d8       0x32 .build/obj_gmmk_pro_ansi_mykey/./lib/chibios/os/common/ports/ARMCMx/compilers/GCC/chcoreasm_v7m.o
                0x00000000080002d8                _port_switch
                0x00000000080002f0                _port_thread_start
                0x0000000008000302                _port_switch_from_isr
                0x0000000008000306                _port_exit_from_isr
 *fill*         0x000000000800030a        0x2 
 .text          0x000000000800030c       0x30 c:/qmk_msys/mingw64/bin/../lib/gcc/arm-none-eabi/10.1.0/thumb/v7e-m+fp/hard\libgcc.a(_aeabi_uldivmod.o)
                0x000000000800030c                __aeabi_uldivmod
 .text          0x000000000800033c        0x4 c:/qmk_msys/mingw64/bin/../lib/gcc/arm-none-eabi/10.1.0/thumb/v7e-m+fp/hard\libgcc.a(_dvmd_tls.o)
                0x000000000800033c                __aeabi_idiv0
                0x000000000800033c                __aeabi_ldiv0
 .text          0x0000000008000340        0xc c:/qmk_msys/mingw64/bin/../lib/gcc/arm-none-eabi/10.1.0/../../../../arm-none-eabi/lib/thumb/v7e-m+fp/hard\libg_nano.a(lib_a-errno.o)
                0x0000000008000340                __errno
 .text          0x000000000800034c       0x60 c:/qmk_msys/mingw64/bin/../lib/gcc/arm-none-eabi/10.1.0/../../../../arm-none-eabi/lib/thumb/v7e-m+fp/hard\libg_nano.a(lib_a-memcmp.o)
                0x000000000800034c                memcmp
 .text          0x00000000080003ac      0x134 c:/qmk_msys/mingw64/bin/../lib/gcc/arm-none-eabi/10.1.0/../../../../arm-none-eabi/lib/thumb/v7e-m+fp/hard\libg_nano.a(lib_a-memcpy.o)
                0x00000000080003ac                memcpy
 .text          0x00000000080004e0       0xa0 c:/qmk_msys/mingw64/bin/../lib/gcc/arm-none-eabi/10.1.0/../../../../arm-none-eabi/lib/thumb/v7e-m+fp/hard\libg_nano.a(lib_a-memset.o)
                0x00000000080004e0                memset
 .text          0x0000000008000580       0xf4 c:/qmk_msys/mingw64/bin/../lib/gcc/arm-none-eabi/10.1.0/../../../../arm-none-eabi/lib/thumb/v7e-m+fp/hard\libg_nano.a(lib_a-rand.o)
                0x0000000008000580                srand
                0x00000000080005e4                rand
 .text          0x0000000008000674       0x48 c:/qmk_msys/mingw64/bin/../lib/gcc/arm-none-eabi/10.1.0/../../../../arm-none-eabi/lib/thumb/v7e-m+fp/hard\libg_nano.a(lib_a-assert.o)
                0x0000000008000674                __assert_func
                0x00000000080006b0                __assert
 .text          0x00000000080006bc       0x44 c:/qmk_msys/mingw64/bin/../lib/gcc/arm-none-eabi/10.1.0/../../../../arm-none-eabi/lib/thumb/v7e-m+fp/hard\libg_nano.a(lib_a-fprintf.o)
                0x00000000080006bc                _fprintf_r
                0x00000000080006bc                _fiprintf_r
                0x00000000080006d8                fiprintf
                0x00000000080006d8                fprintf
 .text          0x0000000008000700       0x28 c:/qmk_msys/mingw64/bin/../lib/gcc/arm-none-eabi/10.1.0/../../../../arm-none-eabi/lib/thumb/v7e-m+fp/hard\libg_nano.a(lib_a-lock.o)
                0x0000000008000700                __retarget_lock_init
                0x0000000008000704                __retarget_lock_init_recursive
                0x0000000008000708                __retarget_lock_close
                0x000000000800070c                __retarget_lock_close_recursive
                0x0000000008000710                __retarget_lock_acquire
                0x0000000008000714                __retarget_lock_acquire_recursive
                0x0000000008000718                __retarget_lock_try_acquire
                0x000000000800071c                __retarget_lock_try_acquire_recursive
                0x0000000008000720                __retarget_lock_release
                0x0000000008000724                __retarget_lock_release_recursive
 .text          0x0000000008000728       0x20 c:/qmk_msys/mingw64/bin/../lib/gcc/arm-none-eabi/10.1.0/../../../../arm-none-eabi/lib/thumb/v7e-m+fp/hard\libg_nano.a(lib_a-malloc.o)
                0x0000000008000728                malloc
                0x0000000008000738                free
 .text          0x0000000008000748       0xac c:/qmk_msys/mingw64/bin/../lib/gcc/arm-none-eabi/10.1.0/../../../../arm-none-eabi/lib/thumb/v7e-m+fp/hard\libg_nano.a(lib_a-nano-freer.o)
                0x0000000008000748                _free_r
 .text          0x00000000080007f4       0xc8 c:/qmk_msys/mingw64/bin/../lib/gcc/arm-none-eabi/10.1.0/../../../../arm-none-eabi/lib/thumb/v7e-m+fp/hard\libg_nano.a(lib_a-nano-mallocr.o)
                0x00000000080007f4                _malloc_r
 .text          0x00000000080008bc      0x3a8 c:/qmk_msys/mingw64/bin/../lib/gcc/arm-none-eabi/10.1.0/../../../../arm-none-eabi/lib/thumb/v7e-m+fp/hard\libg_nano.a(lib_a-nano-vfprintf.o)
                0x00000000080008f8                __sfputs_r
                0x0000000008000928                __sprint_r
                0x0000000008000944                _vfiprintf_r
                0x0000000008000944                _vfprintf_r
                0x0000000008000c4c                vfprintf
                0x0000000008000c4c                vfiprintf
 .text          0x0000000008000c64      0x3c4 c:/qmk_msys/mingw64/bin/../lib/gcc/arm-none-eabi/10.1.0/../../../../arm-none-eabi/lib/thumb/v7e-m+fp/hard\libg_nano.a(lib_a-nano-vfprintf_i.o)
                0x0000000008000c64                _printf_common
                0x0000000008000d90                _printf_i
 .text          0x0000000008001028       0xc0 c:/qmk_msys/mingw64/bin/../lib/gcc/arm-none-eabi/10.1.0/../../../../arm-none-eabi/lib/thumb/v7e-m+fp/hard\libg_nano.a(lib_a-wbuf.o)
                0x0000000008001028                __swbuf_r
                0x00000000080010d8                __swbuf
 .text          0x00000000080010e8      0x100 c:/qmk_msys/mingw64/bin/../lib/gcc/arm-none-eabi/10.1.0/../../../../arm-none-eabi/lib/thumb/v7e-m+fp/hard\libg_nano.a(lib_a-wsetup.o)
                0x00000000080010e8                __swsetup_r
 .text          0x00000000080011e8       0x10 c:/qmk_msys/mingw64/bin/../lib/gcc/arm-none-eabi/10.1.0/../../../../arm-none-eabi/lib/thumb/v7e-m+fp/hard\libg_nano.a(lib_a-abort.o)
                0x00000000080011e8                abort
 .text          0x00000000080011f8      0x1d0 c:/qmk_msys/mingw64/bin/../lib/gcc/arm-none-eabi/10.1.0/../../../../arm-none-eabi/lib/thumb/v7e-m+fp/hard\libg_nano.a(lib_a-fflush.o)
                0x00000000080011f8                __sflush_r
                0x0000000008001324                _fflush_r
                0x00000000080013a4                fflush
 .text          0x00000000080013c8      0x2b8 c:/qmk_msys/mingw64/bin/../lib/gcc/arm-none-eabi/10.1.0/../../../../arm-none-eabi/lib/thumb/v7e-m+fp/hard\libg_nano.a(lib_a-findfp.o)
                0x00000000080013c8                _cleanup_r
                0x000000000800140c                __sfmoreglue
                0x000000000800143c                _cleanup
                0x0000000008001450                __sinit
                0x0000000008001564                __sfp
                0x0000000008001608                __sfp_lock_acquire
                0x0000000008001614                __sfp_lock_release
                0x0000000008001620                __sinit_lock_acquire
                0x000000000800162c                __sinit_lock_release
                0x0000000008001638                __fp_lock_all
                0x000000000800165c                __fp_unlock_all
 .text          0x0000000008001680      0x308 c:/qmk_msys/mingw64/bin/../lib/gcc/arm-none-eabi/10.1.0/../../../../arm-none-eabi/lib/thumb/v7e-m+fp/hard\libg_nano.a(lib_a-fvwrite.o)
                0x0000000008001680                __sfvwrite_r
 .text          0x0000000008001988       0xa0 c:/qmk_msys/mingw64/bin/../lib/gcc/arm-none-eabi/10.1.0/../../../../arm-none-eabi/lib/thumb/v7e-m+fp/hard\libg_nano.a(lib_a-fwalk.o)
                0x0000000008001988                _fwalk
                0x00000000080019d4                _fwalk_reent
 .text          0x0000000008001a28       0xf0 c:/qmk_msys/mingw64/bin/../lib/gcc/arm-none-eabi/10.1.0/../../../../arm-none-eabi/lib/thumb/v7e-m+fp/hard\libg_nano.a(lib_a-makebuf.o)
                0x0000000008001a28                __swhatbuf_r
                0x0000000008001a84                __smakebuf_r
 *fill*         0x0000000008001b18        0x8 
 .text          0x0000000008001b20       0xa0 c:/qmk_msys/mingw64/bin/../lib/gcc/arm-none-eabi/10.1.0/../../../../arm-none-eabi/lib/thumb/v7e-m+fp/hard\libg_nano.a(lib_a-memchr.o)
                0x0000000008001b20                memchr
 .text          0x0000000008001bc0       0xd0 c:/qmk_msys/mingw64/bin/../lib/gcc/arm-none-eabi/10.1.0/../../../../arm-none-eabi/lib/thumb/v7e-m+fp/hard\libg_nano.a(lib_a-memmove.o)
                0x0000000008001bc0                memmove
 .text          0x0000000008001c90       0x18 c:/qmk_msys/mingw64/bin/../lib/gcc/arm-none-eabi/10.1.0/../../../../arm-none-eabi/lib/thumb/v7e-m+fp/hard\libg_nano.a(lib_a-mlock.o)
                0x0000000008001c90                __malloc_lock
                0x0000000008001c9c                __malloc_unlock
 .text          0x0000000008001ca8       0x4c c:/qmk_msys/mingw64/bin/../lib/gcc/arm-none-eabi/10.1.0/../../../../arm-none-eabi/lib/thumb/v7e-m+fp/hard\libg_nano.a(lib_a-nano-reallocr.o)
                0x0000000008001ca8                _realloc_r
 .text          0x0000000008001cf4      0x150 c:/qmk_msys/mingw64/bin/../lib/gcc/arm-none-eabi/10.1.0/../../../../arm-none-eabi/lib/thumb/v7e-m+fp/hard\libg_nano.a(lib_a-signal.o)
                0x0000000008001d1c                _init_signal_r
                0x0000000008001d28                _signal_r
                0x0000000008001d5c                _raise_r
                0x0000000008001db0                __sigtramp_r
                0x0000000008001e00                raise
                0x0000000008001e10                signal
                0x0000000008001e20                _init_signal
                0x0000000008001e34                __sigtramp
 .text          0x0000000008001e44       0x2c c:/qmk_msys/mingw64/bin/../lib/gcc/arm-none-eabi/10.1.0/../../../../arm-none-eabi/lib/thumb/v7e-m+fp/hard\libg_nano.a(lib_a-signalr.o)
                0x0000000008001e44                _kill_r
                0x0000000008001e6c                _getpid_r
 .text          0x0000000008001e70       0x90 c:/qmk_msys/mingw64/bin/../lib/gcc/arm-none-eabi/10.1.0/../../../../arm-none-eabi/lib/thumb/v7e-m+fp/hard\libg_nano.a(lib_a-stdio.o)
                0x0000000008001e70                __sread
                0x0000000008001e94                __seofread
                0x0000000008001e98                __swrite
                0x0000000008001ed8                __sseek
                0x0000000008001ef8                __sclose
 .text          0x0000000008001f00       0x10 c:/qmk_msys/mingw64/bin/../lib/gcc/arm-none-eabi/10.1.0/../../../../arm-none-eabi/lib/thumb/v7e-m+fp/hard\libg_nano.a(lib_a-nano-msizer.o)
                0x0000000008001f00                _malloc_usable_size_r
 *(.text.*)
 .text.__do_global_dtors_aux
                0x0000000008001f10       0x24 c:/qmk_msys/mingw64/bin/../lib/gcc/arm-none-eabi/10.1.0/thumb/v7e-m+fp/hard/crtbegin.o
 .text.frame_dummy
                0x0000000008001f34       0x1c c:/qmk_msys/mingw64/bin/../lib/gcc/arm-none-eabi/10.1.0/thumb/v7e-m+fp/hard/crtbegin.o
 .text.timeout_reset_timer
                0x0000000008001f50        0x4 .build/obj_gmmk_pro_ansi_mykey/keyboards/gmmk/pro/ansi/keymaps/mykey/keymap.o
                0x0000000008001f50                timeout_reset_timer
 .text.timeout_update_threshold
                0x0000000008001f54       0x20 .build/obj_gmmk_pro_ansi_mykey/keyboards/gmmk/pro/ansi/keymaps/mykey/keymap.o
                0x0000000008001f54                timeout_update_threshold
 .text.process_record_user
                0x0000000008001f74      0x13c .build/obj_gmmk_pro_ansi_mykey/keyboards/gmmk/pro/ansi/keymaps/mykey/keymap.o
                0x0000000008001f74                process_record_user
 .text.matrix_scan_user
                0x00000000080020b0        0x2 .build/obj_gmmk_pro_ansi_mykey/keyboards/gmmk/pro/ansi/keymaps/mykey/keymap.o
                0x00000000080020b0                matrix_scan_user
 *fill*         0x00000000080020b2        0x2 
 .text.encoder_update_user
                0x00000000080020b4       0x58 .build/obj_gmmk_pro_ansi_mykey/keyboards/gmmk/pro/ansi/keymaps/mykey/keymap.o
                0x00000000080020b4                encoder_update_user
 .text.rgb_matrix_indicators_advanced_user
                0x000000000800210c      0x1a8 .build/obj_gmmk_pro_ansi_mykey/keyboards/gmmk/pro/ansi/keymaps/mykey/keymap.o
                0x000000000800210c                rgb_matrix_indicators_advanced_user
 .text.keyboard_post_init_user
                0x00000000080022b4       0x22 .build/obj_gmmk_pro_ansi_mykey/keyboards/gmmk/pro/ansi/keymaps/mykey/keymap.o
                0x00000000080022b4                keyboard_post_init_user
 .text.extract_mod_bits
                0x00000000080022d6       0x5e .build/obj_gmmk_pro_ansi_mykey/quantum/quantum.o
                0x00000000080022d6                extract_mod_bits
 .text.do_code16
                0x0000000008002334       0x10 .build/obj_gmmk_pro_ansi_mykey/quantum/quantum.o
 .text.register_code16
                0x0000000008002344       0x2c .build/obj_gmmk_pro_ansi_mykey/quantum/quantum.o
                0x0000000008002344                register_code16
 .text.unregister_code16
                0x0000000008002370       0x2c .build/obj_gmmk_pro_ansi_mykey/quantum/quantum.o
                0x0000000008002370                unregister_code16
 .text.tap_code16
                0x000000000800239c       0x1a .build/obj_gmmk_pro_ansi_mykey/quantum/quantum.o
                0x000000000800239c                tap_code16
 .text.process_action_kb
                0x00000000080023b6        0x4 .build/obj_gmmk_pro_ansi_mykey/quantum/quantum.o
                0x00000000080023b6                process_action_kb
 .text.process_record_kb
                0x00000000080023ba        0x8 .build/obj_gmmk_pro_ansi_mykey/quantum/quantum.o
                0x00000000080023ba                process_record_kb
 .text.post_process_record_user
                0x00000000080023c2        0x2 .build/obj_gmmk_pro_ansi_mykey/quantum/quantum.o
                0x00000000080023c2                post_process_record_user
 .text.post_process_record_kb
                0x00000000080023c4        0x8 .build/obj_gmmk_pro_ansi_mykey/quantum/quantum.o
                0x00000000080023c4                post_process_record_kb
 .text.get_event_keycode
                0x00000000080023cc       0x4c .build/obj_gmmk_pro_ansi_mykey/quantum/quantum.o
                0x00000000080023cc                get_event_keycode
 .text.get_record_keycode
                0x0000000008002418        0xc .build/obj_gmmk_pro_ansi_mykey/quantum/quantum.o
                0x0000000008002418                get_record_keycode
 .text.pre_process_record_quantum
                0x0000000008002424        0x4 .build/obj_gmmk_pro_ansi_mykey/quantum/quantum.o
                0x0000000008002424                pre_process_record_quantum
 .text.post_process_record_quantum
                0x0000000008002428       0x12 .build/obj_gmmk_pro_ansi_mykey/quantum/quantum.o
                0x0000000008002428                post_process_record_quantum
 .text.update_tri_layer_state
                0x000000000800243a       0x22 .build/obj_gmmk_pro_ansi_mykey/quantum/quantum.o
                0x000000000800243a                update_tri_layer_state
 .text.update_tri_layer
                0x000000000800245c       0x1c .build/obj_gmmk_pro_ansi_mykey/quantum/quantum.o
                0x000000000800245c                update_tri_layer
 .text.matrix_init_quantum
                0x0000000008002478       0x16 .build/obj_gmmk_pro_ansi_mykey/quantum/quantum.o
                0x0000000008002478                matrix_init_quantum
 .text.matrix_scan_quantum
                0x000000000800248e        0xe .build/obj_gmmk_pro_ansi_mykey/quantum/quantum.o
                0x000000000800248e                matrix_scan_quantum
 .text.shutdown_user
                0x000000000800249c        0x2 .build/obj_gmmk_pro_ansi_mykey/quantum/quantum.o
                0x000000000800249c                shutdown_user
 .text.reset_keyboard
                0x000000000800249e       0x1a .build/obj_gmmk_pro_ansi_mykey/quantum/quantum.o
                0x000000000800249e                reset_keyboard
 .text.process_record_quantum
                0x00000000080024b8      0x100 .build/obj_gmmk_pro_ansi_mykey/quantum/quantum.o
                0x00000000080024b8                process_record_quantum
 .text.send_char
                0x00000000080025b8       0x70 .build/obj_gmmk_pro_ansi_mykey/quantum/send_string.o
                0x00000000080025b8                send_char
 .text.send_string_with_delay
                0x0000000008002628       0x98 .build/obj_gmmk_pro_ansi_mykey/quantum/send_string.o
                0x0000000008002628                send_string_with_delay
 .text.send_string
                0x00000000080026c0        0x6 .build/obj_gmmk_pro_ansi_mykey/quantum/send_string.o
                0x00000000080026c0                send_string
 *fill*         0x00000000080026c6        0x2 
 .text.send_string_with_delay_P
                0x00000000080026c8       0x98 .build/obj_gmmk_pro_ansi_mykey/quantum/send_string.o
                0x00000000080026c8                send_string_with_delay_P
 .text.send_string_P
                0x0000000008002760        0x6 .build/obj_gmmk_pro_ansi_mykey/quantum/send_string.o
                0x0000000008002760                send_string_P
 .text.biton    0x0000000008002766       0x1e .build/obj_gmmk_pro_ansi_mykey/quantum/bitwise.o
                0x0000000008002766                biton
 .text.bitrev   0x0000000008002784       0x26 .build/obj_gmmk_pro_ansi_mykey/quantum/bitwise.o
                0x0000000008002784                bitrev
 .text.led_set_user
                0x00000000080027aa        0x2 .build/obj_gmmk_pro_ansi_mykey/quantum/led.o
                0x00000000080027aa                led_set_user
 .text.led_set_kb
                0x00000000080027ac        0x8 .build/obj_gmmk_pro_ansi_mykey/quantum/led.o
                0x00000000080027ac                led_set_kb
 .text.led_update_user
                0x00000000080027b4        0x4 .build/obj_gmmk_pro_ansi_mykey/quantum/led.o
                0x00000000080027b4                led_update_user
 .text.led_update_kb
                0x00000000080027b8        0x8 .build/obj_gmmk_pro_ansi_mykey/quantum/led.o
                0x00000000080027b8                led_update_kb
 .text.led_init_ports
                0x00000000080027c0        0x2 .build/obj_gmmk_pro_ansi_mykey/quantum/led.o
                0x00000000080027c0                led_init_ports
 .text.led_set  0x00000000080027c2       0x10 .build/obj_gmmk_pro_ansi_mykey/quantum/led.o
                0x00000000080027c2                led_set
 .text.action_get_macro
                0x00000000080027d2        0x4 .build/obj_gmmk_pro_ansi_mykey/quantum/keymap_common.o
                0x00000000080027d2                action_get_macro
 .text.action_function
                0x00000000080027d6        0x2 .build/obj_gmmk_pro_ansi_mykey/quantum/keymap_common.o
                0x00000000080027d6                action_function
 .text.keymap_function_id_to_action
                0x00000000080027d8        0xc .build/obj_gmmk_pro_ansi_mykey/quantum/keymap_common.o
                0x00000000080027d8                keymap_function_id_to_action
 .text.action_for_keycode
                0x00000000080027e4      0x198 .build/obj_gmmk_pro_ansi_mykey/quantum/keymap_common.o
                0x00000000080027e4                action_for_keycode
 .text.action_for_key
                0x000000000800297c       0x16 .build/obj_gmmk_pro_ansi_mykey/quantum/keymap_common.o
                0x000000000800297c                action_for_key
 *fill*         0x0000000008002992        0x2 
 .text.keycode_config
                0x0000000008002994      0x100 .build/obj_gmmk_pro_ansi_mykey/quantum/keycode_config.o
                0x0000000008002994                keycode_config
 .text.mod_config
                0x0000000008002a94       0xac .build/obj_gmmk_pro_ansi_mykey/quantum/keycode_config.o
                0x0000000008002a94                mod_config
 .text.null_sendchar_func
                0x0000000008002b40        0x4 .build/obj_gmmk_pro_ansi_mykey/quantum/logging/print.o
 .text.print_set_sendchar
                0x0000000008002b44        0xc .build/obj_gmmk_pro_ansi_mykey/quantum/logging/print.o
                0x0000000008002b44                print_set_sendchar
 .text._putchar
                0x0000000008002b50        0xc .build/obj_gmmk_pro_ansi_mykey/quantum/logging/print.o
                0x0000000008002b50                _putchar
 .text.bootmagic_lite_reset_eeprom
                0x0000000008002b5c        0x4 .build/obj_gmmk_pro_ansi_mykey/quantum/bootmagic/bootmagic_lite.o
                0x0000000008002b5c                bootmagic_lite_reset_eeprom
 .text.bootmagic_lite
                0x0000000008002b60       0x2a .build/obj_gmmk_pro_ansi_mykey/quantum/bootmagic/bootmagic_lite.o
                0x0000000008002b60                bootmagic_lite
 .text.bootmagic
                0x0000000008002b8a        0x8 .build/obj_gmmk_pro_ansi_mykey/quantum/bootmagic/bootmagic_lite.o
                0x0000000008002b8a                bootmagic
 *fill*         0x0000000008002b92        0x2 
 .text.magic    0x0000000008002b94       0x40 .build/obj_gmmk_pro_ansi_mykey/quantum/bootmagic/magic.o
                0x0000000008002b94                magic
 .text.matrix_init_user
                0x0000000008002bd4        0x2 .build/obj_gmmk_pro_ansi_mykey/quantum/matrix_common.o
                0x0000000008002bd4                matrix_init_user
 .text.matrix_init_kb
                0x0000000008002bd6        0x8 .build/obj_gmmk_pro_ansi_mykey/quantum/matrix_common.o
                0x0000000008002bd6                matrix_init_kb
 .text.matrix_scan_kb
                0x0000000008002bde        0x8 .build/obj_gmmk_pro_ansi_mykey/quantum/matrix_common.o
                0x0000000008002bde                matrix_scan_kb
 *fill*         0x0000000008002be6        0x2 
 .text.matrix_get_row
                0x0000000008002be8        0xc .build/obj_gmmk_pro_ansi_mykey/quantum/matrix_common.o
                0x0000000008002be8                matrix_get_row
 .text.matrix_print
                0x0000000008002bf4       0x5c .build/obj_gmmk_pro_ansi_mykey/quantum/matrix_common.o
                0x0000000008002bf4                matrix_print
 .text.matrix_io_delay
                0x0000000008002c50        0x6 .build/obj_gmmk_pro_ansi_mykey/quantum/matrix_common.o
                0x0000000008002c50                matrix_io_delay
 .text.matrix_output_select_delay
                0x0000000008002c56       0x26 .build/obj_gmmk_pro_ansi_mykey/quantum/matrix_common.o
                0x0000000008002c56                matrix_output_select_delay
 .text.matrix_output_unselect_delay
                0x0000000008002c7c        0x8 .build/obj_gmmk_pro_ansi_mykey/quantum/matrix_common.o
                0x0000000008002c7c                matrix_output_unselect_delay
 .text.setPinInputHigh_atomic
                0x0000000008002c84       0x20 .build/obj_gmmk_pro_ansi_mykey/quantum/matrix.o
 .text.matrix_init_pins
                0x0000000008002ca4       0x3c .build/obj_gmmk_pro_ansi_mykey/quantum/matrix.o
                0x0000000008002ca4                matrix_init_pins
 .text.matrix_read_cols_on_row
                0x0000000008002ce0       0xa4 .build/obj_gmmk_pro_ansi_mykey/quantum/matrix.o
                0x0000000008002ce0                matrix_read_cols_on_row
 .text.matrix_init
                0x0000000008002d84       0x34 .build/obj_gmmk_pro_ansi_mykey/quantum/matrix.o
                0x0000000008002d84                matrix_init
 .text.matrix_scan
                0x0000000008002db8       0x60 .build/obj_gmmk_pro_ansi_mykey/quantum/matrix.o
                0x0000000008002db8                matrix_scan
 .text.debounce_init
                0x0000000008002e18        0x2 .build/obj_gmmk_pro_ansi_mykey/quantum/debounce/sym_defer_g.o
                0x0000000008002e18                debounce_init
 *fill*         0x0000000008002e1a        0x2 
 .text.debounce
                0x0000000008002e1c       0x48 .build/obj_gmmk_pro_ansi_mykey/quantum/debounce/sym_defer_g.o
                0x0000000008002e1c                debounce
 .text._out_null
                0x0000000008002e64        0x2 .build/obj_gmmk_pro_ansi_mykey/lib/printf/printf.o
 .text._ntoa_long
                0x0000000008002e66      0x1da .build/obj_gmmk_pro_ansi_mykey/lib/printf/printf.o
 .text._out_char
                0x0000000008003040        0x8 .build/obj_gmmk_pro_ansi_mykey/lib/printf/printf.o
 .text._vsnprintf
                0x0000000008003048      0x448 .build/obj_gmmk_pro_ansi_mykey/lib/printf/printf.o
 .text.printf_  0x0000000008003490       0x28 .build/obj_gmmk_pro_ansi_mykey/lib/printf/printf.o
                0x0000000008003490                printf_
 .text.mousekey_param_print
                0x00000000080034b8       0x48 .build/obj_gmmk_pro_ansi_mykey/quantum/command.o
 .text.switch_default_layer
                0x0000000008003500       0x24 .build/obj_gmmk_pro_ansi_mykey/quantum/command.o
 .text.command_common
                0x0000000008003524      0x2a8 .build/obj_gmmk_pro_ansi_mykey/quantum/command.o
 .text.mousekey_console.isra.0
                0x00000000080037cc      0x1f4 .build/obj_gmmk_pro_ansi_mykey/quantum/command.o
 .text.command_extra
                0x00000000080039c0        0x4 .build/obj_gmmk_pro_ansi_mykey/quantum/command.o
                0x00000000080039c0                command_extra
 .text.command_console_extra
                0x00000000080039c4        0x4 .build/obj_gmmk_pro_ansi_mykey/quantum/command.o
                0x00000000080039c4                command_console_extra
 .text.command_proc
                0x00000000080039c8       0xac .build/obj_gmmk_pro_ansi_mykey/quantum/command.o
                0x00000000080039c8                command_proc
 .text.move_unit
                0x0000000008003a74       0x78 .build/obj_gmmk_pro_ansi_mykey/quantum/mousekey.o
 .text.wheel_unit
                0x0000000008003aec       0x68 .build/obj_gmmk_pro_ansi_mykey/quantum/mousekey.o
 .text.mousekey_on
                0x0000000008003b54       0xbc .build/obj_gmmk_pro_ansi_mykey/quantum/mousekey.o
                0x0000000008003b54                mousekey_on
 .text.mousekey_off
                0x0000000008003c10       0xec .build/obj_gmmk_pro_ansi_mykey/quantum/mousekey.o
                0x0000000008003c10                mousekey_off
 .text.mousekey_send
                0x0000000008003cfc       0xe8 .build/obj_gmmk_pro_ansi_mykey/quantum/mousekey.o
                0x0000000008003cfc                mousekey_send
 .text.mousekey_task
                0x0000000008003de4      0x184 .build/obj_gmmk_pro_ansi_mykey/quantum/mousekey.o
                0x0000000008003de4                mousekey_task
 .text.mousekey_clear
                0x0000000008003f68       0x28 .build/obj_gmmk_pro_ansi_mykey/quantum/mousekey.o
                0x0000000008003f68                mousekey_clear
 .text.EEPROM_Init
                0x0000000008003f90        0xc .build/obj_gmmk_pro_ansi_mykey/common/chibios/eeprom_stm32.o
                0x0000000008003f90                EEPROM_Init
 .text.EEPROM_Erase
                0x0000000008003f9c       0x30 .build/obj_gmmk_pro_ansi_mykey/common/chibios/eeprom_stm32.o
                0x0000000008003f9c                EEPROM_Erase
 .text.EEPROM_WriteDataByte
                0x0000000008003fcc       0x8c .build/obj_gmmk_pro_ansi_mykey/common/chibios/eeprom_stm32.o
                0x0000000008003fcc                EEPROM_WriteDataByte
 .text.eeprom_read_byte
                0x0000000008004058       0x10 .build/obj_gmmk_pro_ansi_mykey/common/chibios/eeprom_stm32.o
                0x0000000008004058                eeprom_read_byte
 .text.eeprom_update_byte
                0x0000000008004068        0x6 .build/obj_gmmk_pro_ansi_mykey/common/chibios/eeprom_stm32.o
                0x0000000008004068                eeprom_update_byte
 .text.eeprom_read_word
                0x000000000800406e       0x24 .build/obj_gmmk_pro_ansi_mykey/common/chibios/eeprom_stm32.o
                0x000000000800406e                eeprom_read_word
 .text.eeprom_write_word
                0x0000000008004092       0x1c .build/obj_gmmk_pro_ansi_mykey/common/chibios/eeprom_stm32.o
                0x0000000008004092                eeprom_write_word
 .text.eeprom_update_word
                0x00000000080040ae        0x4 .build/obj_gmmk_pro_ansi_mykey/common/chibios/eeprom_stm32.o
                0x00000000080040ae                eeprom_update_word
 .text.eeprom_update_dword
                0x00000000080040b2       0x7e .build/obj_gmmk_pro_ansi_mykey/common/chibios/eeprom_stm32.o
                0x00000000080040b2                eeprom_update_dword
 .text.eeprom_read_block
                0x0000000008004130       0x1c .build/obj_gmmk_pro_ansi_mykey/common/chibios/eeprom_stm32.o
                0x0000000008004130                eeprom_read_block
 .text.eeprom_write_block
                0x000000000800414c       0x1c .build/obj_gmmk_pro_ansi_mykey/common/chibios/eeprom_stm32.o
                0x000000000800414c                eeprom_write_block
 .text.eeprom_update_block
                0x0000000008004168        0x4 .build/obj_gmmk_pro_ansi_mykey/common/chibios/eeprom_stm32.o
                0x0000000008004168                eeprom_update_block
 .text.FLASH_GetStatus
                0x000000000800416c       0x34 .build/obj_gmmk_pro_ansi_mykey/common/chibios/flash_stm32.o
                0x000000000800416c                FLASH_GetStatus
 .text.FLASH_WaitForLastOperation
                0x00000000080041a0       0x38 .build/obj_gmmk_pro_ansi_mykey/common/chibios/flash_stm32.o
                0x00000000080041a0                FLASH_WaitForLastOperation
 .text.FLASH_ErasePage
                0x00000000080041d8       0x44 .build/obj_gmmk_pro_ansi_mykey/common/chibios/flash_stm32.o
                0x00000000080041d8                FLASH_ErasePage
 .text.FLASH_ProgramHalfWord
                0x000000000800421c       0x4c .build/obj_gmmk_pro_ansi_mykey/common/chibios/flash_stm32.o
                0x000000000800421c                FLASH_ProgramHalfWord
 .text.FLASH_Unlock
                0x0000000008004268       0x1c .build/obj_gmmk_pro_ansi_mykey/common/chibios/flash_stm32.o
                0x0000000008004268                FLASH_Unlock
 .text.hsv_to_rgb_impl
                0x0000000008004284       0xe0 .build/obj_gmmk_pro_ansi_mykey/quantum/color.o
                0x0000000008004284                hsv_to_rgb_impl
 .text.hsv_to_rgb
                0x0000000008004364        0xa .build/obj_gmmk_pro_ansi_mykey/quantum/color.o
                0x0000000008004364                hsv_to_rgb
 .text.sqrt16   0x000000000800436e       0x4a .build/obj_gmmk_pro_ansi_mykey/quantum/rgb_matrix/rgb_matrix.o
 .text.sin8_C   0x00000000080043b8       0x44 .build/obj_gmmk_pro_ansi_mykey/quantum/rgb_matrix/rgb_matrix.o
 .text.BAND_SAT_math
                0x00000000080043fc       0x58 .build/obj_gmmk_pro_ansi_mykey/quantum/rgb_matrix/rgb_matrix.o
 .text.BAND_VAL_math
                0x0000000008004454       0x58 .build/obj_gmmk_pro_ansi_mykey/quantum/rgb_matrix/rgb_matrix.o
 .text.CYCLE_ALL_math
                0x00000000080044ac       0x26 .build/obj_gmmk_pro_ansi_mykey/quantum/rgb_matrix/rgb_matrix.o
 *fill*         0x00000000080044d2        0x2 
 .text.CYCLE_LEFT_RIGHT_math
                0x00000000080044d4       0x34 .build/obj_gmmk_pro_ansi_mykey/quantum/rgb_matrix/rgb_matrix.o
 .text.CYCLE_UP_DOWN_math
                0x0000000008004508       0x38 .build/obj_gmmk_pro_ansi_mykey/quantum/rgb_matrix/rgb_matrix.o
 .text.RAINBOW_MOVING_CHEVRON_math
                0x0000000008004540       0x54 .build/obj_gmmk_pro_ansi_mykey/quantum/rgb_matrix/rgb_matrix.o
 .text.CYCLE_OUT_IN_math
                0x0000000008004594       0x32 .build/obj_gmmk_pro_ansi_mykey/quantum/rgb_matrix/rgb_matrix.o
 .text.CYCLE_OUT_IN_DUAL_math
                0x00000000080045c6       0x48 .build/obj_gmmk_pro_ansi_mykey/quantum/rgb_matrix/rgb_matrix.o
 *fill*         0x000000000800460e        0x2 
 .text.DUAL_BEACON_math
                0x0000000008004610       0x50 .build/obj_gmmk_pro_ansi_mykey/quantum/rgb_matrix/rgb_matrix.o
 .text.RAINBOW_BEACON_math
                0x0000000008004660       0x50 .build/obj_gmmk_pro_ansi_mykey/quantum/rgb_matrix/rgb_matrix.o
 .text.RAINBOW_PINWHEELS_math
                0x00000000080046b0       0x64 .build/obj_gmmk_pro_ansi_mykey/quantum/rgb_matrix/rgb_matrix.o
 .text.HUE_PENDULUM_math
                0x0000000008004714       0x60 .build/obj_gmmk_pro_ansi_mykey/quantum/rgb_matrix/rgb_matrix.o
 .text.HUE_WAVE_math
                0x0000000008004774       0x4c .build/obj_gmmk_pro_ansi_mykey/quantum/rgb_matrix/rgb_matrix.o
 .text.atan2_8  0x00000000080047c0       0x4c .build/obj_gmmk_pro_ansi_mykey/quantum/rgb_matrix/rgb_matrix.o
 .text.BAND_PINWHEEL_SAT_math
                0x000000000800480c       0x48 .build/obj_gmmk_pro_ansi_mykey/quantum/rgb_matrix/rgb_matrix.o
 .text.BAND_PINWHEEL_VAL_math
                0x0000000008004854       0x48 .build/obj_gmmk_pro_ansi_mykey/quantum/rgb_matrix/rgb_matrix.o
 .text.BAND_SPIRAL_SAT_math
                0x000000000800489c       0x46 .build/obj_gmmk_pro_ansi_mykey/quantum/rgb_matrix/rgb_matrix.o
 .text.BAND_SPIRAL_VAL_math
                0x00000000080048e2       0x46 .build/obj_gmmk_pro_ansi_mykey/quantum/rgb_matrix/rgb_matrix.o
 .text.CYCLE_PINWHEEL_math
                0x0000000008004928       0x30 .build/obj_gmmk_pro_ansi_mykey/quantum/rgb_matrix/rgb_matrix.o
 .text.CYCLE_SPIRAL_math
                0x0000000008004958       0x36 .build/obj_gmmk_pro_ansi_mykey/quantum/rgb_matrix/rgb_matrix.o
 .text.rgb_matrix_hsv_to_rgb
                0x000000000800498e        0x8 .build/obj_gmmk_pro_ansi_mykey/quantum/rgb_matrix/rgb_matrix.o
                0x000000000800498e                rgb_matrix_hsv_to_rgb
 *fill*         0x0000000008004996        0x2 
 .text.eeconfig_read_rgb_matrix
                0x0000000008004998       0x10 .build/obj_gmmk_pro_ansi_mykey/quantum/rgb_matrix/rgb_matrix.o
                0x0000000008004998                eeconfig_read_rgb_matrix
 .text.eeconfig_update_rgb_matrix
                0x00000000080049a8       0x10 .build/obj_gmmk_pro_ansi_mykey/quantum/rgb_matrix/rgb_matrix.o
                0x00000000080049a8                eeconfig_update_rgb_matrix
 .text.eeconfig_update_rgb_matrix_default
                0x00000000080049b8       0x44 .build/obj_gmmk_pro_ansi_mykey/quantum/rgb_matrix/rgb_matrix.o
                0x00000000080049b8                eeconfig_update_rgb_matrix_default
 .text.eeconfig_debug_rgb_matrix
                0x00000000080049fc       0xa8 .build/obj_gmmk_pro_ansi_mykey/quantum/rgb_matrix/rgb_matrix.o
                0x00000000080049fc                eeconfig_debug_rgb_matrix
 .text.rgb_matrix_update_pwm_buffers
                0x0000000008004aa4        0xc .build/obj_gmmk_pro_ansi_mykey/quantum/rgb_matrix/rgb_matrix.o
                0x0000000008004aa4                rgb_matrix_update_pwm_buffers
 .text.rgb_matrix_set_color
                0x0000000008004ab0       0x14 .build/obj_gmmk_pro_ansi_mykey/quantum/rgb_matrix/rgb_matrix.o
                0x0000000008004ab0                rgb_matrix_set_color
 .text.effect_runner_dx_dy_dist
                0x0000000008004ac4       0xe8 .build/obj_gmmk_pro_ansi_mykey/quantum/rgb_matrix/rgb_matrix.o
                0x0000000008004ac4                effect_runner_dx_dy_dist
 .text.BAND_SPIRAL_SAT
                0x0000000008004bac        0xc .build/obj_gmmk_pro_ansi_mykey/quantum/rgb_matrix/rgb_matrix.o
                0x0000000008004bac                BAND_SPIRAL_SAT
 .text.BAND_SPIRAL_VAL
                0x0000000008004bb8        0xc .build/obj_gmmk_pro_ansi_mykey/quantum/rgb_matrix/rgb_matrix.o
                0x0000000008004bb8                BAND_SPIRAL_VAL
 .text.CYCLE_OUT_IN
                0x0000000008004bc4        0xc .build/obj_gmmk_pro_ansi_mykey/quantum/rgb_matrix/rgb_matrix.o
                0x0000000008004bc4                CYCLE_OUT_IN
 .text.CYCLE_SPIRAL
                0x0000000008004bd0        0xc .build/obj_gmmk_pro_ansi_mykey/quantum/rgb_matrix/rgb_matrix.o
                0x0000000008004bd0                CYCLE_SPIRAL
 .text.effect_runner_dx_dy
                0x0000000008004bdc       0xd4 .build/obj_gmmk_pro_ansi_mykey/quantum/rgb_matrix/rgb_matrix.o
                0x0000000008004bdc                effect_runner_dx_dy
 .text.BAND_PINWHEEL_SAT
                0x0000000008004cb0        0xc .build/obj_gmmk_pro_ansi_mykey/quantum/rgb_matrix/rgb_matrix.o
                0x0000000008004cb0                BAND_PINWHEEL_SAT
 .text.BAND_PINWHEEL_VAL
                0x0000000008004cbc        0xc .build/obj_gmmk_pro_ansi_mykey/quantum/rgb_matrix/rgb_matrix.o
                0x0000000008004cbc                BAND_PINWHEEL_VAL
 .text.CYCLE_OUT_IN_DUAL
                0x0000000008004cc8        0xc .build/obj_gmmk_pro_ansi_mykey/quantum/rgb_matrix/rgb_matrix.o
                0x0000000008004cc8                CYCLE_OUT_IN_DUAL
 .text.CYCLE_PINWHEEL
                0x0000000008004cd4        0xc .build/obj_gmmk_pro_ansi_mykey/quantum/rgb_matrix/rgb_matrix.o
                0x0000000008004cd4                CYCLE_PINWHEEL
 .text.effect_runner_i
                0x0000000008004ce0       0xb4 .build/obj_gmmk_pro_ansi_mykey/quantum/rgb_matrix/rgb_matrix.o
                0x0000000008004ce0                effect_runner_i
 .text.BAND_SAT
                0x0000000008004d94        0xc .build/obj_gmmk_pro_ansi_mykey/quantum/rgb_matrix/rgb_matrix.o
                0x0000000008004d94                BAND_SAT
 .text.BAND_VAL
                0x0000000008004da0        0xc .build/obj_gmmk_pro_ansi_mykey/quantum/rgb_matrix/rgb_matrix.o
                0x0000000008004da0                BAND_VAL
 .text.CYCLE_ALL
                0x0000000008004dac        0xc .build/obj_gmmk_pro_ansi_mykey/quantum/rgb_matrix/rgb_matrix.o
                0x0000000008004dac                CYCLE_ALL
 .text.CYCLE_LEFT_RIGHT
                0x0000000008004db8        0xc .build/obj_gmmk_pro_ansi_mykey/quantum/rgb_matrix/rgb_matrix.o
                0x0000000008004db8                CYCLE_LEFT_RIGHT
 .text.CYCLE_UP_DOWN
                0x0000000008004dc4        0xc .build/obj_gmmk_pro_ansi_mykey/quantum/rgb_matrix/rgb_matrix.o
                0x0000000008004dc4                CYCLE_UP_DOWN
 .text.RAINBOW_MOVING_CHEVRON
                0x0000000008004dd0        0xc .build/obj_gmmk_pro_ansi_mykey/quantum/rgb_matrix/rgb_matrix.o
                0x0000000008004dd0                RAINBOW_MOVING_CHEVRON
 .text.HUE_PENDULUM
                0x0000000008004ddc        0xc .build/obj_gmmk_pro_ansi_mykey/quantum/rgb_matrix/rgb_matrix.o
                0x0000000008004ddc                HUE_PENDULUM
 .text.HUE_WAVE
                0x0000000008004de8        0xc .build/obj_gmmk_pro_ansi_mykey/quantum/rgb_matrix/rgb_matrix.o
                0x0000000008004de8                HUE_WAVE
 .text.effect_runner_sin_cos_i
                0x0000000008004df4       0xdc .build/obj_gmmk_pro_ansi_mykey/quantum/rgb_matrix/rgb_matrix.o
                0x0000000008004df4                effect_runner_sin_cos_i
 .text.DUAL_BEACON
                0x0000000008004ed0        0xc .build/obj_gmmk_pro_ansi_mykey/quantum/rgb_matrix/rgb_matrix.o
                0x0000000008004ed0                DUAL_BEACON
 .text.RAINBOW_BEACON
                0x0000000008004edc        0xc .build/obj_gmmk_pro_ansi_mykey/quantum/rgb_matrix/rgb_matrix.o
                0x0000000008004edc                RAINBOW_BEACON
 .text.RAINBOW_PINWHEELS
                0x0000000008004ee8        0xc .build/obj_gmmk_pro_ansi_mykey/quantum/rgb_matrix/rgb_matrix.o
                0x0000000008004ee8                RAINBOW_PINWHEELS
 .text.SOLID_COLOR
                0x0000000008004ef4       0x88 .build/obj_gmmk_pro_ansi_mykey/quantum/rgb_matrix/rgb_matrix.o
                0x0000000008004ef4                SOLID_COLOR
 .text.ALPHAS_MODS
                0x0000000008004f7c       0xc8 .build/obj_gmmk_pro_ansi_mykey/quantum/rgb_matrix/rgb_matrix.o
                0x0000000008004f7c                ALPHAS_MODS
 .text.GRADIENT_UP_DOWN
                0x0000000008005044       0x90 .build/obj_gmmk_pro_ansi_mykey/quantum/rgb_matrix/rgb_matrix.o
                0x0000000008005044                GRADIENT_UP_DOWN
 .text.GRADIENT_LEFT_RIGHT
                0x00000000080050d4       0x94 .build/obj_gmmk_pro_ansi_mykey/quantum/rgb_matrix/rgb_matrix.o
                0x00000000080050d4                GRADIENT_LEFT_RIGHT
 .text.BREATHING
                0x0000000008005168       0xbc .build/obj_gmmk_pro_ansi_mykey/quantum/rgb_matrix/rgb_matrix.o
                0x0000000008005168                BREATHING
 .text.raindrops_set_color.isra.0
                0x0000000008005224       0x74 .build/obj_gmmk_pro_ansi_mykey/quantum/rgb_matrix/rgb_matrix.o
 .text.RAINDROPS
                0x0000000008005298       0x80 .build/obj_gmmk_pro_ansi_mykey/quantum/rgb_matrix/rgb_matrix.o
                0x0000000008005298                RAINDROPS
 .text.jellybean_raindrops_set_color.isra.0
                0x0000000008005318       0x54 .build/obj_gmmk_pro_ansi_mykey/quantum/rgb_matrix/rgb_matrix.o
 .text.JELLYBEAN_RAINDROPS
                0x000000000800536c       0x80 .build/obj_gmmk_pro_ansi_mykey/quantum/rgb_matrix/rgb_matrix.o
                0x000000000800536c                JELLYBEAN_RAINDROPS
 .text.HUE_BREATHING
                0x00000000080053ec       0xc4 .build/obj_gmmk_pro_ansi_mykey/quantum/rgb_matrix/rgb_matrix.o
                0x00000000080053ec                HUE_BREATHING
 .text.rgb_matrix_set_color_all
                0x00000000080054b0        0xc .build/obj_gmmk_pro_ansi_mykey/quantum/rgb_matrix/rgb_matrix.o
                0x00000000080054b0                rgb_matrix_set_color_all
 .text.process_rgb_matrix
                0x00000000080054bc        0x4 .build/obj_gmmk_pro_ansi_mykey/quantum/rgb_matrix/rgb_matrix.o
                0x00000000080054bc                process_rgb_matrix
 .text.rgb_matrix_indicators_kb
                0x00000000080054c0        0x2 .build/obj_gmmk_pro_ansi_mykey/quantum/rgb_matrix/rgb_matrix.o
                0x00000000080054c0                rgb_matrix_indicators_kb
 .text.rgb_matrix_indicators_user
                0x00000000080054c2        0x2 .build/obj_gmmk_pro_ansi_mykey/quantum/rgb_matrix/rgb_matrix.o
                0x00000000080054c2                rgb_matrix_indicators_user
 .text.rgb_matrix_indicators
                0x00000000080054c4        0xc .build/obj_gmmk_pro_ansi_mykey/quantum/rgb_matrix/rgb_matrix.o
                0x00000000080054c4                rgb_matrix_indicators
 .text.rgb_matrix_indicators_advanced_kb
                0x00000000080054d0        0x2 .build/obj_gmmk_pro_ansi_mykey/quantum/rgb_matrix/rgb_matrix.o
                0x00000000080054d0                rgb_matrix_indicators_advanced_kb
 .text.rgb_matrix_indicators_advanced
                0x00000000080054d2       0x2e .build/obj_gmmk_pro_ansi_mykey/quantum/rgb_matrix/rgb_matrix.o
                0x00000000080054d2                rgb_matrix_indicators_advanced
 .text.rgb_matrix_task
                0x0000000008005500      0x210 .build/obj_gmmk_pro_ansi_mykey/quantum/rgb_matrix/rgb_matrix.o
                0x0000000008005500                rgb_matrix_task
 .text.rgb_matrix_init
                0x0000000008005710       0x60 .build/obj_gmmk_pro_ansi_mykey/quantum/rgb_matrix/rgb_matrix.o
                0x0000000008005710                rgb_matrix_init
 .text.rgb_matrix_set_suspend_state
                0x0000000008005770       0x1c .build/obj_gmmk_pro_ansi_mykey/quantum/rgb_matrix/rgb_matrix.o
                0x0000000008005770                rgb_matrix_set_suspend_state
 .text.rgb_matrix_toggle_eeprom_helper
                0x000000000800578c       0x58 .build/obj_gmmk_pro_ansi_mykey/quantum/rgb_matrix/rgb_matrix.o
                0x000000000800578c                rgb_matrix_toggle_eeprom_helper
 .text.rgb_matrix_toggle
                0x00000000080057e4        0x6 .build/obj_gmmk_pro_ansi_mykey/quantum/rgb_matrix/rgb_matrix.o
                0x00000000080057e4                rgb_matrix_toggle
 *fill*         0x00000000080057ea        0x2 
 .text.rgb_matrix_enable_noeeprom
                0x00000000080057ec       0x24 .build/obj_gmmk_pro_ansi_mykey/quantum/rgb_matrix/rgb_matrix.o
                0x00000000080057ec                rgb_matrix_enable_noeeprom
 .text.rgb_matrix_enable
                0x0000000008005810       0x14 .build/obj_gmmk_pro_ansi_mykey/quantum/rgb_matrix/rgb_matrix.o
                0x0000000008005810                rgb_matrix_enable
 .text.rgb_matrix_disable_noeeprom
                0x0000000008005824       0x20 .build/obj_gmmk_pro_ansi_mykey/quantum/rgb_matrix/rgb_matrix.o
                0x0000000008005824                rgb_matrix_disable_noeeprom
 .text.rgb_matrix_mode_eeprom_helper
                0x0000000008005844       0x68 .build/obj_gmmk_pro_ansi_mykey/quantum/rgb_matrix/rgb_matrix.o
                0x0000000008005844                rgb_matrix_mode_eeprom_helper
 .text.rgb_matrix_mode
                0x00000000080058ac        0x6 .build/obj_gmmk_pro_ansi_mykey/quantum/rgb_matrix/rgb_matrix.o
                0x00000000080058ac                rgb_matrix_mode
 *fill*         0x00000000080058b2        0x2 
 .text.rgb_matrix_step_helper
                0x00000000080058b4       0x1c .build/obj_gmmk_pro_ansi_mykey/quantum/rgb_matrix/rgb_matrix.o
                0x00000000080058b4                rgb_matrix_step_helper
 .text.rgb_matrix_step
                0x00000000080058d0        0x6 .build/obj_gmmk_pro_ansi_mykey/quantum/rgb_matrix/rgb_matrix.o
                0x00000000080058d0                rgb_matrix_step
 *fill*         0x00000000080058d6        0x2 
 .text.rgb_matrix_step_reverse_helper
                0x00000000080058d8       0x20 .build/obj_gmmk_pro_ansi_mykey/quantum/rgb_matrix/rgb_matrix.o
                0x00000000080058d8                rgb_matrix_step_reverse_helper
 .text.rgb_matrix_step_reverse
                0x00000000080058f8        0x6 .build/obj_gmmk_pro_ansi_mykey/quantum/rgb_matrix/rgb_matrix.o
                0x00000000080058f8                rgb_matrix_step_reverse
 *fill*         0x00000000080058fe        0x2 
 .text.rgb_matrix_sethsv_eeprom_helper
                0x0000000008005900       0x58 .build/obj_gmmk_pro_ansi_mykey/quantum/rgb_matrix/rgb_matrix.o
                0x0000000008005900                rgb_matrix_sethsv_eeprom_helper
 .text.rgb_matrix_increase_hue_helper
                0x0000000008005958       0x14 .build/obj_gmmk_pro_ansi_mykey/quantum/rgb_matrix/rgb_matrix.o
                0x0000000008005958                rgb_matrix_increase_hue_helper
 .text.rgb_matrix_increase_hue
                0x000000000800596c        0x6 .build/obj_gmmk_pro_ansi_mykey/quantum/rgb_matrix/rgb_matrix.o
                0x000000000800596c                rgb_matrix_increase_hue
 *fill*         0x0000000008005972        0x2 
 .text.rgb_matrix_decrease_hue_helper
                0x0000000008005974       0x1c .build/obj_gmmk_pro_ansi_mykey/quantum/rgb_matrix/rgb_matrix.o
                0x0000000008005974                rgb_matrix_decrease_hue_helper
 .text.rgb_matrix_decrease_hue
                0x0000000008005990        0x6 .build/obj_gmmk_pro_ansi_mykey/quantum/rgb_matrix/rgb_matrix.o
                0x0000000008005990                rgb_matrix_decrease_hue
 *fill*         0x0000000008005996        0x2 
 .text.rgb_matrix_increase_sat_helper
                0x0000000008005998       0x24 .build/obj_gmmk_pro_ansi_mykey/quantum/rgb_matrix/rgb_matrix.o
                0x0000000008005998                rgb_matrix_increase_sat_helper
 .text.rgb_matrix_increase_sat
                0x00000000080059bc        0x6 .build/obj_gmmk_pro_ansi_mykey/quantum/rgb_matrix/rgb_matrix.o
                0x00000000080059bc                rgb_matrix_increase_sat
 *fill*         0x00000000080059c2        0x2 
 .text.rgb_matrix_decrease_sat_helper
                0x00000000080059c4       0x20 .build/obj_gmmk_pro_ansi_mykey/quantum/rgb_matrix/rgb_matrix.o
                0x00000000080059c4                rgb_matrix_decrease_sat_helper
 .text.rgb_matrix_decrease_sat
                0x00000000080059e4        0x6 .build/obj_gmmk_pro_ansi_mykey/quantum/rgb_matrix/rgb_matrix.o
                0x00000000080059e4                rgb_matrix_decrease_sat
 *fill*         0x00000000080059ea        0x2 
 .text.rgb_matrix_increase_val_helper
                0x00000000080059ec       0x24 .build/obj_gmmk_pro_ansi_mykey/quantum/rgb_matrix/rgb_matrix.o
                0x00000000080059ec                rgb_matrix_increase_val_helper
 .text.rgb_matrix_increase_val
                0x0000000008005a10        0x6 .build/obj_gmmk_pro_ansi_mykey/quantum/rgb_matrix/rgb_matrix.o
                0x0000000008005a10                rgb_matrix_increase_val
 *fill*         0x0000000008005a16        0x2 
 .text.rgb_matrix_decrease_val_helper
                0x0000000008005a18       0x20 .build/obj_gmmk_pro_ansi_mykey/quantum/rgb_matrix/rgb_matrix.o
                0x0000000008005a18                rgb_matrix_decrease_val_helper
 .text.rgb_matrix_decrease_val
                0x0000000008005a38        0x6 .build/obj_gmmk_pro_ansi_mykey/quantum/rgb_matrix/rgb_matrix.o
                0x0000000008005a38                rgb_matrix_decrease_val
 *fill*         0x0000000008005a3e        0x2 
 .text.rgb_matrix_set_speed_eeprom_helper
                0x0000000008005a40       0x44 .build/obj_gmmk_pro_ansi_mykey/quantum/rgb_matrix/rgb_matrix.o
                0x0000000008005a40                rgb_matrix_set_speed_eeprom_helper
 .text.rgb_matrix_increase_speed_helper
                0x0000000008005a84       0x18 .build/obj_gmmk_pro_ansi_mykey/quantum/rgb_matrix/rgb_matrix.o
                0x0000000008005a84                rgb_matrix_increase_speed_helper
 .text.rgb_matrix_increase_speed
                0x0000000008005a9c        0x6 .build/obj_gmmk_pro_ansi_mykey/quantum/rgb_matrix/rgb_matrix.o
                0x0000000008005a9c                rgb_matrix_increase_speed
 *fill*         0x0000000008005aa2        0x2 
 .text.rgb_matrix_decrease_speed_helper
                0x0000000008005aa4       0x18 .build/obj_gmmk_pro_ansi_mykey/quantum/rgb_matrix/rgb_matrix.o
                0x0000000008005aa4                rgb_matrix_decrease_speed_helper
 .text.rgb_matrix_decrease_speed
                0x0000000008005abc        0x6 .build/obj_gmmk_pro_ansi_mykey/quantum/rgb_matrix/rgb_matrix.o
                0x0000000008005abc                rgb_matrix_decrease_speed
 *fill*         0x0000000008005ac2        0x2 
 .text.flush    0x0000000008005ac4       0x20 .build/obj_gmmk_pro_ansi_mykey/quantum/rgb_matrix/rgb_matrix_drivers.o
 .text.init     0x0000000008005ae4       0x28 .build/obj_gmmk_pro_ansi_mykey/quantum/rgb_matrix/rgb_matrix_drivers.o
 .text.AW20216_write
                0x0000000008005b0c       0x4c .build/obj_gmmk_pro_ansi_mykey/aw20216.o
                0x0000000008005b0c                AW20216_write
 .text.AW20216_init
                0x0000000008005b58       0x6e .build/obj_gmmk_pro_ansi_mykey/aw20216.o
                0x0000000008005b58                AW20216_init
 *fill*         0x0000000008005bc6        0x2 
 .text.AW20216_set_color
                0x0000000008005bc8       0x3c .build/obj_gmmk_pro_ansi_mykey/aw20216.o
                0x0000000008005bc8                AW20216_set_color
 .text.AW20216_set_color_all
                0x0000000008005c04       0x1e .build/obj_gmmk_pro_ansi_mykey/aw20216.o
                0x0000000008005c04                AW20216_set_color_all
 *fill*         0x0000000008005c22        0x2 
 .text.AW20216_update_pwm_buffers
                0x0000000008005c24       0x2c .build/obj_gmmk_pro_ansi_mykey/aw20216.o
                0x0000000008005c24                AW20216_update_pwm_buffers
 .text.handleKeycodeRGB
                0x0000000008005c50        0x6 .build/obj_gmmk_pro_ansi_mykey/quantum/process_keycode/process_rgb.o
 *fill*         0x0000000008005c56        0x2 
 .text.process_rgb
                0x0000000008005c58       0xdc .build/obj_gmmk_pro_ansi_mykey/quantum/process_keycode/process_rgb.o
                0x0000000008005c58                process_rgb
 .text.encoder_update_kb
                0x0000000008005d34        0x8 .build/obj_gmmk_pro_ansi_mykey/quantum/encoder.o
                0x0000000008005d34                encoder_update_kb
 .text.encoder_init
                0x0000000008005d3c       0x3c .build/obj_gmmk_pro_ansi_mykey/quantum/encoder.o
                0x0000000008005d3c                encoder_init
 .text.encoder_read
                0x0000000008005d78       0x90 .build/obj_gmmk_pro_ansi_mykey/quantum/encoder.o
                0x0000000008005d78                encoder_read
 .text.via_eeprom_is_valid
                0x0000000008005e08       0x2a .build/obj_gmmk_pro_ansi_mykey/quantum/via.o
                0x0000000008005e08                via_eeprom_is_valid
 .text.via_eeprom_set_valid
                0x0000000008005e32       0x32 .build/obj_gmmk_pro_ansi_mykey/quantum/via.o
                0x0000000008005e32                via_eeprom_set_valid
 .text.via_eeprom_reset
                0x0000000008005e64       0x10 .build/obj_gmmk_pro_ansi_mykey/quantum/via.o
                0x0000000008005e64                via_eeprom_reset
 .text.via_init_kb
                0x0000000008005e74        0x2 .build/obj_gmmk_pro_ansi_mykey/quantum/via.o
                0x0000000008005e74                via_init_kb
 .text.via_get_layout_options
                0x0000000008005e76        0xa .build/obj_gmmk_pro_ansi_mykey/quantum/via.o
                0x0000000008005e76                via_get_layout_options
 .text.via_set_layout_options
                0x0000000008005e80        0x8 .build/obj_gmmk_pro_ansi_mykey/quantum/via.o
                0x0000000008005e80                via_set_layout_options
 .text.via_init
                0x0000000008005e88       0x24 .build/obj_gmmk_pro_ansi_mykey/quantum/via.o
                0x0000000008005e88                via_init
 .text.process_record_via
                0x0000000008005eac       0x6e .build/obj_gmmk_pro_ansi_mykey/quantum/via.o
                0x0000000008005eac                process_record_via
 .text.raw_hid_receive_kb
                0x0000000008005f1a        0x6 .build/obj_gmmk_pro_ansi_mykey/quantum/via.o
                0x0000000008005f1a                raw_hid_receive_kb
 .text.raw_hid_receive
                0x0000000008005f20      0x126 .build/obj_gmmk_pro_ansi_mykey/quantum/via.o
                0x0000000008005f20                raw_hid_receive
 .text.dynamic_keymap_get_layer_count
                0x0000000008006046        0x4 .build/obj_gmmk_pro_ansi_mykey/quantum/dynamic_keymap.o
                0x0000000008006046                dynamic_keymap_get_layer_count
 .text.dynamic_keymap_key_to_eeprom_address
                0x000000000800604a       0x10 .build/obj_gmmk_pro_ansi_mykey/quantum/dynamic_keymap.o
                0x000000000800604a                dynamic_keymap_key_to_eeprom_address
 .text.dynamic_keymap_get_keycode
                0x000000000800605a       0x1c .build/obj_gmmk_pro_ansi_mykey/quantum/dynamic_keymap.o
                0x000000000800605a                dynamic_keymap_get_keycode
 .text.dynamic_keymap_set_keycode
                0x0000000008006076       0x1c .build/obj_gmmk_pro_ansi_mykey/quantum/dynamic_keymap.o
                0x0000000008006076                dynamic_keymap_set_keycode
 *fill*         0x0000000008006092        0x2 
 .text.dynamic_keymap_reset
                0x0000000008006094       0x50 .build/obj_gmmk_pro_ansi_mykey/quantum/dynamic_keymap.o
                0x0000000008006094                dynamic_keymap_reset
 .text.dynamic_keymap_get_buffer
                0x00000000080060e4       0x2e .build/obj_gmmk_pro_ansi_mykey/quantum/dynamic_keymap.o
                0x00000000080060e4                dynamic_keymap_get_buffer
 .text.dynamic_keymap_set_buffer
                0x0000000008006112       0x28 .build/obj_gmmk_pro_ansi_mykey/quantum/dynamic_keymap.o
                0x0000000008006112                dynamic_keymap_set_buffer
 .text.keymap_key_to_keycode
                0x000000000800613a       0x26 .build/obj_gmmk_pro_ansi_mykey/quantum/dynamic_keymap.o
                0x000000000800613a                keymap_key_to_keycode
 .text.dynamic_keymap_macro_get_count
                0x0000000008006160        0x4 .build/obj_gmmk_pro_ansi_mykey/quantum/dynamic_keymap.o
                0x0000000008006160                dynamic_keymap_macro_get_count
 .text.dynamic_keymap_macro_get_buffer_size
                0x0000000008006164        0x6 .build/obj_gmmk_pro_ansi_mykey/quantum/dynamic_keymap.o
                0x0000000008006164                dynamic_keymap_macro_get_buffer_size
 .text.dynamic_keymap_macro_get_buffer
                0x000000000800616a       0x2e .build/obj_gmmk_pro_ansi_mykey/quantum/dynamic_keymap.o
                0x000000000800616a                dynamic_keymap_macro_get_buffer
 .text.dynamic_keymap_macro_set_buffer
                0x0000000008006198       0x28 .build/obj_gmmk_pro_ansi_mykey/quantum/dynamic_keymap.o
                0x0000000008006198                dynamic_keymap_macro_set_buffer
 .text.dynamic_keymap_macro_reset
                0x00000000080061c0       0x18 .build/obj_gmmk_pro_ansi_mykey/quantum/dynamic_keymap.o
                0x00000000080061c0                dynamic_keymap_macro_reset
 .text.dynamic_keymap_macro_send
                0x00000000080061d8       0x6e .build/obj_gmmk_pro_ansi_mykey/quantum/dynamic_keymap.o
                0x00000000080061d8                dynamic_keymap_macro_send
 *fill*         0x0000000008006246        0x2 
 .text.perform_space_cadet
                0x0000000008006248       0xb8 .build/obj_gmmk_pro_ansi_mykey/quantum/process_keycode/process_space_cadet.o
                0x0000000008006248                perform_space_cadet
 .text.process_space_cadet
                0x0000000008006300       0xb4 .build/obj_gmmk_pro_ansi_mykey/quantum/process_keycode/process_space_cadet.o
                0x0000000008006300                process_space_cadet
 .text.process_magic
                0x00000000080063b4      0x1b4 .build/obj_gmmk_pro_ansi_mykey/quantum/process_keycode/process_magic.o
                0x00000000080063b4                process_magic
 .text.process_grave_esc
                0x0000000008006568       0x5c .build/obj_gmmk_pro_ansi_mykey/quantum/process_keycode/process_grave_esc.o
                0x0000000008006568                process_grave_esc
 .text.dynamic_macro_record_start_user
                0x00000000080065c4        0x2 .build/obj_gmmk_pro_ansi_mykey/quantum/process_keycode/process_dynamic_macro.o
                0x00000000080065c4                dynamic_macro_record_start_user
 .text.dynamic_macro_play_user
                0x00000000080065c6        0x2 .build/obj_gmmk_pro_ansi_mykey/quantum/process_keycode/process_dynamic_macro.o
                0x00000000080065c6                dynamic_macro_play_user
 .text.dynamic_macro_record_key_user
                0x00000000080065c8        0x2 .build/obj_gmmk_pro_ansi_mykey/quantum/process_keycode/process_dynamic_macro.o
                0x00000000080065c8                dynamic_macro_record_key_user
 .text.dynamic_macro_record_end_user
                0x00000000080065ca        0x2 .build/obj_gmmk_pro_ansi_mykey/quantum/process_keycode/process_dynamic_macro.o
                0x00000000080065ca                dynamic_macro_record_end_user
 .text.dynamic_macro_record_start
                0x00000000080065cc       0x2c .build/obj_gmmk_pro_ansi_mykey/quantum/process_keycode/process_dynamic_macro.o
                0x00000000080065cc                dynamic_macro_record_start
 .text.dynamic_macro_play
                0x00000000080065f8       0x60 .build/obj_gmmk_pro_ansi_mykey/quantum/process_keycode/process_dynamic_macro.o
                0x00000000080065f8                dynamic_macro_play
 .text.dynamic_macro_record_key
                0x0000000008006658       0x94 .build/obj_gmmk_pro_ansi_mykey/quantum/process_keycode/process_dynamic_macro.o
                0x0000000008006658                dynamic_macro_record_key
 .text.dynamic_macro_record_end
                0x00000000080066ec       0x70 .build/obj_gmmk_pro_ansi_mykey/quantum/process_keycode/process_dynamic_macro.o
                0x00000000080066ec                dynamic_macro_record_end
 .text.process_dynamic_macro
                0x000000000800675c       0xec .build/obj_gmmk_pro_ansi_mykey/quantum/process_keycode/process_dynamic_macro.o
                0x000000000800675c                process_dynamic_macro
 .text.process_tap_dance_action_on_dance_finished.part.0
                0x0000000008006848       0x2a .build/obj_gmmk_pro_ansi_mykey/quantum/process_keycode/process_tap_dance.o
 .text.qk_tap_dance_pair_on_each_tap
                0x0000000008006872       0x16 .build/obj_gmmk_pro_ansi_mykey/quantum/process_keycode/process_tap_dance.o
                0x0000000008006872                qk_tap_dance_pair_on_each_tap
 .text.qk_tap_dance_pair_finished
                0x0000000008006888       0x16 .build/obj_gmmk_pro_ansi_mykey/quantum/process_keycode/process_tap_dance.o
                0x0000000008006888                qk_tap_dance_pair_finished
 .text.qk_tap_dance_pair_reset
                0x000000000800689e       0x16 .build/obj_gmmk_pro_ansi_mykey/quantum/process_keycode/process_tap_dance.o
                0x000000000800689e                qk_tap_dance_pair_reset
 .text.reset_tap_dance
                0x00000000080068b4       0x50 .build/obj_gmmk_pro_ansi_mykey/quantum/process_keycode/process_tap_dance.o
                0x00000000080068b4                reset_tap_dance
 .text.preprocess_tap_dance
                0x0000000008006904       0x6c .build/obj_gmmk_pro_ansi_mykey/quantum/process_keycode/process_tap_dance.o
                0x0000000008006904                preprocess_tap_dance
 .text.process_tap_dance
                0x0000000008006970       0x88 .build/obj_gmmk_pro_ansi_mykey/quantum/process_keycode/process_tap_dance.o
                0x0000000008006970                process_tap_dance
 .text.tap_dance_task
                0x00000000080069f8       0x64 .build/obj_gmmk_pro_ansi_mykey/quantum/process_keycode/process_tap_dance.o
                0x00000000080069f8                tap_dance_task
 .text.spi_init
                0x0000000008006a5c       0x74 .build/obj_gmmk_pro_ansi_mykey/spi_master.a(spi_master.o)
                0x0000000008006a5c                spi_init
 .text.spi_start
                0x0000000008006ad0       0xe8 .build/obj_gmmk_pro_ansi_mykey/spi_master.a(spi_master.o)
                0x0000000008006ad0                spi_start
 .text.spi_transmit
                0x0000000008006bb8       0x14 .build/obj_gmmk_pro_ansi_mykey/spi_master.a(spi_master.o)
                0x0000000008006bb8                spi_transmit
 .text.spi_stop
                0x0000000008006bcc       0x28 .build/obj_gmmk_pro_ansi_mykey/spi_master.a(spi_master.o)
                0x0000000008006bcc                spi_stop
 .text.host_set_driver
                0x0000000008006bf4        0xc .build/obj_gmmk_pro_ansi_mykey/common/host.o
                0x0000000008006bf4                host_set_driver
 .text.host_keyboard_leds
                0x0000000008006c00       0x10 .build/obj_gmmk_pro_ansi_mykey/common/host.o
                0x0000000008006c00                host_keyboard_leds
 .text.host_keyboard_send
                0x0000000008006c10       0x84 .build/obj_gmmk_pro_ansi_mykey/common/host.o
                0x0000000008006c10                host_keyboard_send
 .text.host_mouse_send
                0x0000000008006c94       0x14 .build/obj_gmmk_pro_ansi_mykey/common/host.o
                0x0000000008006c94                host_mouse_send
 .text.host_system_send
                0x0000000008006ca8       0x20 .build/obj_gmmk_pro_ansi_mykey/common/host.o
                0x0000000008006ca8                host_system_send
 .text.host_consumer_send
                0x0000000008006cc8       0x20 .build/obj_gmmk_pro_ansi_mykey/common/host.o
                0x0000000008006cc8                host_consumer_send
 .text.last_matrix_activity_trigger
                0x0000000008006ce8       0x18 .build/obj_gmmk_pro_ansi_mykey/common/keyboard.o
                0x0000000008006ce8                last_matrix_activity_trigger
 .text.last_encoder_activity_trigger
                0x0000000008006d00       0x18 .build/obj_gmmk_pro_ansi_mykey/common/keyboard.o
                0x0000000008006d00                last_encoder_activity_trigger
 .text.matrix_setup
                0x0000000008006d18        0x2 .build/obj_gmmk_pro_ansi_mykey/common/keyboard.o
                0x0000000008006d18                matrix_setup
 .text.keyboard_pre_init_user
                0x0000000008006d1a        0x2 .build/obj_gmmk_pro_ansi_mykey/common/keyboard.o
                0x0000000008006d1a                keyboard_pre_init_user
 .text.keyboard_pre_init_kb
                0x0000000008006d1c        0x8 .build/obj_gmmk_pro_ansi_mykey/common/keyboard.o
                0x0000000008006d1c                keyboard_pre_init_kb
 .text.keyboard_post_init_kb
                0x0000000008006d24        0x8 .build/obj_gmmk_pro_ansi_mykey/common/keyboard.o
                0x0000000008006d24                keyboard_post_init_kb
 .text.keyboard_setup
                0x0000000008006d2c       0x1c .build/obj_gmmk_pro_ansi_mykey/common/keyboard.o
                0x0000000008006d2c                keyboard_setup
 .text.is_keyboard_master
                0x0000000008006d48        0x4 .build/obj_gmmk_pro_ansi_mykey/common/keyboard.o
                0x0000000008006d48                is_keyboard_master
 .text.should_process_keypress
                0x0000000008006d4c        0x8 .build/obj_gmmk_pro_ansi_mykey/common/keyboard.o
                0x0000000008006d4c                should_process_keypress
 .text.housekeeping_task_kb
                0x0000000008006d54        0x2 .build/obj_gmmk_pro_ansi_mykey/common/keyboard.o
                0x0000000008006d54                housekeeping_task_kb
 .text.housekeeping_task_user
                0x0000000008006d56        0x2 .build/obj_gmmk_pro_ansi_mykey/common/keyboard.o
                0x0000000008006d56                housekeeping_task_user
 .text.housekeeping_task
                0x0000000008006d58        0xc .build/obj_gmmk_pro_ansi_mykey/common/keyboard.o
                0x0000000008006d58                housekeeping_task
 .text.keyboard_init
                0x0000000008006d64       0x18 .build/obj_gmmk_pro_ansi_mykey/common/keyboard.o
                0x0000000008006d64                keyboard_init
 .text.keyboard_set_leds
                0x0000000008006d7c       0x4c .build/obj_gmmk_pro_ansi_mykey/common/keyboard.o
                0x0000000008006d7c                keyboard_set_leds
 .text.keyboard_task
                0x0000000008006dc8      0x118 .build/obj_gmmk_pro_ansi_mykey/common/keyboard.o
                0x0000000008006dc8                keyboard_task
 .text.action_exec
                0x0000000008006ee0       0x52 .build/obj_gmmk_pro_ansi_mykey/common/action.o
                0x0000000008006ee0                action_exec
 .text.process_record_tap_hint
                0x0000000008006f32        0x6 .build/obj_gmmk_pro_ansi_mykey/common/action.o
                0x0000000008006f32                process_record_tap_hint
 .text.register_code
                0x0000000008006f38      0x108 .build/obj_gmmk_pro_ansi_mykey/common/action.o
                0x0000000008006f38                register_code
 .text.unregister_code
                0x0000000008007040       0xba .build/obj_gmmk_pro_ansi_mykey/common/action.o
                0x0000000008007040                unregister_code
 .text.tap_code_delay
                0x00000000080070fa       0x22 .build/obj_gmmk_pro_ansi_mykey/common/action.o
                0x00000000080070fa                tap_code_delay
 .text.tap_code
                0x000000000800711c        0xc .build/obj_gmmk_pro_ansi_mykey/common/action.o
                0x000000000800711c                tap_code
 .text.register_mods
                0x0000000008007128       0x12 .build/obj_gmmk_pro_ansi_mykey/common/action.o
                0x0000000008007128                register_mods
 .text.unregister_mods
                0x000000000800713a       0x12 .build/obj_gmmk_pro_ansi_mykey/common/action.o
                0x000000000800713a                unregister_mods
 .text.process_action
                0x000000000800714c      0x39c .build/obj_gmmk_pro_ansi_mykey/common/action.o
                0x000000000800714c                process_action
 .text.process_record_handler
                0x00000000080074e8       0x26 .build/obj_gmmk_pro_ansi_mykey/common/action.o
                0x00000000080074e8                process_record_handler
 .text.process_record
                0x000000000800750e       0x46 .build/obj_gmmk_pro_ansi_mykey/common/action.o
                0x000000000800750e                process_record
 .text.register_weak_mods
                0x0000000008007554       0x12 .build/obj_gmmk_pro_ansi_mykey/common/action.o
                0x0000000008007554                register_weak_mods
 .text.unregister_weak_mods
                0x0000000008007566       0x12 .build/obj_gmmk_pro_ansi_mykey/common/action.o
                0x0000000008007566                unregister_weak_mods
 .text.clear_keyboard_but_mods_and_keys
                0x0000000008007578       0x26 .build/obj_gmmk_pro_ansi_mykey/common/action.o
                0x0000000008007578                clear_keyboard_but_mods_and_keys
 .text.clear_keyboard_but_mods
                0x000000000800759e        0xe .build/obj_gmmk_pro_ansi_mykey/common/action.o
                0x000000000800759e                clear_keyboard_but_mods
 .text.clear_keyboard
                0x00000000080075ac        0xe .build/obj_gmmk_pro_ansi_mykey/common/action.o
                0x00000000080075ac                clear_keyboard
 .text.is_tap_action
                0x00000000080075ba       0x4e .build/obj_gmmk_pro_ansi_mykey/common/action.o
                0x00000000080075ba                is_tap_action
 .text.is_tap_record
                0x0000000008007608       0x10 .build/obj_gmmk_pro_ansi_mykey/common/action.o
                0x0000000008007608                is_tap_record
 .text.debug_event
                0x0000000008007618        0xc .build/obj_gmmk_pro_ansi_mykey/common/action.o
                0x0000000008007618                debug_event
 .text.debug_record
                0x0000000008007624        0xc .build/obj_gmmk_pro_ansi_mykey/common/action.o
                0x0000000008007624                debug_record
 .text.debug_waiting_buffer
                0x0000000008007630       0x34 .build/obj_gmmk_pro_ansi_mykey/common/action_tapping.o
 .text.debug_tapping_key
                0x0000000008007664       0x10 .build/obj_gmmk_pro_ansi_mykey/common/action_tapping.o
 .text.waiting_buffer_scan_tap
                0x0000000008007674       0x98 .build/obj_gmmk_pro_ansi_mykey/common/action_tapping.o
 .text.process_tapping
                0x000000000800770c      0x2b0 .build/obj_gmmk_pro_ansi_mykey/common/action_tapping.o
 .text.action_tapping_process
                0x00000000080079bc       0xd0 .build/obj_gmmk_pro_ansi_mykey/common/action_tapping.o
                0x00000000080079bc                action_tapping_process
 .text.action_macro_play
                0x0000000008007a8c       0xb4 .build/obj_gmmk_pro_ansi_mykey/common/action_macro.o
                0x0000000008007a8c                action_macro_play
 .text.default_layer_state_set_user
                0x0000000008007b40        0x2 .build/obj_gmmk_pro_ansi_mykey/common/action_layer.o
                0x0000000008007b40                default_layer_state_set_user
 .text.default_layer_state_set_kb
                0x0000000008007b42        0x8 .build/obj_gmmk_pro_ansi_mykey/common/action_layer.o
                0x0000000008007b42                default_layer_state_set_kb
 *fill*         0x0000000008007b4a        0x2 
 .text.default_layer_state_set
                0x0000000008007b4c       0x18 .build/obj_gmmk_pro_ansi_mykey/common/action_layer.o
 .text.default_layer_debug
                0x0000000008007b64        0x2 .build/obj_gmmk_pro_ansi_mykey/common/action_layer.o
                0x0000000008007b64                default_layer_debug
 .text.default_layer_set
                0x0000000008007b66        0x4 .build/obj_gmmk_pro_ansi_mykey/common/action_layer.o
                0x0000000008007b66                default_layer_set
 *fill*         0x0000000008007b6a        0x2 
 .text.default_layer_or
                0x0000000008007b6c       0x10 .build/obj_gmmk_pro_ansi_mykey/common/action_layer.o
                0x0000000008007b6c                default_layer_or
 .text.default_layer_and
                0x0000000008007b7c       0x10 .build/obj_gmmk_pro_ansi_mykey/common/action_layer.o
                0x0000000008007b7c                default_layer_and
 .text.default_layer_xor
                0x0000000008007b8c       0x10 .build/obj_gmmk_pro_ansi_mykey/common/action_layer.o
                0x0000000008007b8c                default_layer_xor
 .text.layer_state_set_user
                0x0000000008007b9c        0x2 .build/obj_gmmk_pro_ansi_mykey/common/action_layer.o
                0x0000000008007b9c                layer_state_set_user
 .text.layer_state_set_kb
                0x0000000008007b9e        0x8 .build/obj_gmmk_pro_ansi_mykey/common/action_layer.o
                0x0000000008007b9e                layer_state_set_kb
 *fill*         0x0000000008007ba6        0x2 
 .text.layer_state_set
                0x0000000008007ba8       0x18 .build/obj_gmmk_pro_ansi_mykey/common/action_layer.o
                0x0000000008007ba8                layer_state_set
 .text.layer_clear
                0x0000000008007bc0        0x6 .build/obj_gmmk_pro_ansi_mykey/common/action_layer.o
                0x0000000008007bc0                layer_clear
 .text.layer_move
                0x0000000008007bc6        0xc .build/obj_gmmk_pro_ansi_mykey/common/action_layer.o
                0x0000000008007bc6                layer_move
 *fill*         0x0000000008007bd2        0x2 
 .text.layer_on
                0x0000000008007bd4       0x18 .build/obj_gmmk_pro_ansi_mykey/common/action_layer.o
                0x0000000008007bd4                layer_on
 .text.layer_off
                0x0000000008007bec       0x18 .build/obj_gmmk_pro_ansi_mykey/common/action_layer.o
                0x0000000008007bec                layer_off
 .text.layer_invert
                0x0000000008007c04       0x18 .build/obj_gmmk_pro_ansi_mykey/common/action_layer.o
                0x0000000008007c04                layer_invert
 .text.layer_or
                0x0000000008007c1c       0x10 .build/obj_gmmk_pro_ansi_mykey/common/action_layer.o
                0x0000000008007c1c                layer_or
 .text.layer_and
                0x0000000008007c2c       0x10 .build/obj_gmmk_pro_ansi_mykey/common/action_layer.o